{"ts": 1788400542.037316, "client": "drafter-grok43", "model": "x-ai/grok-4.3", "tag": "draft:1992-109:baseline", "in_tokens": 5255, "out_tokens": 917, "est_cost": 0.00866, "latency_ms": 10081}
{"ts": 1788400561.988916, "client": "drafter-grok43", "model": "x-ai/grok-4.3", "tag": "draft:2012-006:baseline", "in_tokens": 5012, "out_tokens": 906, "est_cost": 0.008328, "latency_ms": 6313}
{"ts": 1788400563.223727, "client": "drafter-grok43", "model": "x-ai/grok-4.3", "tag": "draft:1992-109:quota", "in_tokens": 5265, "out_tokens": 1270, "est_cost": 0.009555, "latency_ms": 7492}
{"ts": 1788400564.003851, "client": "drafter-grok43", "model": "x-ai/grok-4.3", "tag": "draft:2014-024:baseline", "in_tokens": 5048, "out_tokens": 933, "est_cost": 0.008441, "latency_ms": 8329}
{"ts": 1788400564.028809, "client": "drafter-grok43", "model": "x-ai/grok-4.3", "tag": "draft:2015-066:baseline", "in_tokens": 5343, "out_tokens": 1088, "est_cost": 0.009197, "latency_ms": 8354}
{"ts": 1788400566.383827, "client": "drafter-grok43", "model": "x-ai/grok-4.3", "tag": "draft:2000-087:baseline", "in_tokens": 4908, "out_tokens": 1249, "est_cost": 0.009056, "latency_ms": 10709}
{"ts": 1788400567.801058, "client": "drafter-grok43", "model": "x-ai/grok-4.3", "tag": "draft:1999-033:baseline", "in_tokens": 5028, "out_tokens": 1342, "est_cost": 0.009438, "latency_ms": 12126}
{"ts": 1788400567.981052, "client": "drafter-grok43", "model": "x-ai/grok-4.3", "tag": "draft:2012-031:baseline", "in_tokens": 4894, "out_tokens": 1095, "est_cost": 0.008653, "latency_ms": 12302}
{"ts": 1788400568.829354, "client": "drafter-grok43", "model": "x-ai/grok-4.3", "tag": "draft:2019-024:baseline", "in_tokens": 4981, "out_tokens": 1414, "est_cost": 0.00956, "latency_ms": 13154}
{"ts": 1788400571.277247, "client": "drafter-grok43", "model": "x-ai/grok-4.3", "tag": "draft:2015-066:quota", "in_tokens": 5353, "out_tokens": 1336, "est_cost": 0.00983, "latency_ms": 7158}
{"ts": 1788400572.21696, "client": "drafter-grok43", "model": "x-ai/grok-4.3", "tag": "draft:2014-024:quota", "in_tokens": 5058, "out_tokens": 1380, "est_cost": 0.009571, "latency_ms": 8121}
{"ts": 1788400573.8302999, "client": "drafter-grok43", "model": "x-ai/grok-4.3", "tag": "draft:2012-006:quota", "in_tokens": 5022, "out_tokens": 1444, "est_cost": 0.009686, "latency_ms": 11744}
{"ts": 1788400577.49407, "client": "drafter-grok43", "model": "x-ai/grok-4.3", "tag": "draft:1992-109:temporal", "in_tokens": 5281, "out_tokens": 993, "est_cost": 0.008882, "latency_ms": 14239}
{"ts": 1788400578.7792718, "client": "drafter-grok43", "model": "x-ai/grok-4.3", "tag": "draft:2000-087:quota", "in_tokens": 4918, "out_tokens": 1291, "est_cost": 0.009106, "latency_ms": 12333}
{"ts": 1788400579.71361, "client": "drafter-grok43", "model": "x-ai/grok-4.3", "tag": "draft:2012-031:quota", "in_tokens": 4904, "out_tokens": 1451, "est_cost": 0.009556, "latency_ms": 11614}
{"ts": 1788400581.4725068, "client": "drafter-grok43", "model": "x-ai/grok-4.3", "tag": "draft:1999-033:quota", "in_tokens": 5038, "out_tokens": 1300, "est_cost": 0.009346, "latency_ms": 13619}
{"ts": 1788400583.728178, "client": "drafter-grok43", "model": "x-ai/grok-4.3", "tag": "draft:2012-006:temporal", "in_tokens": 5038, "out_tokens": 1173, "est_cost": 0.009028, "latency_ms": 9872}
{"ts": 1788400584.0235431, "client": "drafter-grok43", "model": "x-ai/grok-4.3", "tag": "draft:1992-109:stakes", "in_tokens": 5284, "out_tokens": 920, "est_cost": 0.008703, "latency_ms": 6514}
{"ts": 1788400588.016193, "client": "drafter-grok43", "model": "x-ai/grok-4.3", "tag": "draft:2015-066:temporal", "in_tokens": 5369, "out_tokens": 1467, "est_cost": 0.010177, "latency_ms": 16686}
{"ts": 1788400589.149587, "client": "drafter-grok43", "model": "x-ai/grok-4.3", "tag": "draft:2019-024:quota", "in_tokens": 4991, "out_tokens": 1555, "est_cost": 0.009925, "latency_ms": 20279}
{"ts": 1788400590.472065, "client": "drafter-grok43", "model": "x-ai/grok-4.3", "tag": "draft:2000-087:temporal", "in_tokens": 4934, "out_tokens": 1121, "est_cost": 0.008768, "latency_ms": 11626}
{"ts": 1788400591.200774, "client": "drafter-grok43", "model": "x-ai/grok-4.3", "tag": "draft:2012-006:stakes", "in_tokens": 5041, "out_tokens": 1202, "est_cost": 0.009105, "latency_ms": 7427}
{"ts": 1788400592.5871282, "client": "drafter-grok43", "model": "x-ai/grok-4.3", "tag": "draft:2014-024:temporal", "in_tokens": 5074, "out_tokens": 1324, "est_cost": 0.009451, "latency_ms": 20288}
{"ts": 1788400593.10639, "client": "drafter-grok43", "model": "x-ai/grok-4.3", "tag": "draft:1999-033:temporal", "in_tokens": 5054, "out_tokens": 1295, "est_cost": 0.004313, "latency_ms": 11580}
{"ts": 1788400595.175714, "client": "drafter-grok43", "model": "x-ai/grok-4.3", "tag": "draft:1992-109:combo", "in_tokens": 5320, "out_tokens": 1460, "est_cost": 0.010098, "latency_ms": 11107}
{"ts": 1788400596.435078, "client": "drafter-grok43", "model": "x-ai/grok-4.3", "tag": "draft:2012-031:temporal", "in_tokens": 4920, "out_tokens": 1967, "est_cost": 0.010866, "latency_ms": 16590}
{"ts": 1788400597.7467961, "client": "drafter-grok43", "model": "x-ai/grok-4.3", "tag": "draft:2015-066:stakes", "in_tokens": 5372, "out_tokens": 1216, "est_cost": 0.009553, "latency_ms": 9689}
{"ts": 1788400601.217659, "client": "drafter-grok43", "model": "x-ai/grok-4.3", "tag": "draft:2014-024:stakes", "in_tokens": 5077, "out_tokens": 1115, "est_cost": 0.008932, "latency_ms": 8576}
{"ts": 1788400602.952228, "client": "drafter-grok43", "model": "x-ai/grok-4.3", "tag": "draft:2012-031:stakes", "in_tokens": 4923, "out_tokens": 992, "est_cost": 0.008432, "latency_ms": 6481}
{"ts": 1788400603.069382, "client": "drafter-grok43", "model": "x-ai/grok-4.3", "tag": "draft:2012-006:combo", "in_tokens": 5077, "out_tokens": 1485, "est_cost": 0.00979, "latency_ms": 11838}
{"ts": 1788400603.54516, "client": "drafter-grok43", "model": "x-ai/grok-4.3", "tag": "draft:2009-045:baseline", "in_tokens": 5463, "out_tokens": 1223, "est_cost": 0.009685, "latency_ms": 8333}
{"ts": 1788400603.577152, "client": "drafter-grok43", "model": "x-ai/grok-4.3", "tag": "draft:2019-024:temporal", "in_tokens": 5007, "out_tokens": 1511, "est_cost": 0.009835, "latency_ms": 14360}
{"ts": 1788400605.5284429, "client": "drafter-grok43", "model": "x-ai/grok-4.3", "tag": "draft:2000-087:stakes", "in_tokens": 4937, "out_tokens": 1963, "est_cost": 0.01081, "latency_ms": 15023}
{"ts": 1788400609.2325919, "client": "drafter-grok43", "model": "x-ai/grok-4.3", "tag": "draft:2015-066:combo", "in_tokens": 5408, "out_tokens": 1477, "est_cost": 0.010251, "latency_ms": 11436}
{"ts": 1788400609.9531798, "client": "drafter-grok43", "model": "x-ai/grok-4.3", "tag": "draft:1999-033:stakes", "in_tokens": 5057, "out_tokens": 1656, "est_cost": 0.010192, "latency_ms": 16799}
{"ts": 1788400609.963991, "client": "drafter-grok43", "model": "x-ai/grok-4.3", "tag": "draft:1998-026:baseline", "in_tokens": 1733, "out_tokens": 1084, "est_cost": 0.004675, "latency_ms": 6853}
{"ts": 1788400612.9509919, "client": "drafter-grok43", "model": "x-ai/grok-4.3", "tag": "draft:2012-031:combo", "in_tokens": 4959, "out_tokens": 1838, "est_cost": 0.010592, "latency_ms": 9943}
{"ts": 1788400613.196592, "client": "drafter-grok43", "model": "x-ai/grok-4.3", "tag": "draft:2019-024:stakes", "in_tokens": 5010, "out_tokens": 1234, "est_cost": 0.009079, "latency_ms": 9592}
{"ts": 1788400613.361932, "client": "drafter-grok43", "model": "x-ai/grok-4.3", "tag": "draft:2014-024:combo", "in_tokens": 5113, "out_tokens": 1567, "est_cost": 0.010107, "latency_ms": 12089}
{"ts": 1788400613.837656, "client": "drafter-grok43", "model": "x-ai/grok-4.3", "tag": "draft:2009-045:quota", "in_tokens": 5473, "out_tokens": 1441, "est_cost": 0.010175, "latency_ms": 10217}
{"ts": 1788400614.5827358, "client": "drafter-grok43", "model": "x-ai/grok-4.3", "tag": "draft:2000-087:combo", "in_tokens": 4973, "out_tokens": 1594, "est_cost": 0.01, "latency_ms": 8979}
{"ts": 1788400616.99793, "client": "drafter-grok43", "model": "x-ai/grok-4.3", "tag": "draft:2015-038:baseline", "in_tokens": 5199, "out_tokens": 1165, "est_cost": 0.00921, "latency_ms": 7703}
{"ts": 1788400618.649659, "client": "drafter-grok43", "model": "x-ai/grok-4.3", "tag": "draft:1999-033:combo", "in_tokens": 5093, "out_tokens": 1453, "est_cost": 0.009797, "latency_ms": 8663}
{"ts": 1788400618.694796, "client": "drafter-grok43", "model": "x-ai/grok-4.3", "tag": "draft:2011-010:baseline", "in_tokens": 5769, "out_tokens": 1022, "est_cost": 0.009565, "latency_ms": 5676}
{"ts": 1788400621.178019, "client": "drafter-grok43", "model": "x-ai/grok-4.3", "tag": "draft:2013-068:baseline", "in_tokens": 4996, "out_tokens": 992, "est_cost": 0.008456, "latency_ms": 6553}
{"ts": 1788400621.589953, "client": "drafter-grok43", "model": "x-ai/grok-4.3", "tag": "draft:1990-075:baseline", "in_tokens": 5109, "out_tokens": 1044, "est_cost": 0.008727, "latency_ms": 8180}
{"ts": 1788400622.8453052, "client": "drafter-grok43", "model": "x-ai/grok-4.3", "tag": "draft:1998-026:quota", "in_tokens": 1743, "out_tokens": 1541, "est_cost": 0.00583, "latency_ms": 12851}
{"ts": 1788400622.930159, "client": "drafter-grok43", "model": "x-ai/grok-4.3", "tag": "draft:2009-045:temporal", "in_tokens": 5489, "out_tokens": 1471, "est_cost": 0.01027, "latency_ms": 8972}
{"ts": 1788400627.08127, "client": "drafter-grok43", "model": "x-ai/grok-4.3", "tag": "draft:2019-024:combo", "in_tokens": 5046, "out_tokens": 1484, "est_cost": 0.009749, "latency_ms": 13857}
{"ts": 1788400627.236366, "client": "drafter-grok43", "model": "x-ai/grok-4.3", "tag": "draft:1990-114:baseline", "in_tokens": 4914, "out_tokens": 1114, "est_cost": 0.008659, "latency_ms": 8499}
{"ts": 1788400630.530399, "client": "drafter-grok43", "model": "x-ai/grok-4.3", "tag": "draft:2015-038:quota", "in_tokens": 5209, "out_tokens": 1548, "est_cost": 0.01018, "latency_ms": 13497}
{"ts": 1788400630.853421, "client": "drafter-grok43", "model": "x-ai/grok-4.3", "tag": "draft:1998-026:temporal", "in_tokens": 1759, "out_tokens": 1323, "est_cost": 0.005305, "latency_ms": 7970}
{"ts": 1788400631.695311, "client": "drafter-grok43", "model": "x-ai/grok-4.3", "tag": "draft:2011-010:quota", "in_tokens": 5779, "out_tokens": 1871, "est_cost": 0.0117, "latency_ms": 12917}
{"ts": 1788400633.9743319, "client": "drafter-grok43", "model": "x-ai/grok-4.3", "tag": "draft:2013-068:quota", "in_tokens": 5006, "out_tokens": 1375, "est_cost": 0.009426, "latency_ms": 12629}
{"ts": 1788400634.403616, "client": "drafter-grok43", "model": "x-ai/grok-4.3", "tag": "draft:1990-114:quota", "in_tokens": 4924, "out_tokens": 1462, "est_cost": 0.009541, "latency_ms": 7100}
{"ts": 1788400634.6749718, "client": "drafter-grok43", "model": "x-ai/grok-4.3", "tag": "draft:1990-075:quota", "in_tokens": 5119, "out_tokens": 1606, "est_cost": 0.010212, "latency_ms": 13034}
{"ts": 1788400635.065333, "client": "drafter-grok43", "model": "x-ai/grok-4.3", "tag": "draft:2009-045:stakes", "in_tokens": 5492, "out_tokens": 1233, "est_cost": 0.009746, "latency_ms": 12108}
{"ts": 1788400639.008826, "client": "drafter-grok43", "model": "x-ai/grok-4.3", "tag": "draft:1998-026:stakes", "in_tokens": 1762, "out_tokens": 1101, "est_cost": 0.004753, "latency_ms": 8135}
{"ts": 1788400639.260038, "client": "drafter-grok43", "model": "x-ai/grok-4.3", "tag": "draft:2011-027:baseline", "in_tokens": 5109, "out_tokens": 1503, "est_cost": 0.009875, "latency_ms": 12135}
{"ts": 1788400643.20458, "client": "drafter-grok43", "model": "x-ai/grok-4.3", "tag": "draft:2015-038:temporal", "in_tokens": 5225, "out_tokens": 1489, "est_cost": 0.009985, "latency_ms": 12591}
{"ts": 1788400644.429791, "client": "drafter-grok43", "model": "x-ai/grok-4.3", "tag": "draft:2013-068:temporal", "in_tokens": 5022, "out_tokens": 1641, "est_cost": 0.010111, "latency_ms": 10393}
{"ts": 1788400646.057518, "client": "drafter-grok43", "model": "x-ai/grok-4.3", "tag": "draft:2011-010:temporal", "in_tokens": 5795, "out_tokens": 1755, "est_cost": 0.01143, "latency_ms": 14245}
{"ts": 1788400646.1603642, "client": "drafter-grok43", "model": "x-ai/grok-4.3", "tag": "draft:1990-075:temporal", "in_tokens": 5135, "out_tokens": 1498, "est_cost": 0.009895, "latency_ms": 11436}
{"ts": 1788400647.505408, "client": "drafter-grok43", "model": "x-ai/grok-4.3", "tag": "draft:2011-027:quota", "in_tokens": 5119, "out_tokens": 1372, "est_cost": 0.00956, "latency_ms": 8218}
{"ts": 1788400648.904574, "client": "drafter-grok43", "model": "x-ai/grok-4.3", "tag": "draft:1990-114:temporal", "in_tokens": 4940, "out_tokens": 1711, "est_cost": 0.010184, "latency_ms": 14389}
{"ts": 1788400650.7266822, "client": "drafter-grok43", "model": "x-ai/grok-4.3", "tag": "draft:1998-026:combo", "in_tokens": 1798, "out_tokens": 1553, "est_cost": 0.005861, "latency_ms": 11701}
{"ts": 1788400653.464287, "client": "drafter-grok43", "model": "x-ai/grok-4.3", "tag": "draft:2013-068:stakes", "in_tokens": 5025, "out_tokens": 1020, "est_cost": 0.00863, "latency_ms": 8981}
{"ts": 1788400655.54756, "client": "drafter-grok43", "model": "x-ai/grok-4.3", "tag": "draft:2011-010:stakes", "in_tokens": 5798, "out_tokens": 1234, "est_cost": 0.010064, "latency_ms": 9457}
{"ts": 1788400655.565123, "client": "drafter-grok43", "model": "x-ai/grok-4.3", "tag": "draft:1990-075:stakes", "in_tokens": 5138, "out_tokens": 1159, "est_cost": 0.009051, "latency_ms": 9377}
{"ts": 1788400655.760294, "client": "drafter-grok43", "model": "x-ai/grok-4.3", "tag": "draft:1997-100:baseline", "in_tokens": 5245, "out_tokens": 736, "est_cost": 0.008127, "latency_ms": 4944}
{"ts": 1788400658.383473, "client": "drafter-grok43", "model": "x-ai/grok-4.3", "tag": "draft:2015-038:stakes", "in_tokens": 5228, "out_tokens": 1332, "est_cost": 0.009596, "latency_ms": 15129}
{"ts": 1788400658.586468, "client": "drafter-grok43", "model": "x-ai/grok-4.3", "tag": "draft:1990-114:stakes", "in_tokens": 4943, "out_tokens": 1198, "est_cost": 0.008905, "latency_ms": 9620}
{"ts": 1788400659.2817569, "client": "drafter-grok43", "model": "x-ai/grok-4.3", "tag": "draft:2011-027:temporal", "in_tokens": 5135, "out_tokens": 1295, "est_cost": 0.004347, "latency_ms": 11732}
{"ts": 1788400664.0037062, "client": "drafter-grok43", "model": "x-ai/grok-4.3", "tag": "draft:1997-100:quota", "in_tokens": 5255, "out_tokens": 1104, "est_cost": 0.00906, "latency_ms": 8222}
{"ts": 1788400666.3786, "client": "drafter-grok43", "model": "x-ai/grok-4.3", "tag": "draft:2011-027:stakes", "in_tokens": 5138, "out_tokens": 1152, "est_cost": 0.009101, "latency_ms": 7059}
{"ts": 1788400666.536365, "client": "drafter-grok43", "model": "x-ai/grok-4.3", "tag": "draft:2013-068:combo", "in_tokens": 5061, "out_tokens": 1235, "est_cost": 0.009145, "latency_ms": 12954}
{"ts": 1788400666.8739278, "client": "drafter-grok43", "model": "x-ai/grok-4.3", "tag": "draft:1990-075:combo", "in_tokens": 5174, "out_tokens": 1459, "est_cost": 0.009846, "latency_ms": 11255}
{"ts": 1788400669.7783182, "client": "drafter-grok43", "model": "x-ai/grok-4.3", "tag": "draft:2011-010:combo", "in_tokens": 5834, "out_tokens": 1818, "est_cost": 0.011569, "latency_ms": 14175}
{"ts": 1788400669.8516202, "client": "drafter-grok43", "model": "x-ai/grok-4.3", "tag": "draft:2009-045:combo", "in_tokens": 5528, "out_tokens": 2530, "est_cost": 0.012966, "latency_ms": 34700}
{"ts": 1788400670.273237, "client": "drafter-grok43", "model": "x-ai/grok-4.3", "tag": "draft:2015-038:combo", "in_tokens": 5264, "out_tokens": 1474, "est_cost": 0.004822, "latency_ms": 11843}
{"ts": 1788400671.331862, "client": "drafter-grok43", "model": "x-ai/grok-4.3", "tag": "draft:1990-114:combo", "in_tokens": 4979, "out_tokens": 1850, "est_cost": 0.010647, "latency_ms": 12658}
{"ts": 1788400672.8710039, "client": "drafter-grok43", "model": "x-ai/grok-4.3", "tag": "draft:1997-033:baseline", "in_tokens": 2939, "out_tokens": 1013, "est_cost": 0.006005, "latency_ms": 5944}
{"ts": 1788400673.7792928, "client": "drafter-grok43", "model": "x-ai/grok-4.3", "tag": "draft:1997-100:temporal", "in_tokens": 5271, "out_tokens": 1196, "est_cost": 0.00931, "latency_ms": 9707}
{"ts": 1788400675.540108, "client": "drafter-grok43", "model": "x-ai/grok-4.3", "tag": "draft:2020-060:baseline", "in_tokens": 5482, "out_tokens": 1047, "est_cost": 0.009268, "latency_ms": 8978}
{"ts": 1788400676.716853, "client": "drafter-grok43", "model": "x-ai/grok-4.3", "tag": "draft:2005-074:baseline", "in_tokens": 5594, "out_tokens": 1053, "est_cost": 0.009356, "latency_ms": 6887}
{"ts": 1788400677.949569, "client": "drafter-grok43", "model": "x-ai/grok-4.3", "tag": "draft:1997-046:baseline", "in_tokens": 4943, "out_tokens": 964, "est_cost": 0.008387, "latency_ms": 8080}
{"ts": 1788400680.1147578, "client": "drafter-grok43", "model": "x-ai/grok-4.3", "tag": "draft:2020-058:baseline", "in_tokens": 5359, "out_tokens": 1157, "est_cost": 0.009322, "latency_ms": 9819}
{"ts": 1788400680.585472, "client": "drafter-grok43", "model": "x-ai/grok-4.3", "tag": "draft:2011-027:combo", "in_tokens": 5174, "out_tokens": 1352, "est_cost": 0.009646, "latency_ms": 14184}
{"ts": 1788400681.062936, "client": "drafter-grok43", "model": "x-ai/grok-4.3", "tag": "draft:2020-012:baseline", "in_tokens": 1986, "out_tokens": 1210, "est_cost": 0.005239, "latency_ms": 9664}
{"ts": 1788400682.3648891, "client": "drafter-grok43", "model": "x-ai/grok-4.3", "tag": "draft:1997-100:stakes", "in_tokens": 5274, "out_tokens": 933, "est_cost": 0.008723, "latency_ms": 8534}
{"ts": 1788400688.353369, "client": "drafter-grok43", "model": "x-ai/grok-4.3", "tag": "draft:1997-033:quota", "in_tokens": 2949, "out_tokens": 1695, "est_cost": 0.007655, "latency_ms": 15452}
{"ts": 1788400688.9263859, "client": "drafter-grok43", "model": "x-ai/grok-4.3", "tag": "draft:2016-001:baseline", "in_tokens": 4897, "out_tokens": 909, "est_cost": 0.008192, "latency_ms": 8289}
{"ts": 1788400689.085998, "client": "drafter-grok43", "model": "x-ai/grok-4.3", "tag": "draft:1997-046:quota", "in_tokens": 4953, "out_tokens": 1473, "est_cost": 0.009605, "latency_ms": 11078}
{"ts": 1788400691.151823, "client": "drafter-grok43", "model": "x-ai/grok-4.3", "tag": "draft:2005-074:quota", "in_tokens": 5604, "out_tokens": 1645, "est_cost": 0.010849, "latency_ms": 14378}
{"ts": 1788400693.67453, "client": "drafter-grok43", "model": "x-ai/grok-4.3", "tag": "draft:2020-012:quota", "in_tokens": 1996, "out_tokens": 1587, "est_cost": 0.006194, "latency_ms": 12535}
{"ts": 1788400693.886189, "client": "drafter-grok43", "model": "x-ai/grok-4.3", "tag": "draft:1997-100:combo", "in_tokens": 5310, "out_tokens": 1555, "est_cost": 0.010256, "latency_ms": 11497}
{"ts": 1788400697.016103, "client": "drafter-grok43", "model": "x-ai/grok-4.3", "tag": "draft:1997-046:temporal", "in_tokens": 4969, "out_tokens": 1263, "est_cost": 0.0091, "latency_ms": 7860}
{"ts": 1788400697.606059, "client": "drafter-grok43", "model": "x-ai/grok-4.3", "tag": "draft:2020-060:quota", "in_tokens": 5492, "out_tokens": 1573, "est_cost": 0.010529, "latency_ms": 22003}
{"ts": 1788400697.83887, "client": "drafter-grok43", "model": "x-ai/grok-4.3", "tag": "draft:2016-001:quota", "in_tokens": 4907, "out_tokens": 1605, "est_cost": 0.009877, "latency_ms": 8869}
{"ts": 1788400700.577404, "client": "drafter-grok43", "model": "x-ai/grok-4.3", "tag": "draft:2020-058:quota", "in_tokens": 5369, "out_tokens": 1696, "est_cost": 0.010682, "latency_ms": 20401}
{"ts": 1788400701.822277, "client": "drafter-grok43", "model": "x-ai/grok-4.3", "tag": "draft:2000-071:baseline", "in_tokens": 4773, "out_tokens": 943, "est_cost": 0.008055, "latency_ms": 7907}
{"ts": 1788400702.03289, "client": "drafter-grok43", "model": "x-ai/grok-4.3", "tag": "draft:2005-074:temporal", "in_tokens": 5620, "out_tokens": 1303, "est_cost": 0.010014, "latency_ms": 10801}
{"ts": 1788400704.001409, "client": "drafter-grok43", "model": "x-ai/grok-4.3", "tag": "draft:1997-033:temporal", "in_tokens": 2965, "out_tokens": 1521, "est_cost": 0.00724, "latency_ms": 15577}
{"ts": 1788400704.158849, "client": "drafter-grok43", "model": "x-ai/grok-4.3", "tag": "draft:1997-046:stakes", "in_tokens": 4972, "out_tokens": 914, "est_cost": 0.008231, "latency_ms": 7108}
{"ts": 1788400704.2937212, "client": "drafter-grok43", "model": "x-ai/grok-4.3", "tag": "draft:2016-001:temporal", "in_tokens": 4923, "out_tokens": 971, "est_cost": 0.00838, "latency_ms": 6306}
{"ts": 1788400709.638592, "client": "drafter-grok43", "model": "x-ai/grok-4.3", "tag": "draft:2020-060:temporal", "in_tokens": 5508, "out_tokens": 1336, "est_cost": 0.009956, "latency_ms": 11961}
{"ts": 1788400710.481529, "client": "drafter-grok43", "model": "x-ai/grok-4.3", "tag": "draft:1997-033:stakes", "in_tokens": 2968, "out_tokens": 1068, "est_cost": 0.006111, "latency_ms": 6452}
{"ts": 1788400711.401241, "client": "drafter-grok43", "model": "x-ai/grok-4.3", "tag": "draft:2020-058:temporal", "in_tokens": 5385, "out_tokens": 1248, "est_cost": 0.004274, "latency_ms": 10712}
{"ts": 1788400712.911905, "client": "drafter-grok43", "model": "x-ai/grok-4.3", "tag": "draft:2020-012:temporal", "in_tokens": 2012, "out_tokens": 1839, "est_cost": 0.006911, "latency_ms": 19125}
{"ts": 1788400713.255247, "client": "drafter-grok43", "model": "x-ai/grok-4.3", "tag": "draft:2005-074:stakes", "in_tokens": 5623, "out_tokens": 1185, "est_cost": 0.004145, "latency_ms": 11103}
{"ts": 1788400713.8248792, "client": "drafter-grok43", "model": "x-ai/grok-4.3", "tag": "draft:2000-071:quota", "in_tokens": 4783, "out_tokens": 1580, "est_cost": 0.00966, "latency_ms": 11939}
{"ts": 1788400714.449248, "client": "drafter-grok43", "model": "x-ai/grok-4.3", "tag": "draft:1997-046:combo", "in_tokens": 5008, "out_tokens": 1298, "est_cost": 0.009236, "latency_ms": 10261}
{"ts": 1788400716.289403, "client": "drafter-grok43", "model": "x-ai/grok-4.3", "tag": "draft:2016-001:stakes", "in_tokens": 4926, "out_tokens": 1281, "est_cost": 0.009158, "latency_ms": 11978}
{"ts": 1788400717.8607, "client": "drafter-grok43", "model": "x-ai/grok-4.3", "tag": "draft:2020-060:stakes", "in_tokens": 5511, "out_tokens": 1023, "est_cost": 0.009177, "latency_ms": 8155}
{"ts": 1788400721.2551832, "client": "drafter-grok43", "model": "x-ai/grok-4.3", "tag": "draft:2020-032:baseline", "in_tokens": 5140, "out_tokens": 1209, "est_cost": 0.009246, "latency_ms": 6763}
{"ts": 1788400721.5580852, "client": "drafter-grok43", "model": "x-ai/grok-4.3", "tag": "draft:2020-012:stakes", "in_tokens": 2015, "out_tokens": 1505, "est_cost": 0.006012, "latency_ms": 8594}
{"ts": 1788400721.56545, "client": "drafter-grok43", "model": "x-ai/grok-4.3", "tag": "draft:2020-058:stakes", "in_tokens": 5388, "out_tokens": 1378, "est_cost": 0.009911, "latency_ms": 10109}
{"ts": 1788400721.779381, "client": "drafter-grok43", "model": "x-ai/grok-4.3", "tag": "draft:2000-071:temporal", "in_tokens": 4799, "out_tokens": 1377, "est_cost": 0.00924, "latency_ms": 7850}
{"ts": 1788400723.929224, "client": "drafter-grok43", "model": "x-ai/grok-4.3", "tag": "draft:1997-033:combo", "in_tokens": 3004, "out_tokens": 1670, "est_cost": 0.007728, "latency_ms": 13400}
{"ts": 1788400726.243356, "client": "drafter-grok43", "model": "x-ai/grok-4.3", "tag": "draft:2016-001:combo", "in_tokens": 4962, "out_tokens": 1699, "est_cost": 0.010181, "latency_ms": 9876}
{"ts": 1788400726.263297, "client": "drafter-grok43", "model": "x-ai/grok-4.3", "tag": "draft:2005-074:combo", "in_tokens": 5659, "out_tokens": 1628, "est_cost": 0.005297, "latency_ms": 12965}
{"ts": 1788400730.239736, "client": "drafter-grok43", "model": "x-ai/grok-4.3", "tag": "draft:2020-060:combo", "in_tokens": 5547, "out_tokens": 1946, "est_cost": 0.011597, "latency_ms": 12323}
{"ts": 1788400730.4210482, "client": "drafter-grok43", "model": "x-ai/grok-4.3", "tag": "draft:2000-071:stakes", "in_tokens": 4802, "out_tokens": 979, "est_cost": 0.008181, "latency_ms": 8593}
{"ts": 1788400732.5352268, "client": "drafter-grok43", "model": "x-ai/grok-4.3", "tag": "draft:2020-032:quota", "in_tokens": 5150, "out_tokens": 1450, "est_cost": 0.009794, "latency_ms": 11244}
{"ts": 1788400733.0998971, "client": "drafter-grok43", "model": "x-ai/grok-4.3", "tag": "draft:2010-065:baseline", "in_tokens": 5287, "out_tokens": 863, "est_cost": 0.008497, "latency_ms": 6821}
{"ts": 1788400733.222423, "client": "drafter-grok43", "model": "x-ai/grok-4.3", "tag": "draft:1998-085:baseline", "in_tokens": 4883, "out_tokens": 1138, "est_cost": 0.00868, "latency_ms": 9240}
{"ts": 1788400735.399041, "client": "drafter-grok43", "model": "x-ai/grok-4.3", "tag": "draft:2020-058:combo", "in_tokens": 5424, "out_tokens": 1742, "est_cost": 0.005557, "latency_ms": 13775}
{"ts": 1788400735.5266, "client": "drafter-grok43", "model": "x-ai/grok-4.3", "tag": "draft:2001-013:baseline", "in_tokens": 2928, "out_tokens": 1253, "est_cost": 0.006524, "latency_ms": 9197}
{"ts": 1788400739.4392488, "client": "drafter-grok43", "model": "x-ai/grok-4.3", "tag": "draft:2003-043:baseline", "in_tokens": 4846, "out_tokens": 1176, "est_cost": 0.008729, "latency_ms": 9158}
{"ts": 1788400740.064436, "client": "drafter-grok43", "model": "x-ai/grok-4.3", "tag": "draft:2010-065:quota", "in_tokens": 5297, "out_tokens": 1380, "est_cost": 0.009802, "latency_ms": 6873}
{"ts": 1788400742.478195, "client": "drafter-grok43", "model": "x-ai/grok-4.3", "tag": "draft:1998-085:quota", "in_tokens": 4893, "out_tokens": 1615, "est_cost": 0.009885, "latency_ms": 9221}
{"ts": 1788400742.819505, "client": "drafter-grok43", "model": "x-ai/grok-4.3", "tag": "draft:2020-005:baseline", "in_tokens": 5073, "out_tokens": 1124, "est_cost": 0.00895, "latency_ms": 7366}
{"ts": 1788400745.111609, "client": "drafter-grok43", "model": "x-ai/grok-4.3", "tag": "draft:2020-012:combo", "in_tokens": 2051, "out_tokens": 1664, "est_cost": 0.004641, "latency_ms": 23487}
{"ts": 1788400747.1928818, "client": "drafter-grok43", "model": "x-ai/grok-4.3", "tag": "draft:2020-032:temporal", "in_tokens": 5166, "out_tokens": 1472, "est_cost": 0.009869, "latency_ms": 14595}
{"ts": 1788400747.832536, "client": "drafter-grok43", "model": "x-ai/grok-4.3", "tag": "draft:2010-065:temporal", "in_tokens": 5313, "out_tokens": 899, "est_cost": 0.003378, "latency_ms": 7716}
{"ts": 1788400748.852353, "client": "drafter-grok43", "model": "x-ai/grok-4.3", "tag": "draft:2000-071:combo", "in_tokens": 4838, "out_tokens": 1859, "est_cost": 0.005722, "latency_ms": 18381}
{"ts": 1788400749.1421812, "client": "drafter-grok43", "model": "x-ai/grok-4.3", "tag": "draft:1998-085:temporal", "in_tokens": 4909, "out_tokens": 1128, "est_cost": 0.008687, "latency_ms": 6550}
{"ts": 1788400751.006155, "client": "drafter-grok43", "model": "x-ai/grok-4.3", "tag": "draft:2020-005:quota", "in_tokens": 5083, "out_tokens": 1259, "est_cost": 0.0093, "latency_ms": 8148}
{"ts": 1788400751.657183, "client": "drafter-grok43", "model": "x-ai/grok-4.3", "tag": "draft:2003-043:quota", "in_tokens": 4856, "out_tokens": 1639, "est_cost": 0.009899, "latency_ms": 12166}
{"ts": 1788400753.889131, "client": "drafter-grok43", "model": "x-ai/grok-4.3", "tag": "draft:2010-065:stakes", "in_tokens": 5316, "out_tokens": 1121, "est_cost": 0.009179, "latency_ms": 6034}
{"ts": 1788400756.789958, "client": "drafter-grok43", "model": "x-ai/grok-4.3", "tag": "draft:2001-013:quota", "in_tokens": 2938, "out_tokens": 2000, "est_cost": 0.008404, "latency_ms": 21224}
{"ts": 1788400757.632803, "client": "drafter-grok43", "model": "x-ai/grok-4.3", "tag": "draft:2012-029:baseline", "in_tokens": 5336, "out_tokens": 995, "est_cost": 0.008889, "latency_ms": 8653}
{"ts": 1788400757.775305, "client": "drafter-grok43", "model": "x-ai/grok-4.3", "tag": "draft:1998-085:stakes", "in_tokens": 4912, "out_tokens": 1534, "est_cost": 0.009706, "latency_ms": 8601}
{"ts": 1788400758.056596, "client": "drafter-grok43", "model": "x-ai/grok-4.3", "tag": "draft:2020-067:baseline", "in_tokens": 5058, "out_tokens": 1162, "est_cost": 0.008959, "latency_ms": 12889}
{"ts": 1788400758.327929, "client": "drafter-grok43", "model": "x-ai/grok-4.3", "tag": "draft:2020-032:stakes", "in_tokens": 5169, "out_tokens": 1537, "est_cost": 0.010035, "latency_ms": 11117}
{"ts": 1788400758.521753, "client": "drafter-grok43", "model": "x-ai/grok-4.3", "tag": "draft:2020-005:temporal", "in_tokens": 5099, "out_tokens": 1170, "est_cost": 0.00903, "latency_ms": 7457}
{"ts": 1788400759.599961, "client": "drafter-grok43", "model": "x-ai/grok-4.3", "tag": "draft:2003-043:temporal", "in_tokens": 4872, "out_tokens": 1135, "est_cost": 0.008659, "latency_ms": 7900}
{"ts": 1788400765.1638122, "client": "drafter-grok43", "model": "x-ai/grok-4.3", "tag": "draft:2020-005:stakes", "in_tokens": 5102, "out_tokens": 993, "est_cost": 0.008658, "latency_ms": 6618}
{"ts": 1788400766.051659, "client": "drafter-grok43", "model": "x-ai/grok-4.3", "tag": "draft:2003-043:stakes", "in_tokens": 4875, "out_tokens": 1177, "est_cost": 0.008835, "latency_ms": 6430}
{"ts": 1788400767.327379, "client": "drafter-grok43", "model": "x-ai/grok-4.3", "tag": "draft:1998-085:combo", "in_tokens": 4948, "out_tokens": 1437, "est_cost": 0.009576, "latency_ms": 9471}
{"ts": 1788400767.5923991, "client": "drafter-grok43", "model": "x-ai/grok-4.3", "tag": "draft:2012-029:quota", "in_tokens": 5346, "out_tokens": 1374, "est_cost": 0.009849, "latency_ms": 9862}
{"ts": 1788400767.7912672, "client": "drafter-grok43", "model": "x-ai/grok-4.3", "tag": "draft:2010-065:combo", "in_tokens": 5352, "out_tokens": 1381, "est_cost": 0.009874, "latency_ms": 13845}
{"ts": 1788400767.94841, "client": "drafter-grok43", "model": "x-ai/grok-4.3", "tag": "draft:2020-032:combo", "in_tokens": 5205, "out_tokens": 1579, "est_cost": 0.010185, "latency_ms": 9549}
{"ts": 1788400769.589959, "client": "drafter-grok43", "model": "x-ai/grok-4.3", "tag": "draft:2001-013:temporal", "in_tokens": 2954, "out_tokens": 1510, "est_cost": 0.007199, "latency_ms": 12753}
{"ts": 1788400772.1863759, "client": "drafter-grok43", "model": "x-ai/grok-4.3", "tag": "draft:2020-067:quota", "in_tokens": 5068, "out_tokens": 1436, "est_cost": 0.009656, "latency_ms": 14088}
{"ts": 1788400773.819579, "client": "drafter-grok43", "model": "x-ai/grok-4.3", "tag": "draft:2020-005:combo", "in_tokens": 5138, "out_tokens": 1417, "est_cost": 0.009763, "latency_ms": 8619}
{"ts": 1788400775.286609, "client": "drafter-grok43", "model": "x-ai/grok-4.3", "tag": "draft:1997-044:baseline", "in_tokens": 5069, "out_tokens": 1185, "est_cost": 0.009097, "latency_ms": 7462}
{"ts": 1788400776.186431, "client": "drafter-grok43", "model": "x-ai/grok-4.3", "tag": "draft:1997-021:baseline", "in_tokens": 5002, "out_tokens": 1077, "est_cost": 0.008676, "latency_ms": 8790}
{"ts": 1788400776.5956118, "client": "drafter-grok43", "model": "x-ai/grok-4.3", "tag": "draft:2003-043:combo", "in_tokens": 4911, "out_tokens": 1334, "est_cost": 0.009205, "latency_ms": 10483}
{"ts": 1788400779.487295, "client": "drafter-grok43", "model": "x-ai/grok-4.3", "tag": "draft:2015-055:baseline", "in_tokens": 5312, "out_tokens": 1014, "est_cost": 0.008906, "latency_ms": 11511}
{"ts": 1788400782.243467, "client": "drafter-grok43", "model": "x-ai/grok-4.3", "tag": "draft:2012-029:temporal", "in_tokens": 5362, "out_tokens": 1589, "est_cost": 0.010406, "latency_ms": 14552}
{"ts": 1788400784.324113, "client": "drafter-grok43", "model": "x-ai/grok-4.3", "tag": "draft:2001-013:stakes", "in_tokens": 2957, "out_tokens": 1427, "est_cost": 0.006995, "latency_ms": 14708}
{"ts": 1788400786.005057, "client": "drafter-grok43", "model": "x-ai/grok-4.3", "tag": "draft:2020-067:temporal", "in_tokens": 5084, "out_tokens": 1523, "est_cost": 0.009961, "latency_ms": 13756}
{"ts": 1788400786.297601, "client": "drafter-grok43", "model": "x-ai/grok-4.3", "tag": "draft:2010-026:baseline", "in_tokens": 4965, "out_tokens": 1114, "est_cost": 0.008722, "latency_ms": 9670}
{"ts": 1788400788.491918, "client": "drafter-grok43", "model": "x-ai/grok-4.3", "tag": "draft:1997-044:quota", "in_tokens": 5079, "out_tokens": 1637, "est_cost": 0.01024, "latency_ms": 13165}
{"ts": 1788400789.2890828, "client": "drafter-grok43", "model": "x-ai/grok-4.3", "tag": "draft:2012-029:stakes", "in_tokens": 5365, "out_tokens": 923, "est_cost": 0.008745, "latency_ms": 7006}
{"ts": 1788400789.3450081, "client": "drafter-grok43", "model": "x-ai/grok-4.3", "tag": "draft:2018-070:baseline", "in_tokens": 5524, "out_tokens": 1132, "est_cost": 0.009466, "latency_ms": 15492}
{"ts": 1788400789.948097, "client": "drafter-grok43", "model": "x-ai/grok-4.3", "tag": "draft:2015-055:quota", "in_tokens": 5322, "out_tokens": 1801, "est_cost": 0.010886, "latency_ms": 10375}
{"ts": 1788400790.049613, "client": "drafter-grok43", "model": "x-ai/grok-4.3", "tag": "draft:1997-021:quota", "in_tokens": 5012, "out_tokens": 1854, "est_cost": 0.010631, "latency_ms": 13764}
{"ts": 1788400792.748318, "client": "drafter-grok43", "model": "x-ai/grok-4.3", "tag": "draft:2020-067:stakes", "in_tokens": 5087, "out_tokens": 1165, "est_cost": 0.009002, "latency_ms": 6710}
{"ts": 1788400798.3547058, "client": "drafter-grok43", "model": "x-ai/grok-4.3", "tag": "draft:2001-013:combo", "in_tokens": 2993, "out_tokens": 1762, "est_cost": 0.007877, "latency_ms": 13976}
{"ts": 1788400799.891217, "client": "drafter-grok43", "model": "x-ai/grok-4.3", "tag": "draft:2012-029:combo", "in_tokens": 5401, "out_tokens": 1513, "est_cost": 0.004956, "latency_ms": 10514}
{"ts": 1788400800.150778, "client": "drafter-grok43", "model": "x-ai/grok-4.3", "tag": "draft:2018-070:quota", "in_tokens": 5534, "out_tokens": 1481, "est_cost": 0.010418, "latency_ms": 10750}
{"ts": 1788400803.1072361, "client": "drafter-grok43", "model": "x-ai/grok-4.3", "tag": "draft:1997-021:temporal", "in_tokens": 5028, "out_tokens": 1543, "est_cost": 0.009874, "latency_ms": 12986}
{"ts": 1788400803.451382, "client": "drafter-grok43", "model": "x-ai/grok-4.3", "tag": "draft:1997-044:temporal", "in_tokens": 5095, "out_tokens": 1343, "est_cost": 0.009457, "latency_ms": 14904}
{"ts": 1788400804.3411672, "client": "drafter-grok43", "model": "x-ai/grok-4.3", "tag": "draft:2015-055:temporal", "in_tokens": 5338, "out_tokens": 1670, "est_cost": 0.010579, "latency_ms": 14298}
{"ts": 1788400805.281276, "client": "drafter-grok43", "model": "x-ai/grok-4.3", "tag": "draft:2010-026:quota", "in_tokens": 4975, "out_tokens": 1457, "est_cost": 0.009592, "latency_ms": 18889}
{"ts": 1788400808.1423419, "client": "drafter-grok43", "model": "x-ai/grok-4.3", "tag": "draft:2020-067:combo", "in_tokens": 5123, "out_tokens": 1639, "est_cost": 0.005192, "latency_ms": 15348}
{"ts": 1788400808.624762, "client": "drafter-grok43", "model": "x-ai/grok-4.3", "tag": "draft:2018-070:temporal", "in_tokens": 5550, "out_tokens": 1099, "est_cost": 0.009416, "latency_ms": 8391}
{"ts": 1788400808.7531462, "client": "drafter-grok43", "model": "x-ai/grok-4.3", "tag": "draft:1992-086:baseline", "in_tokens": 4721, "out_tokens": 954, "est_cost": 0.008017, "latency_ms": 10354}
{"ts": 1788400813.954401, "client": "drafter-grok43", "model": "x-ai/grok-4.3", "tag": "draft:1999-051:baseline", "in_tokens": 2156, "out_tokens": 1214, "est_cost": 0.005528, "latency_ms": 13960}
{"ts": 1788400816.509703, "client": "drafter-grok43", "model": "x-ai/grok-4.3", "tag": "draft:2016-063:baseline", "in_tokens": 5159, "out_tokens": 1014, "est_cost": 0.008715, "latency_ms": 8315}
{"ts": 1788400817.836546, "client": "drafter-grok43", "model": "x-ai/grok-4.3", "tag": "draft:2018-070:stakes", "in_tokens": 5553, "out_tokens": 1221, "est_cost": 0.009792, "latency_ms": 9177}
{"ts": 1788400818.188809, "client": "drafter-grok43", "model": "x-ai/grok-4.3", "tag": "draft:1997-021:stakes", "in_tokens": 5031, "out_tokens": 1271, "est_cost": 0.009197, "latency_ms": 15054}
{"ts": 1788400818.656802, "client": "drafter-grok43", "model": "x-ai/grok-4.3", "tag": "draft:1992-086:quota", "in_tokens": 4731, "out_tokens": 1226, "est_cost": 0.00871, "latency_ms": 9844}
{"ts": 1788400820.021823, "client": "drafter-grok43", "model": "x-ai/grok-4.3", "tag": "draft:2015-055:stakes", "in_tokens": 5341, "out_tokens": 1173, "est_cost": 0.009407, "latency_ms": 15650}
{"ts": 1788400825.2071638, "client": "drafter-grok43", "model": "x-ai/grok-4.3", "tag": "draft:2010-026:temporal", "in_tokens": 4991, "out_tokens": 2018, "est_cost": 0.011015, "latency_ms": 19775}
{"ts": 1788400826.6252449, "client": "drafter-grok43", "model": "x-ai/grok-4.3", "tag": "draft:1997-044:stakes", "in_tokens": 5098, "out_tokens": 1242, "est_cost": 0.009276, "latency_ms": 23138}
{"ts": 1788400827.6498802, "client": "drafter-grok43", "model": "x-ai/grok-4.3", "tag": "draft:2016-063:quota", "in_tokens": 5169, "out_tokens": 1525, "est_cost": 0.010005, "latency_ms": 11090}
{"ts": 1788400828.882035, "client": "drafter-grok43", "model": "x-ai/grok-4.3", "tag": "draft:1999-051:quota", "in_tokens": 2166, "out_tokens": 1458, "est_cost": 0.006084, "latency_ms": 14893}
{"ts": 1788400832.818308, "client": "drafter-grok43", "model": "x-ai/grok-4.3", "tag": "draft:2010-026:stakes", "in_tokens": 4994, "out_tokens": 1093, "est_cost": 0.008706, "latency_ms": 7581}
{"ts": 1788400833.514455, "client": "drafter-grok43", "model": "x-ai/grok-4.3", "tag": "draft:2018-070:combo", "in_tokens": 5589, "out_tokens": 1496, "est_cost": 0.004947, "latency_ms": 15642}
{"ts": 1788400834.834388, "client": "drafter-grok43", "model": "x-ai/grok-4.3", "tag": "draft:1997-021:combo", "in_tokens": 5067, "out_tokens": 1403, "est_cost": 0.0046, "latency_ms": 16570}
{"ts": 1788400835.519565, "client": "drafter-grok43", "model": "x-ai/grok-4.3", "tag": "draft:1992-086:temporal", "in_tokens": 4747, "out_tokens": 1542, "est_cost": 0.00952, "latency_ms": 16816}
{"ts": 1788400838.338248, "client": "drafter-grok43", "model": "x-ai/grok-4.3", "tag": "draft:1999-051:temporal", "in_tokens": 2182, "out_tokens": 1255, "est_cost": 0.005663, "latency_ms": 9411}
{"ts": 1788400839.2232552, "client": "drafter-grok43", "model": "x-ai/grok-4.3", "tag": "draft:2015-055:combo", "in_tokens": 5377, "out_tokens": 1737, "est_cost": 0.010795, "latency_ms": 19140}
{"ts": 1788400844.824159, "client": "drafter-grok43", "model": "x-ai/grok-4.3", "tag": "draft:2016-063:temporal", "in_tokens": 5185, "out_tokens": 1462, "est_cost": 0.009867, "latency_ms": 17024}
{"ts": 1788400845.1023319, "client": "drafter-grok43", "model": "x-ai/grok-4.3", "tag": "draft:2016-067:baseline", "in_tokens": 4954, "out_tokens": 1108, "est_cost": 0.008694, "latency_ms": 11546}
{"ts": 1788400846.896855, "client": "drafter-grok43", "model": "x-ai/grok-4.3", "tag": "draft:1992-086:stakes", "in_tokens": 4750, "out_tokens": 1310, "est_cost": 0.004307, "latency_ms": 11341}
{"ts": 1788400847.046653, "client": "drafter-grok43", "model": "x-ai/grok-4.3", "tag": "draft:2010-026:combo", "in_tokens": 5030, "out_tokens": 1667, "est_cost": 0.010253, "latency_ms": 14161}
{"ts": 1788400847.494957, "client": "drafter-grok43", "model": "x-ai/grok-4.3", "tag": "draft:2005-087:baseline", "in_tokens": 950, "out_tokens": 967, "est_cost": 0.003403, "latency_ms": 12623}
{"ts": 1788400850.487348, "client": "drafter-grok43", "model": "x-ai/grok-4.3", "tag": "draft:1999-051:stakes", "in_tokens": 2185, "out_tokens": 964, "est_cost": 0.004872, "latency_ms": 12106}
{"ts": 1788400851.608459, "client": "drafter-grok43", "model": "x-ai/grok-4.3", "tag": "draft:1997-044:combo", "in_tokens": 5134, "out_tokens": 2025, "est_cost": 0.006171, "latency_ms": 24922}
{"ts": 1788400853.4374552, "client": "drafter-grok43", "model": "x-ai/grok-4.3", "tag": "draft:2013-058:baseline", "in_tokens": 3556, "out_tokens": 1193, "est_cost": 0.007159, "latency_ms": 14159}
{"ts": 1788400856.626932, "client": "drafter-grok43", "model": "x-ai/grok-4.3", "tag": "draft:2005-087:quota", "in_tokens": 960, "out_tokens": 1301, "est_cost": 0.004184, "latency_ms": 9096}
{"ts": 1788400858.206708, "client": "drafter-grok43", "model": "x-ai/grok-4.3", "tag": "draft:2016-063:stakes", "in_tokens": 5188, "out_tokens": 1208, "est_cost": 0.009236, "latency_ms": 13352}
{"ts": 1788400859.507452, "client": "drafter-grok43", "model": "x-ai/grok-4.3", "tag": "draft:2001-070:baseline", "in_tokens": 4855, "out_tokens": 1049, "est_cost": 0.008422, "latency_ms": 7851}
{"ts": 1788400861.37443, "client": "drafter-grok43", "model": "x-ai/grok-4.3", "tag": "draft:2015-007:baseline", "in_tokens": 4987, "out_tokens": 1094, "est_cost": 0.0087, "latency_ms": 14282}
{"ts": 1788400861.492634, "client": "drafter-grok43", "model": "x-ai/grok-4.3", "tag": "draft:1999-051:combo", "in_tokens": 2221, "out_tokens": 1505, "est_cost": 0.00627, "latency_ms": 10986}
{"ts": 1788400864.087594, "client": "drafter-grok43", "model": "x-ai/grok-4.3", "tag": "draft:2016-067:quota", "in_tokens": 4964, "out_tokens": 1826, "est_cost": 0.010501, "latency_ms": 18951}
{"ts": 1788400865.2197351, "client": "drafter-grok43", "model": "x-ai/grok-4.3", "tag": "draft:2013-058:quota", "in_tokens": 3566, "out_tokens": 1370, "est_cost": 0.007614, "latency_ms": 11756}
{"ts": 1788400869.709837, "client": "drafter-grok43", "model": "x-ai/grok-4.3", "tag": "draft:2001-070:quota", "in_tokens": 4865, "out_tokens": 1481, "est_cost": 0.009515, "latency_ms": 10119}
{"ts": 1788400875.005163, "client": "drafter-grok43", "model": "x-ai/grok-4.3", "tag": "draft:2016-067:temporal", "in_tokens": 4980, "out_tokens": 1181, "est_cost": 0.008909, "latency_ms": 10854}
{"ts": 1788400876.2692978, "client": "drafter-grok43", "model": "x-ai/grok-4.3", "tag": "draft:2005-087:temporal", "in_tokens": 976, "out_tokens": 1639, "est_cost": 0.005049, "latency_ms": 19573}
{"ts": 1788400876.661999, "client": "drafter-grok43", "model": "x-ai/grok-4.3", "tag": "draft:2016-063:combo", "in_tokens": 5224, "out_tokens": 1651, "est_cost": 0.010389, "latency_ms": 18390}
{"ts": 1788400876.995645, "client": "drafter-grok43", "model": "x-ai/grok-4.3", "tag": "draft:1992-086:combo", "in_tokens": 4786, "out_tokens": 1777, "est_cost": 0.010223, "latency_ms": 30027}
{"ts": 1788400877.4997408, "client": "drafter-grok43", "model": "x-ai/grok-4.3", "tag": "draft:2015-007:quota", "in_tokens": 4997, "out_tokens": 1445, "est_cost": 0.00959, "latency_ms": 16095}
{"ts": 1788400882.7197871, "client": "drafter-grok43", "model": "x-ai/grok-4.3", "tag": "draft:2016-067:stakes", "in_tokens": 4983, "out_tokens": 1099, "est_cost": 0.008707, "latency_ms": 7693}
{"ts": 1788400884.6147041, "client": "drafter-grok43", "model": "x-ai/grok-4.3", "tag": "draft:2010-046:baseline", "in_tokens": 5059, "out_tokens": 1025, "est_cost": 0.008617, "latency_ms": 7559}
{"ts": 1788400885.71513, "client": "drafter-grok43", "model": "x-ai/grok-4.3", "tag": "draft:2013-058:temporal", "in_tokens": 3582, "out_tokens": 1520, "est_cost": 0.008076, "latency_ms": 20442}
{"ts": 1788400885.971495, "client": "drafter-grok43", "model": "x-ai/grok-4.3", "tag": "draft:2001-070:temporal", "in_tokens": 4881, "out_tokens": 1168, "est_cost": 0.00882, "latency_ms": 16204}
{"ts": 1788400888.9918149, "client": "drafter-grok43", "model": "x-ai/grok-4.3", "tag": "draft:2015-007:temporal", "in_tokens": 5013, "out_tokens": 1591, "est_cost": 0.009975, "latency_ms": 11444}
{"ts": 1788400889.103328, "client": "drafter-grok43", "model": "x-ai/grok-4.3", "tag": "draft:1994-059:baseline", "in_tokens": 4496, "out_tokens": 1086, "est_cost": 0.008066, "latency_ms": 12406}
{"ts": 1788400889.239347, "client": "drafter-grok43", "model": "x-ai/grok-4.3", "tag": "draft:2005-087:stakes", "in_tokens": 979, "out_tokens": 1151, "est_cost": 0.00316, "latency_ms": 12939}
{"ts": 1788400892.8058681, "client": "drafter-grok43", "model": "x-ai/grok-4.3", "tag": "draft:2010-046:quota", "in_tokens": 5069, "out_tokens": 1293, "est_cost": 0.0093, "latency_ms": 8125}
{"ts": 1788400895.030308, "client": "drafter-grok43", "model": "x-ai/grok-4.3", "tag": "draft:2016-067:combo", "in_tokens": 5019, "out_tokens": 1750, "est_cost": 0.01038, "latency_ms": 12257}
{"ts": 1788400896.941463, "client": "drafter-grok43", "model": "x-ai/grok-4.3", "tag": "draft:2013-058:stakes", "in_tokens": 3585, "out_tokens": 908, "est_cost": 0.003055, "latency_ms": 11185}
{"ts": 1788400899.129183, "client": "drafter-grok43", "model": "x-ai/grok-4.3", "tag": "draft:2001-070:stakes", "in_tokens": 4884, "out_tokens": 1077, "est_cost": 0.008529, "latency_ms": 13108}
{"ts": 1788400899.598597, "client": "drafter-grok43", "model": "x-ai/grok-4.3", "tag": "draft:2005-087:combo", "in_tokens": 1015, "out_tokens": 1527, "est_cost": 0.004817, "latency_ms": 10326}
{"ts": 1788400903.782005, "client": "drafter-grok43", "model": "x-ai/grok-4.3", "tag": "draft:1994-059:quota", "in_tokens": 4506, "out_tokens": 1456, "est_cost": 0.009004, "latency_ms": 14607}
{"ts": 1788400905.8862562, "client": "drafter-grok43", "model": "x-ai/grok-4.3", "tag": "draft:2010-046:temporal", "in_tokens": 5085, "out_tokens": 1535, "est_cost": 0.009925, "latency_ms": 13001}
{"ts": 1788400909.091358, "client": "drafter-grok43", "model": "x-ai/grok-4.3", "tag": "draft:2001-070:combo", "in_tokens": 4920, "out_tokens": 1387, "est_cost": 0.009349, "latency_ms": 9894}
{"ts": 1788400913.625634, "client": "drafter-grok43", "model": "x-ai/grok-4.3", "tag": "draft:2013-058:combo", "in_tokens": 3621, "out_tokens": 1598, "est_cost": 0.00832, "latency_ms": 16641}
{"ts": 1788400914.367027, "client": "drafter-grok43", "model": "x-ai/grok-4.3", "tag": "draft:1994-059:temporal", "in_tokens": 4522, "out_tokens": 1239, "est_cost": 0.008481, "latency_ms": 10523}
{"ts": 1788400915.1100118, "client": "drafter-grok43", "model": "x-ai/grok-4.3", "tag": "draft:2010-046:stakes", "in_tokens": 5088, "out_tokens": 1416, "est_cost": 0.009631, "latency_ms": 9196}
{"ts": 1788400916.33292, "client": "drafter-grok43", "model": "x-ai/grok-4.3", "tag": "draft:2015-007:stakes", "in_tokens": 5016, "out_tokens": 1424, "est_cost": 0.009561, "latency_ms": 27307}
{"ts": 1788400923.51183, "client": "drafter-grok43", "model": "x-ai/grok-4.3", "tag": "draft:1994-059:stakes", "in_tokens": 4525, "out_tokens": 920, "est_cost": 0.007755, "latency_ms": 9087}
{"ts": 1788400928.0194938, "client": "drafter-grok43", "model": "x-ai/grok-4.3", "tag": "draft:2015-007:combo", "in_tokens": 5052, "out_tokens": 1284, "est_cost": 0.009256, "latency_ms": 11647}
{"ts": 1788400936.747701, "client": "drafter-grok43", "model": "x-ai/grok-4.3", "tag": "draft:2010-046:combo", "in_tokens": 5124, "out_tokens": 1613, "est_cost": 0.010169, "latency_ms": 21592}
{"ts": 1788400945.594932, "client": "drafter-grok43", "model": "x-ai/grok-4.3", "tag": "draft:1994-059:combo", "in_tokens": 4561, "out_tokens": 1526, "est_cost": 0.004812, "latency_ms": 22054}
