1992-086:true            rounds=2 conv=True strict 0.833->1.0 exist 1.0->1.0 cost=$0.011
1992-086:scrambled       rounds=4 conv=False strict 0.833->0.75 exist 1.0->1.0 cost=$0.105
1992-086:none            rounds=4 conv=False strict 0.833->0.75 exist 1.0->1.0 cost=$0.144
1992-086:half            rounds=4 conv=False strict 0.833->0.75 exist 1.0->1.0 cost=$0.205
1992-086:quarter         rounds=4 conv=False strict 0.833->0.75 exist 1.0->1.0 cost=$0.258
1992-086:threequarter    rounds=2 conv=True strict 0.833->1.0 exist 1.0->1.0 cost=$0.258
1992-086:passage         rounds=2 conv=True strict 0.833->1.0 exist 1.0->1.0 cost=$0.277
2010-046:true            rounds=1 conv=True strict None->None exist 1.0->1.0 cost=$0.277
2010-046:scrambled       rounds=1 conv=True strict None->None exist 1.0->1.0 cost=$0.277
2010-046:none            rounds=1 conv=True strict None->None exist 1.0->1.0 cost=$0.277
2010-046:half            rounds=1 conv=True strict None->None exist 1.0->1.0 cost=$0.277
2010-046:quarter         rounds=1 conv=True strict None->None exist 1.0->1.0 cost=$0.277
2010-046:threequarter    rounds=1 conv=True strict None->None exist 1.0->1.0 cost=$0.277
2010-046:passage         rounds=1 conv=True strict None->None exist 1.0->1.0 cost=$0.277
2012-006:true            rounds=1 conv=True strict None->None exist 1.0->1.0 cost=$0.277
2012-006:scrambled       rounds=1 conv=True strict None->None exist 1.0->1.0 cost=$0.277
2012-006:none            rounds=1 conv=True strict None->None exist 1.0->1.0 cost=$0.277
2012-006:half            rounds=1 conv=True strict None->None exist 1.0->1.0 cost=$0.277
2012-006:quarter         rounds=1 conv=True strict None->None exist 1.0->1.0 cost=$0.277
2012-006:threequarter    rounds=1 conv=True strict None->None exist 1.0->1.0 cost=$0.277
2012-006:passage         rounds=1 conv=True strict None->None exist 1.0->1.0 cost=$0.277
1998-026:true            rounds=1 conv=True strict None->None exist 1.0->1.0 cost=$0.277
1998-026:scrambled       rounds=1 conv=True strict None->None exist 1.0->1.0 cost=$0.277
1998-026:none            rounds=1 conv=True strict None->None exist 1.0->1.0 cost=$0.277
1998-026:half            rounds=1 conv=True strict None->None exist 1.0->1.0 cost=$0.277
1998-026:quarter         rounds=1 conv=True strict None->None exist 1.0->1.0 cost=$0.277
1998-026:threequarter    rounds=1 conv=True strict None->None exist 1.0->1.0 cost=$0.277
1998-026:passage         rounds=1 conv=True strict None->None exist 1.0->1.0 cost=$0.277
1997-100:true            rounds=1 conv=True strict None->None exist 1.0->1.0 cost=$0.277
1997-100:scrambled       rounds=1 conv=True strict None->None exist 1.0->1.0 cost=$0.277
1997-100:none            rounds=1 conv=True strict None->None exist 1.0->1.0 cost=$0.277
1997-100:half            rounds=1 conv=True strict None->None exist 1.0->1.0 cost=$0.277
1997-100:quarter         rounds=1 conv=True strict None->None exist 1.0->1.0 cost=$0.277
1997-100:threequarter    rounds=1 conv=True strict None->None exist 1.0->1.0 cost=$0.277
1997-100:passage         rounds=1 conv=True strict None->None exist 1.0->1.0 cost=$0.277
2000-071:true            rounds=2 conv=True strict 0.222->None exist 1.0->1.0 cost=$0.301
2000-071:scrambled       rounds=3 conv=True strict 0.222->None exist 1.0->1.0 cost=$0.377
2000-071:none            rounds=2 conv=True strict 0.222->None exist 1.0->1.0 cost=$0.399
2000-071:half            rounds=2 conv=True strict 0.222->None exist 1.0->1.0 cost=$0.439
2000-071:quarter         rounds=2 conv=True strict 0.222->None exist 1.0->1.0 cost=$0.480
2000-071:threequarter    rounds=2 conv=True strict 0.222->None exist 1.0->1.0 cost=$0.504
2000-071:passage         rounds=2 conv=True strict 0.222->None exist 1.0->1.0 cost=$0.530
2012-029:true            rounds=1 conv=True strict 1.0->1.0 exist 1.0->1.0 cost=$0.530
2012-029:scrambled       rounds=1 conv=True strict 1.0->1.0 exist 1.0->1.0 cost=$0.530
2012-029:none            rounds=1 conv=True strict 1.0->1.0 exist 1.0->1.0 cost=$0.530
2012-029:half            rounds=1 conv=True strict 1.0->1.0 exist 1.0->1.0 cost=$0.530
2012-029:quarter         rounds=1 conv=True strict 1.0->1.0 exist 1.0->1.0 cost=$0.530
2012-029:threequarter    rounds=1 conv=True strict 1.0->1.0 exist 1.0->1.0 cost=$0.530
2012-029:passage         rounds=1 conv=True strict 1.0->1.0 exist 1.0->1.0 cost=$0.530
1999-051:true            rounds=2 conv=True strict 0.0->None exist 1.0->1.0 cost=$0.536
1999-051:scrambled       rounds=4 conv=False strict 0.0->0.0 exist 1.0->1.0 cost=$0.598
1999-051:none            rounds=2 conv=True strict 0.0->None exist 1.0->1.0 cost=$0.604
1999-051:half            rounds=4 conv=False strict 0.0->0.0 exist 1.0->1.0 cost=$0.693
1999-051:quarter         rounds=2 conv=True strict 0.0->None exist 1.0->1.0 cost=$0.713
1999-051:threequarter    rounds=3 conv=True strict 0.0->None exist 1.0->1.0 cost=$0.752
1999-051:passage         rounds=2 conv=True strict 0.0->None exist 1.0->1.0 cost=$0.756
done: 56 episodes, $0.756
