1997-033:true            rounds=2 conv=True strict 0.25->1.0 exist 1.0->1.0 cost=$0.020
1997-033:scrambled       rounds=4 conv=False strict 0.25->0.0 exist 1.0->1.0 cost=$0.096
1997-033:none            rounds=2 conv=True strict 0.25->1.0 exist 1.0->1.0 cost=$0.112
1997-033:half            rounds=4 conv=False strict 0.25->0.0 exist 1.0->1.0 cost=$0.165
1997-033:quarter         rounds=4 conv=False strict 0.25->0.0 exist 1.0->1.0 cost=$0.266
1997-033:threequarter    rounds=2 conv=True strict 0.25->1.0 exist 1.0->1.0 cost=$0.266
1997-033:passage         rounds=2 conv=True strict 0.25->None exist 1.0->1.0 cost=$0.290
1998-085:true            rounds=2 conv=True strict 0.0->None exist 0.875->1.0 cost=$0.322
1998-085:scrambled       rounds=3 conv=True strict 0.0->None exist 0.875->1.0 cost=$0.411
1998-085:none            rounds=4 conv=False strict 0.0->0.0 exist 0.875->0.875 cost=$0.473
1998-085:half            rounds=2 conv=True strict 0.0->None exist 0.875->1.0 cost=$0.519
1998-085:quarter         rounds=3 conv=True strict 0.0->None exist 0.875->1.0 cost=$0.624
1998-085:threequarter    rounds=4 conv=True strict 0.0->None exist 0.875->1.0 cost=$0.706
1998-085:passage         rounds=2 conv=True strict 0.0->None exist 0.875->1.0 cost=$0.735
1997-021:true            rounds=1 conv=True strict None->None exist 1.0->1.0 cost=$0.735
1997-021:scrambled       rounds=1 conv=True strict None->None exist 1.0->1.0 cost=$0.735
1997-021:none            rounds=1 conv=True strict None->None exist 1.0->1.0 cost=$0.735
1997-021:half            rounds=1 conv=True strict None->None exist 1.0->1.0 cost=$0.735
1997-021:quarter         rounds=1 conv=True strict None->None exist 1.0->1.0 cost=$0.735
1997-021:threequarter    rounds=1 conv=True strict None->None exist 1.0->1.0 cost=$0.735
1997-021:passage         rounds=1 conv=True strict None->None exist 1.0->1.0 cost=$0.735
2005-087:true            rounds=2 conv=True strict 0.0->None exist 1.0->1.0 cost=$0.740
2005-087:scrambled       rounds=4 conv=False strict 0.0->0.0 exist 1.0->1.0 cost=$0.798
2005-087:none            rounds=4 conv=False strict 0.0->0.0 exist 1.0->1.0 cost=$0.827
2005-087:half            rounds=3 conv=True strict 0.0->None exist 1.0->1.0 cost=$0.865
2005-087:quarter         rounds=4 conv=False strict 0.0->0.0 exist 1.0->1.0 cost=$0.916
2005-087:threequarter    rounds=2 conv=True strict 0.0->None exist 1.0->1.0 cost=$0.916
2005-087:passage         rounds=2 conv=True strict 0.0->None exist 1.0->1.0 cost=$0.931
2012-031:true            rounds=2 conv=True strict 0.0->None exist 1.0->1.0 cost=$0.950
2012-031:scrambled       rounds=3 conv=True strict 0.0->None exist 1.0->1.0 cost=$0.993
2012-031:none            rounds=4 conv=False strict 0.0->0.0 exist 1.0->1.0 cost=$1.021
2012-031:half            rounds=2 conv=True strict 0.0->None exist 1.0->1.0 cost=$1.031
2012-031:quarter         rounds=2 conv=True strict 0.0->None exist 1.0->1.0 cost=$1.044
2012-031:threequarter    rounds=2 conv=True strict 0.0->None exist 1.0->1.0 cost=$1.044
2012-031:passage         rounds=2 conv=True strict 0.0->None exist 1.0->1.0 cost=$1.051
2011-010:true            rounds=2 conv=True strict 0.2->None exist 1.0->1.0 cost=$1.063
2011-010:scrambled       rounds=4 conv=False strict 0.2->0.0 exist 1.0->1.0 cost=$1.103
2011-010:none            rounds=4 conv=False strict 0.2->0.286 exist 1.0->1.0 cost=$1.125
2011-010:half            rounds=4 conv=False strict 0.2->0.0 exist 1.0->1.0 cost=$1.145
2011-010:quarter         rounds=4 conv=False strict 0.2->0.0 exist 1.0->1.0 cost=$1.165
2011-010:threequarter    rounds=2 conv=True strict 0.2->None exist 1.0->1.0 cost=$1.165
2011-010:passage         rounds=2 conv=True strict 0.2->None exist 1.0->1.0 cost=$1.170
2005-074:true            rounds=2 conv=True strict 0.0->None exist 1.0->1.0 cost=$1.181
2005-074:scrambled       rounds=4 conv=False strict 0.0->0.0 exist 1.0->1.0 cost=$1.212
2005-074:none            rounds=4 conv=False strict 0.0->0.0 exist 1.0->1.0 cost=$1.232
2005-074:half            rounds=2 conv=True strict 0.0->None exist 1.0->1.0 cost=$1.232
2005-074:quarter         rounds=4 conv=True strict 0.0->None exist 1.0->1.0 cost=$1.262
2005-074:threequarter    rounds=3 conv=True strict 0.0->None exist 1.0->1.0 cost=$1.271
2005-074:passage         rounds=2 conv=True strict 0.0->None exist 1.0->1.0 cost=$1.282
2001-013:true            rounds=1 conv=True strict None->None exist 1.0->1.0 cost=$1.282
2001-013:scrambled       rounds=1 conv=True strict None->None exist 1.0->1.0 cost=$1.282
2001-013:none            rounds=1 conv=True strict None->None exist 1.0->1.0 cost=$1.282
2001-013:half            rounds=1 conv=True strict None->None exist 1.0->1.0 cost=$1.282
2001-013:quarter         rounds=1 conv=True strict None->None exist 1.0->1.0 cost=$1.282
2001-013:threequarter    rounds=1 conv=True strict None->None exist 1.0->1.0 cost=$1.282
2001-013:passage         rounds=1 conv=True strict None->None exist 1.0->1.0 cost=$1.282
done: 56 episodes, $1.282
