1992-109:true            rounds=2 conv=True strict 0.667->1.0 exist 1.0->1.0 cost=$0.031
1992-109:scrambled       rounds=2 conv=True strict 0.667->1.0 exist 1.0->1.0 cost=$0.063
1992-109:none            rounds=4 conv=False strict 0.667->0.6 exist 1.0->1.0 cost=$0.133
1992-109:half            rounds=2 conv=True strict 0.667->None exist 1.0->1.0 cost=$0.159
1992-109:quarter         rounds=2 conv=True strict 0.667->1.0 exist 1.0->1.0 cost=$0.159
1992-109:threequarter    rounds=2 conv=True strict 0.667->1.0 exist 1.0->1.0 cost=$0.159
1992-109:passage         rounds=2 conv=True strict 0.667->1.0 exist 1.0->1.0 cost=$0.179
2009-045:true            rounds=1 conv=True strict None->None exist 1.0->1.0 cost=$0.179
2009-045:scrambled       rounds=1 conv=True strict None->None exist 1.0->1.0 cost=$0.179
2009-045:none            rounds=1 conv=True strict None->None exist 1.0->1.0 cost=$0.179
2009-045:half            rounds=1 conv=True strict None->None exist 1.0->1.0 cost=$0.179
2009-045:quarter         rounds=1 conv=True strict None->None exist 1.0->1.0 cost=$0.179
2009-045:threequarter    rounds=1 conv=True strict None->None exist 1.0->1.0 cost=$0.179
2009-045:passage         rounds=1 conv=True strict None->None exist 1.0->1.0 cost=$0.179
1997-046:true            rounds=2 conv=True strict 0.333->1.0 exist 1.0->1.0 cost=$0.189
1997-046:scrambled       rounds=4 conv=False strict 0.333->0.0 exist 1.0->1.0 cost=$0.285
1997-046:none            rounds=4 conv=False strict 0.333->0.333 exist 1.0->1.0 cost=$0.337
1997-046:half            rounds=2 conv=True strict 0.333->1.0 exist 1.0->1.0 cost=$0.337
1997-046:quarter         rounds=2 conv=True strict 0.333->None exist 1.0->1.0 cost=$0.368
1997-046:threequarter    rounds=2 conv=True strict 0.333->None exist 1.0->1.0 cost=$0.383
1997-046:passage         rounds=2 conv=True strict 0.333->1.0 exist 1.0->1.0 cost=$0.387
2020-032:true            rounds=1 conv=True strict None->None exist 1.0->1.0 cost=$0.387
2020-032:scrambled       rounds=1 conv=True strict None->None exist 1.0->1.0 cost=$0.387
2020-032:none            rounds=1 conv=True strict None->None exist 1.0->1.0 cost=$0.387
2020-032:half            rounds=1 conv=True strict None->None exist 1.0->1.0 cost=$0.387
2020-032:quarter         rounds=1 conv=True strict None->None exist 1.0->1.0 cost=$0.387
2020-032:threequarter    rounds=1 conv=True strict None->None exist 1.0->1.0 cost=$0.387
2020-032:passage         rounds=1 conv=True strict None->None exist 1.0->1.0 cost=$0.387
2015-055:true            rounds=2 conv=True strict 0.0->None exist 1.0->1.0 cost=$0.422
2015-055:scrambled       rounds=2 conv=True strict 0.0->None exist 1.0->1.0 cost=$0.451
2015-055:none            rounds=2 conv=True strict 0.0->None exist 1.0->1.0 cost=$0.492
2015-055:half            rounds=2 conv=True strict 0.0->None exist 1.0->1.0 cost=$0.492
2015-055:quarter         rounds=4 conv=False strict 0.0->0.0 exist 1.0->1.0 cost=$0.550
2015-055:threequarter    rounds=2 conv=True strict 0.0->None exist 1.0->1.0 cost=$0.550
2015-055:passage         rounds=2 conv=True strict 0.0->None exist 1.0->1.0 cost=$0.575
2013-058:true            rounds=1 conv=True strict None->None exist 1.0->1.0 cost=$0.575
2013-058:scrambled       rounds=1 conv=True strict None->None exist 1.0->1.0 cost=$0.575
2013-058:none            rounds=1 conv=True strict None->None exist 1.0->1.0 cost=$0.575
2013-058:half            rounds=1 conv=True strict None->None exist 1.0->1.0 cost=$0.575
2013-058:quarter         rounds=1 conv=True strict None->None exist 1.0->1.0 cost=$0.575
2013-058:threequarter    rounds=1 conv=True strict None->None exist 1.0->1.0 cost=$0.575
2013-058:passage         rounds=1 conv=True strict None->None exist 1.0->1.0 cost=$0.575
2014-024:true            rounds=2 conv=True strict 0.0->None exist 1.0->1.0 cost=$0.592
2014-024:scrambled       rounds=4 conv=False strict 0.0->0.0 exist 1.0->1.0 cost=$0.688
2014-024:none            rounds=4 conv=False strict 0.0->0.333 exist 1.0->1.0 cost=$0.723
2014-024:half            rounds=2 conv=True strict 0.0->None exist 1.0->1.0 cost=$0.747
2014-024:quarter         rounds=2 conv=True strict 0.0->None exist 1.0->1.0 cost=$0.776
2014-024:threequarter    rounds=4 conv=True strict 0.0->None exist 1.0->1.0 cost=$0.823
2014-024:passage         rounds=2 conv=True strict 0.0->None exist 1.0->1.0 cost=$0.832
1990-075:true            rounds=2 conv=True strict 0.0->None exist 1.0->1.0 cost=$0.842
1990-075:scrambled       rounds=4 conv=True strict 0.0->None exist 1.0->1.0 cost=$0.892
1990-075:none            rounds=2 conv=True strict 0.0->1.0 exist 1.0->1.0 cost=$0.910
1990-075:half            rounds=2 conv=True strict 0.0->None exist 1.0->1.0 cost=$0.910
1990-075:quarter         rounds=4 conv=False strict 0.0->0.0 exist 1.0->1.0 cost=$0.958
1990-075:threequarter    rounds=2 conv=True strict 0.0->None exist 1.0->1.0 cost=$0.958
1990-075:passage         rounds=2 conv=True strict 0.0->None exist 1.0->1.0 cost=$0.981
done: 56 episodes, $0.981
