10:28:37 start records_app
10:28:37 start records_full
10:28:37 start records_rag
10:28:37 start records_para
10:28:37 start records_rep3
10:28:37 start rescore_full
10:28:37 start records_rep2
10:28:37 start human_baseline
10:28:37 start rescore_gloop
10:28:37 start provenance_cap
10:28:37 start rescore_loops
10:28:37 start decompose
10:28:37 start pincites
10:28:37 start decompose_rag
10:29:02 done rescore_gloop
10:29:36 done human_baseline
10:30:10 done decompose_rag
10:30:10 done records_rag
10:30:26 done records_rep2
10:30:26 done records_rep3
10:31:47 done rescore_loops
10:31:56 done records_full
10:31:56 done records_para
10:31:58 done decompose
10:32:03 done rescore_full
10:32:21 done records_app
10:32:51 done pincites
10:41:25 done provenance_cap
10:41:25 start human_alt
10:41:25 start alteration_aware
10:41:25 start attribution_audit
10:41:25 start attribution_audit_grounded
10:41:25 start human_existence
10:41:25 start name_mismatch
10:41:25 start validate_q2
10:41:31 done validate_q2
10:41:36 done human_existence
10:41:59 done attribution_audit_grounded
10:42:01 done name_mismatch
10:42:02 done human_alt
10:42:51 done attribution_audit
10:42:51 done alteration_aware
10:42:51 start stats
10:42:52 done stats
10:42:52 start gee
10:42:55 done gee
10:42:55 start gee_lenient
10:42:57 done gee_lenient
10:42:57 start gee_para
10:42:59 done gee_para
10:42:59 start gee_pooled
10:43:01 done gee_pooled
10:43:01 start gee_alt
10:43:03 done gee_alt
10:43:03 start gee_distinct
10:43:05 done gee_distinct
10:43:05 start gee_nm
10:43:06 done gee_nm
10:43:06 start count_outcome
10:43:07 done count_outcome
10:43:07 start audit_sensitivity
10:43:59 done audit_sensitivity
10:43:59 start gee_pooled_runs
10:44:02 done gee_pooled_runs
10:44:02 start loop_transitions
10:45:16 done loop_transitions
10:45:16 start gloop_transitions
10:45:23 done gloop_transitions
10:45:23 start loop_citations
10:46:08 done loop_citations
10:46:08 start revision_stats
10:46:36 done revision_stats
10:46:36 start phrasing_stats
10:46:36 done phrasing_stats
10:46:36 start grounded_stats
10:46:47 done grounded_stats
10:46:47 start appellate_stats
10:47:36 done appellate_stats
10:47:36 start replicate
10:49:07 done replicate
10:49:07 start era_check
10:49:37 done era_check
10:49:37 start contrast_matrix
10:49:37 done contrast_matrix
10:49:37 start emit_macros
10:49:39 done emit_macros
10:49:39 start figures
10:49:40 done figures
10:49:40 ALL DONE
