13:03:13 start records_rag
13:03:13 start records_para
13:03:13 start records_full
13:03:13 start records_rep2
13:03:13 start records_app
13:03:13 start records_rep3
13:03:13 start rescore_full
13:03:13 start rescore_gloop
13:03:13 start human_baseline
13:03:13 start rescore_loops
13:03:13 start provenance_cap
13:03:13 start decompose_rag
13:03:13 start decompose
13:03:13 start pincites
13:03:33 done rescore_gloop
13:04:06 done human_baseline
13:04:38 done records_rag
13:04:43 done decompose_rag
13:04:53 done records_rep2
13:04:54 done records_rep3
13:06:17 done rescore_loops
13:06:21 done records_full
13:06:21 done records_para
13:06:25 done decompose
13:06:32 done rescore_full
13:06:49 done records_app
13:07:19 done pincites
13:16:19 done provenance_cap
13:16:19 start alteration_aware
13:16:19 start human_alt
13:16:19 start attribution_audit
13:16:19 start human_existence
13:16:19 start attribution_audit_grounded
13:16:19 start name_mismatch
13:16:19 start validate_q2
13:16:26 done validate_q2
13:16:29 done human_existence
13:16:52 done attribution_audit_grounded
13:16:53 done name_mismatch
13:16:54 done human_alt
13:17:43 done attribution_audit
13:17:43 done alteration_aware
13:17:43 start stats
13:17:44 done stats
13:17:44 start gee
13:17:47 done gee
13:17:47 start gee_lenient
13:17:48 done gee_lenient
13:17:48 start gee_para
13:17:50 done gee_para
13:17:50 start gee_pooled
13:17:52 done gee_pooled
13:17:52 start gee_alt
13:17:53 done gee_alt
13:17:53 start gee_distinct
13:17:55 done gee_distinct
13:17:55 start gee_nm
13:17:56 done gee_nm
13:17:56 start count_outcome
13:17:57 done count_outcome
13:17:57 start audit_sensitivity
13:18:48 done audit_sensitivity
13:18:48 start gee_pooled_runs
13:18:50 done gee_pooled_runs
13:18:50 start loop_transitions
13:20:23 done loop_transitions
13:20:23 start gloop_transitions
13:20:30 done gloop_transitions
13:20:30 start loop_citations
13:21:16 done loop_citations
13:21:16 start revision_stats
13:21:44 done revision_stats
13:21:44 start phrasing_stats
13:21:45 done phrasing_stats
13:21:45 start grounded_stats
13:21:56 done grounded_stats
13:21:56 start appellate_stats
13:22:44 done appellate_stats
13:22:44 start replicate
13:24:14 done replicate
13:24:14 start era_check
13:24:45 done era_check
13:24:45 start contrast_matrix
13:24:45 done contrast_matrix
13:24:45 start index_recall
13:24:54 done index_recall
13:24:54 start era_strata
13:25:52 done era_strata
13:25:52 start opinion_part
13:27:12 done opinion_part
13:27:12 start rounds_control
13:29:05 done rounds_control
13:29:05 start emit_macros
13:29:07 done emit_macros
13:29:07 start figures
13:29:08 done figures
13:29:08 ALL DONE
