14:11:22 start records_para
14:11:22 start records_rep2
14:11:22 start rescore_full
14:11:22 start records_app
14:11:22 start records_full
14:11:22 start records_rep3
14:11:22 start records_rag
14:11:22 start rescore_loops
14:11:22 start rescore_gloop
14:11:22 start human_baseline
14:11:22 start provenance_cap
14:11:23 start decompose
14:11:23 start decompose_rag
14:11:23 start pincites
14:11:45 done rescore_gloop
14:12:20 done human_baseline
14:12:53 done records_rag
14:12:55 done decompose_rag
14:13:04 done records_rep2
14:13:06 done records_rep3
14:14:29 done rescore_loops
14:14:32 done records_full
14:14:33 done records_para
14:14:39 done decompose
14:14:46 done rescore_full
14:15:03 done records_app
14:16:16 done pincites
14:23:56 done provenance_cap
14:23:56 start attribution_audit
14:23:56 start alteration_aware
14:23:56 start attribution_audit_grounded
14:23:56 start human_existence
14:23:56 start human_alt
14:23:56 start name_mismatch
14:23:56 start validate_q2
14:24:03 done validate_q2
14:24:08 done human_existence
14:24:30 done attribution_audit_grounded
14:24:32 done human_alt
14:24:32 done name_mismatch
14:25:21 done attribution_audit
14:25:21 done alteration_aware
14:25:21 start stats
14:25:22 done stats
14:25:22 start gee
14:25:25 done gee
14:25:25 start gee_lenient
14:25:26 done gee_lenient
14:25:26 start gee_para
14:25:28 done gee_para
14:25:28 start gee_pooled
14:25:29 done gee_pooled
14:25:29 start gee_alt
14:25:31 done gee_alt
14:25:31 start gee_distinct
14:25:33 done gee_distinct
14:25:33 start gee_nm
14:25:34 done gee_nm
14:25:34 start count_outcome
14:25:35 done count_outcome
14:25:35 start audit_sensitivity
14:26:50 done audit_sensitivity
14:26:50 start gee_pooled_runs
14:26:51 done gee_pooled_runs
14:26:51 start loop_transitions
14:28:18 done loop_transitions
14:28:18 start gloop_transitions
14:28:25 done gloop_transitions
14:28:25 start loop_citations
14:29:10 done loop_citations
14:29:10 start revision_stats
14:29:38 done revision_stats
14:29:38 start phrasing_stats
14:29:38 done phrasing_stats
14:29:38 start grounded_stats
14:29:50 done grounded_stats
14:29:50 start appellate_stats
14:30:37 done appellate_stats
14:30:37 start replicate
14:32:07 done replicate
14:32:07 start era_check
14:32:38 done era_check
14:32:38 start contrast_matrix
14:32:38 done contrast_matrix
14:32:38 start index_recall
14:32:47 done index_recall
14:32:47 start era_strata
14:33:47 done era_strata
14:33:47 start opinion_part
14:35:08 done opinion_part
14:35:08 start rounds_control
14:37:02 done rounds_control
14:37:02 start emit_macros
14:37:04 done emit_macros
14:37:04 start figures
14:37:05 done figures
14:37:05 ALL DONE
