21:30:44 start records_rag
21:30:44 start records_app
21:30:44 start records_para
21:30:44 start records_full
21:30:44 start records_rep3
21:30:44 start rescore_full
21:30:44 start records_rep2
21:30:44 start provenance_cap
21:30:44 start rescore_loops
21:30:44 start rescore_gloop
21:30:44 start decompose
21:30:44 start decompose_rag
21:30:44 start pincites
21:30:44 start human_baseline
21:31:01 done rescore_gloop
21:31:26 done human_baseline
21:31:46 done records_rag
21:31:50 done decompose_rag
21:31:58 done records_rep2
21:32:00 done records_rep3
21:32:53 done rescore_loops
21:33:08 done records_full
21:33:08 done records_para
21:33:12 done decompose
21:33:19 done rescore_full
21:33:28 done records_app
21:33:53 done pincites
21:40:50 done provenance_cap
21:40:50 start alteration_aware
21:40:50 start attribution_audit
21:40:50 start human_existence
21:40:50 start name_mismatch
21:40:50 start human_alt
21:40:50 start validate_q2
21:40:56 done validate_q2
21:41:00 done human_existence
21:41:20 done name_mismatch
21:41:20 done human_alt
21:42:05 done attribution_audit
21:42:05 done alteration_aware
21:42:05 start stats
21:42:07 done stats
21:42:07 start gee
21:42:09 done gee
21:42:09 start gee_lenient
21:42:10 done gee_lenient
21:42:10 start gee_para
21:42:11 done gee_para
21:42:11 start gee_pooled
21:42:13 done gee_pooled
21:42:13 start gee_alt
21:42:14 done gee_alt
21:42:14 start gee_pooled_runs
21:42:16 done gee_pooled_runs
21:42:16 start loop_transitions
21:43:20 done loop_transitions
21:43:20 start gloop_transitions
21:43:26 done gloop_transitions
21:43:26 start loop_citations
21:44:04 done loop_citations
21:44:04 start revision_stats
21:44:31 done revision_stats
21:44:31 start phrasing_stats
21:44:31 done phrasing_stats
21:44:31 start grounded_stats
21:44:42 done grounded_stats
21:44:42 start appellate_stats
21:45:27 done appellate_stats
21:45:27 start replicate
21:46:51 done replicate
21:46:51 start era_check
21:47:19 done era_check
21:47:19 start emit_macros
21:47:20 done emit_macros
21:47:20 start figures
21:47:21 done figures
21:47:21 ALL DONE
