1992-086:true            rounds=2 conv=True strict 0.667->1.0 exist 1.0->1.0 cost=$0.040
1992-086:scrambled       rounds=4 conv=False strict 0.667->0.0 exist 1.0->1.0 cost=$0.398
1992-086:none            rounds=4 conv=False strict 0.667->0.8 exist 1.0->1.0 cost=$1.031
1992-086:half            rounds=4 conv=False strict 0.667->0.667 exist 1.0->1.0 cost=$1.282
1992-086:quarter         rounds=4 conv=False strict 0.667->0.0 exist 1.0->1.0 cost=$1.583
1992-086:threequarter    rounds=2 conv=True strict 0.667->1.0 exist 1.0->1.0 cost=$1.583
1992-086:passage         rounds=2 conv=True strict 0.667->1.0 exist 1.0->1.0 cost=$1.624
2010-046:true            rounds=2 conv=True strict 0.75->1.0 exist 1.0->1.0 cost=$1.843
2010-046:scrambled       rounds=4 conv=False strict 0.75->0.0 exist 1.0->1.0 cost=$2.205
2010-046:none            rounds=3 conv=True strict 0.75->1.0 exist 1.0->1.0 cost=$2.616
2010-046:half            rounds=2 conv=True strict 0.75->1.0 exist 1.0->1.0 cost=$2.616
2010-046:quarter         rounds=2 conv=True strict 0.75->1.0 exist 1.0->1.0 cost=$2.736
2010-046:threequarter    rounds=2 conv=True strict 0.75->1.0 exist 1.0->1.0 cost=$2.736
2010-046:passage         rounds=2 conv=True strict 0.75->1.0 exist 1.0->1.0 cost=$2.958
2012-006:true            rounds=1 conv=True strict 1.0->1.0 exist 1.0->1.0 cost=$2.958
2012-006:scrambled       rounds=1 conv=True strict 1.0->1.0 exist 1.0->1.0 cost=$2.958
2012-006:none            rounds=1 conv=True strict 1.0->1.0 exist 1.0->1.0 cost=$2.958
2012-006:half            rounds=1 conv=True strict 1.0->1.0 exist 1.0->1.0 cost=$2.958
2012-006:quarter         rounds=1 conv=True strict 1.0->1.0 exist 1.0->1.0 cost=$2.958
2012-006:threequarter    rounds=1 conv=True strict 1.0->1.0 exist 1.0->1.0 cost=$2.958
2012-006:passage         rounds=1 conv=True strict 1.0->1.0 exist 1.0->1.0 cost=$2.958
1998-026:true            rounds=1 conv=True strict 1.0->1.0 exist 1.0->1.0 cost=$2.958
1998-026:scrambled       rounds=1 conv=True strict 1.0->1.0 exist 1.0->1.0 cost=$2.958
1998-026:none            rounds=1 conv=True strict 1.0->1.0 exist 1.0->1.0 cost=$2.958
1998-026:half            rounds=1 conv=True strict 1.0->1.0 exist 1.0->1.0 cost=$2.958
1998-026:quarter         rounds=1 conv=True strict 1.0->1.0 exist 1.0->1.0 cost=$2.958
1998-026:threequarter    rounds=1 conv=True strict 1.0->1.0 exist 1.0->1.0 cost=$2.958
1998-026:passage         rounds=1 conv=True strict 1.0->1.0 exist 1.0->1.0 cost=$2.958
1997-100:true            rounds=2 conv=True strict 0.6->1.0 exist 1.0->1.0 cost=$3.176
1997-100:scrambled       rounds=4 conv=False strict 0.6->0.5 exist 1.0->1.0 cost=$3.643
1997-100:none            rounds=4 conv=False strict 0.6->0.5 exist 1.0->1.0 cost=$4.182
1997-100:half            rounds=2 conv=True strict 0.6->1.0 exist 1.0->1.0 cost=$4.182
1997-100:quarter         rounds=4 conv=False strict 0.6->0.25 exist 1.0->1.0 cost=$4.846
1997-100:threequarter    rounds=4 conv=True strict 0.6->1.0 exist 1.0->1.0 cost=$5.405
1997-100:passage         rounds=3 conv=True strict 0.6->1.0 exist 1.0->1.0 cost=$5.800
2000-071:true            rounds=4 conv=True strict 0.6->1.0 exist 1.0->1.0 cost=$6.160
2000-071:scrambled       rounds=4 conv=False strict 0.6->0.0 exist 1.0->1.0 cost=$6.732
2000-071:none            rounds=4 conv=False strict 0.6->0.75 exist 1.0->1.0 cost=$7.441
2000-071:half            rounds=3 conv=True strict 0.6->1.0 exist 1.0->1.0 cost=$7.707
2000-071:quarter         rounds=2 conv=True strict 0.6->1.0 exist 1.0->1.0 cost=$7.892
2000-071:threequarter    rounds=3 conv=True strict 0.6->1.0 exist 1.0->1.0 cost=$8.218
2000-071:passage         rounds=2 conv=True strict 0.6->1.0 exist 1.0->1.0 cost=$8.285
2012-029:true            rounds=1 conv=True strict 1.0->1.0 exist 1.0->1.0 cost=$8.285
2012-029:scrambled       rounds=1 conv=True strict 1.0->1.0 exist 1.0->1.0 cost=$8.285
2012-029:none            rounds=1 conv=True strict 1.0->1.0 exist 1.0->1.0 cost=$8.285
2012-029:half            rounds=1 conv=True strict 1.0->1.0 exist 1.0->1.0 cost=$8.285
2012-029:quarter         rounds=1 conv=True strict 1.0->1.0 exist 1.0->1.0 cost=$8.285
2012-029:threequarter    rounds=1 conv=True strict 1.0->1.0 exist 1.0->1.0 cost=$8.285
2012-029:passage         rounds=1 conv=True strict 1.0->1.0 exist 1.0->1.0 cost=$8.285
1999-051:true            rounds=2 conv=True strict 0.556->1.0 exist 1.0->1.0 cost=$8.456
1999-051:scrambled       rounds=4 conv=False strict 0.556->0.5 exist 1.0->1.0 cost=$8.873
1999-051:none            rounds=4 conv=False strict 0.556->0.625 exist 1.0->1.0 cost=$9.278
1999-051:half            rounds=4 conv=False strict 0.556->0.667 exist 1.0->1.0 cost=$9.640
1999-051:quarter         rounds=3 conv=True strict 0.556->1.0 exist 1.0->1.0 cost=$9.911
1999-051:threequarter    rounds=2 conv=True strict 0.556->1.0 exist 1.0->1.0 cost=$10.030
1999-051:passage         rounds=2 conv=True strict 0.556->1.0 exist 1.0->1.0 cost=$10.209
done: 56 episodes, $10.209
