1992-109:true            rounds=2 conv=True strict 0.375->1.0 exist 1.0->1.0 cost=$0.097
1992-109:scrambled       rounds=4 conv=False strict 0.375->0.5 exist 1.0->1.0 cost=$0.770
1992-109:none            rounds=4 conv=False strict 0.375->0.667 exist 1.0->1.0 cost=$1.083
1992-109:half            rounds=3 conv=True strict 0.375->1.0 exist 1.0->1.0 cost=$1.492
1992-109:quarter         rounds=4 conv=True strict 0.375->1.0 exist 1.0->1.0 cost=$2.274
1992-109:threequarter    rounds=3 conv=True strict 0.375->1.0 exist 1.0->1.0 cost=$2.557
1992-109:passage         rounds=4 conv=False strict 0.375->0.833 exist 1.0->1.0 cost=$3.016
2009-045:true            rounds=2 conv=True strict 0.667->1.0 exist 1.0->1.0 cost=$3.111
2009-045:scrambled       rounds=4 conv=False strict 0.667->0.0 exist 1.0->1.0 cost=$3.697
2009-045:none            rounds=3 conv=True strict 0.667->1.0 exist 1.0->1.0 cost=$3.980
2009-045:half            rounds=2 conv=True strict 0.667->1.0 exist 1.0->1.0 cost=$3.980
2009-045:quarter         rounds=3 conv=True strict 0.667->1.0 exist 1.0->1.0 cost=$4.296
2009-045:threequarter    rounds=2 conv=True strict 0.667->1.0 exist 1.0->1.0 cost=$4.296
2009-045:passage         rounds=2 conv=True strict 0.667->1.0 exist 1.0->1.0 cost=$4.338
1997-046:true            rounds=2 conv=True strict 0.75->1.0 exist 1.0->1.0 cost=$4.503
1997-046:scrambled       rounds=4 conv=False strict 0.75->0.333 exist 1.0->1.0 cost=$4.896
1997-046:none            rounds=4 conv=False strict 0.75->0.625 exist 1.0->1.0 cost=$5.209
1997-046:half            rounds=2 conv=True strict 0.75->1.0 exist 1.0->1.0 cost=$5.209
1997-046:quarter         rounds=3 conv=True strict 0.75->1.0 exist 1.0->1.0 cost=$5.451
1997-046:threequarter    rounds=3 conv=True strict 0.75->1.0 exist 1.0->1.0 cost=$5.716
1997-046:passage         rounds=2 conv=True strict 0.75->1.0 exist 1.0->1.0 cost=$5.839
2020-032:true            rounds=2 conv=True strict 0.667->1.0 exist 1.0->1.0 cost=$5.919
2020-032:scrambled       rounds=4 conv=False strict 0.667->0.25 exist 1.0->1.0 cost=$6.432
2020-032:none            rounds=4 conv=False strict 0.667->0.667 exist 1.0->1.0 cost=$6.907
2020-032:half            rounds=3 conv=True strict 0.667->1.0 exist 1.0->1.0 cost=$7.130
2020-032:quarter         rounds=3 conv=True strict 0.667->1.0 exist 1.0->1.0 cost=$7.130
2020-032:threequarter    rounds=2 conv=True strict 0.667->1.0 exist 1.0->1.0 cost=$7.130
2020-032:passage         rounds=2 conv=True strict 0.667->1.0 exist 1.0->1.0 cost=$7.278
2015-055:true            rounds=1 conv=True strict 1.0->1.0 exist 1.0->1.0 cost=$7.278
2015-055:scrambled       rounds=1 conv=True strict 1.0->1.0 exist 1.0->1.0 cost=$7.278
2015-055:none            rounds=1 conv=True strict 1.0->1.0 exist 1.0->1.0 cost=$7.278
2015-055:half            rounds=1 conv=True strict 1.0->1.0 exist 1.0->1.0 cost=$7.278
2015-055:quarter         rounds=1 conv=True strict 1.0->1.0 exist 1.0->1.0 cost=$7.278
2015-055:threequarter    rounds=1 conv=True strict 1.0->1.0 exist 1.0->1.0 cost=$7.278
2015-055:passage         rounds=1 conv=True strict 1.0->1.0 exist 1.0->1.0 cost=$7.278
2013-058:true            rounds=1 conv=True strict 1.0->1.0 exist 1.0->1.0 cost=$7.278
2013-058:scrambled       rounds=1 conv=True strict 1.0->1.0 exist 1.0->1.0 cost=$7.278
2013-058:none            rounds=1 conv=True strict 1.0->1.0 exist 1.0->1.0 cost=$7.278
2013-058:half            rounds=1 conv=True strict 1.0->1.0 exist 1.0->1.0 cost=$7.278
2013-058:quarter         rounds=1 conv=True strict 1.0->1.0 exist 1.0->1.0 cost=$7.278
2013-058:threequarter    rounds=1 conv=True strict 1.0->1.0 exist 1.0->1.0 cost=$7.278
2013-058:passage         rounds=1 conv=True strict 1.0->1.0 exist 1.0->1.0 cost=$7.278
2014-024:true            rounds=2 conv=True strict 0.75->1.0 exist 1.0->1.0 cost=$7.324
2014-024:scrambled       rounds=4 conv=False strict 0.75->0.0 exist 1.0->1.0 cost=$7.766
2014-024:none            rounds=4 conv=False strict 0.75->0.8 exist 1.0->1.0 cost=$8.001
2014-024:half            rounds=2 conv=True strict 0.75->1.0 exist 1.0->1.0 cost=$8.001
2014-024:quarter         rounds=2 conv=True strict 0.75->1.0 exist 1.0->1.0 cost=$8.001
2014-024:threequarter    rounds=2 conv=True strict 0.75->1.0 exist 1.0->1.0 cost=$8.124
2014-024:passage         rounds=2 conv=True strict 0.75->1.0 exist 1.0->1.0 cost=$8.165
1990-075:true            rounds=3 conv=True strict 0.25->1.0 exist 1.0->1.0 cost=$8.519
1990-075:scrambled       rounds=4 conv=False strict 0.25->0.0 exist 1.0->1.0 cost=$8.832
1990-075:none            rounds=4 conv=False strict 0.25->0.333 exist 1.0->1.0 cost=$9.115
1990-075:half            rounds=4 conv=True strict 0.25->None exist 1.0->1.0 cost=$9.344
1990-075:quarter         rounds=3 conv=True strict 0.25->None exist 1.0->1.0 cost=$9.594
1990-075:threequarter    rounds=4 conv=True strict 0.25->1.0 exist 1.0->1.0 cost=$9.964
1990-075:passage         rounds=2 conv=True strict 0.25->1.0 exist 1.0->1.0 cost=$10.135
done: 56 episodes, $10.135
