1997-033:true            rounds=2 conv=True strict 0.7->1.0 exist 1.0->1.0 cost=$0.149
1997-033:scrambled       rounds=2 conv=True strict 0.7->1.0 exist 1.0->1.0 cost=$0.351
1997-033:none            rounds=4 conv=False strict 0.7->0.25 exist 1.0->1.0 cost=$0.880
1997-033:half            rounds=4 conv=False strict 0.7->0.75 exist 1.0->1.0 cost=$1.492
1997-033:quarter         rounds=3 conv=True strict 0.7->1.0 exist 1.0->1.0 cost=$1.896
1997-033:threequarter    rounds=2 conv=True strict 0.7->1.0 exist 1.0->1.0 cost=$1.896
1997-033:passage         rounds=2 conv=True strict 0.7->1.0 exist 1.0->1.0 cost=$2.151
1998-085:true            rounds=1 conv=True strict 1.0->1.0 exist 1.0->1.0 cost=$2.151
1998-085:scrambled       rounds=1 conv=True strict 1.0->1.0 exist 1.0->1.0 cost=$2.151
1998-085:none            rounds=1 conv=True strict 1.0->1.0 exist 1.0->1.0 cost=$2.151
1998-085:half            rounds=1 conv=True strict 1.0->1.0 exist 1.0->1.0 cost=$2.151
1998-085:quarter         rounds=1 conv=True strict 1.0->1.0 exist 1.0->1.0 cost=$2.151
1998-085:threequarter    rounds=1 conv=True strict 1.0->1.0 exist 1.0->1.0 cost=$2.151
1998-085:passage         rounds=1 conv=True strict 1.0->1.0 exist 1.0->1.0 cost=$2.151
1997-021:true            rounds=3 conv=True strict 0.25->1.0 exist 1.0->1.0 cost=$2.502
1997-021:scrambled       rounds=2 conv=True strict 0.25->None exist 1.0->1.0 cost=$2.837
1997-021:none            rounds=4 conv=False strict 0.25->0.75 exist 1.0->1.0 cost=$3.403
1997-021:half            rounds=3 conv=True strict 0.25->None exist 1.0->1.0 cost=$3.747
1997-021:quarter         rounds=4 conv=False strict 0.25->0.0 exist 1.0->1.0 cost=$4.455
1997-021:threequarter    rounds=3 conv=True strict 0.25->1.0 exist 1.0->1.0 cost=$4.455
1997-021:passage         rounds=2 conv=True strict 0.25->1.0 exist 1.0->1.0 cost=$4.548
2005-087:true            rounds=2 conv=True strict 0.375->1.0 exist 1.0->1.0 cost=$4.729
2005-087:scrambled       rounds=4 conv=False strict 0.375->None exist 1.0->0.875 cost=$5.588
2005-087:none            rounds=4 conv=False strict 0.375->0.333 exist 1.0->1.0 cost=$5.958
2005-087:half            rounds=4 conv=True strict 0.375->1.0 exist 1.0->1.0 cost=$6.581
2005-087:quarter         rounds=4 conv=False strict 0.375->0.0 exist 1.0->1.0 cost=$7.169
2005-087:threequarter    rounds=3 conv=True strict 0.375->1.0 exist 1.0->1.0 cost=$7.474
2005-087:passage         rounds=2 conv=True strict 0.375->1.0 exist 1.0->1.0 cost=$7.554
2012-031:true            rounds=1 conv=True strict 1.0->1.0 exist 1.0->1.0 cost=$7.554
2012-031:scrambled       rounds=1 conv=True strict 1.0->1.0 exist 1.0->1.0 cost=$7.554
2012-031:none            rounds=1 conv=True strict 1.0->1.0 exist 1.0->1.0 cost=$7.554
2012-031:half            rounds=1 conv=True strict 1.0->1.0 exist 1.0->1.0 cost=$7.554
2012-031:quarter         rounds=1 conv=True strict 1.0->1.0 exist 1.0->1.0 cost=$7.554
2012-031:threequarter    rounds=1 conv=True strict 1.0->1.0 exist 1.0->1.0 cost=$7.554
2012-031:passage         rounds=1 conv=True strict 1.0->1.0 exist 1.0->1.0 cost=$7.601
2011-010:true            rounds=1 conv=True strict 1.0->1.0 exist 1.0->1.0 cost=$7.601
2011-010:scrambled       rounds=1 conv=True strict 1.0->1.0 exist 1.0->1.0 cost=$7.601
2011-010:none            rounds=1 conv=True strict 1.0->1.0 exist 1.0->1.0 cost=$7.601
2011-010:half            rounds=1 conv=True strict 1.0->1.0 exist 1.0->1.0 cost=$7.601
2011-010:quarter         rounds=1 conv=True strict 1.0->1.0 exist 1.0->1.0 cost=$7.601
2011-010:threequarter    rounds=1 conv=True strict 1.0->1.0 exist 1.0->1.0 cost=$7.601
2011-010:passage         rounds=1 conv=True strict 1.0->1.0 exist 1.0->1.0 cost=$7.601
2005-074:true            rounds=1 conv=True strict 1.0->1.0 exist 1.0->1.0 cost=$7.601
2005-074:scrambled       rounds=1 conv=True strict 1.0->1.0 exist 1.0->1.0 cost=$7.601
2005-074:none            rounds=1 conv=True strict 1.0->1.0 exist 1.0->1.0 cost=$7.601
2005-074:half            rounds=1 conv=True strict 1.0->1.0 exist 1.0->1.0 cost=$7.601
2005-074:quarter         rounds=1 conv=True strict 1.0->1.0 exist 1.0->1.0 cost=$7.601
2005-074:threequarter    rounds=1 conv=True strict 1.0->1.0 exist 1.0->1.0 cost=$7.601
2005-074:passage         rounds=1 conv=True strict 1.0->1.0 exist 1.0->1.0 cost=$7.601
2001-013:true            rounds=1 conv=True strict None->None exist 1.0->1.0 cost=$7.601
2001-013:scrambled       rounds=1 conv=True strict None->None exist 1.0->1.0 cost=$7.601
2001-013:none            rounds=1 conv=True strict None->None exist 1.0->1.0 cost=$7.601
2001-013:half            rounds=1 conv=True strict None->None exist 1.0->1.0 cost=$7.601
2001-013:quarter         rounds=1 conv=True strict None->None exist 1.0->1.0 cost=$7.601
2001-013:threequarter    rounds=1 conv=True strict None->None exist 1.0->1.0 cost=$7.601
2001-013:passage         rounds=1 conv=True strict None->None exist 1.0->1.0 cost=$7.601
done: 56 episodes, $7.601
