1992-109:true            rounds=4 conv=False strict 0.0->0.0 exist 0.8571->1.0 cost=$0.008
1992-109:scrambled       rounds=4 conv=False strict 0.0->0.0 exist 0.8571->0.5556 cost=$0.014
1992-109:none            rounds=4 conv=False strict 0.0->0.0 exist 0.8571->0.8571 cost=$0.022
1992-109:half            rounds=4 conv=False strict 0.0->0.0 exist 0.8571->0.8333 cost=$0.026
1992-109:quarter         rounds=4 conv=False strict 0.0->0.0 exist 0.8571->0.875 cost=$0.037
1992-109:threequarter    rounds=4 conv=False strict 0.0->0.0 exist 0.8571->0.8333 cost=$0.044
1992-109:passage         rounds=4 conv=False strict 0.0->0.0 exist 0.8571->1.0 cost=$0.048
2009-045:true            rounds=4 conv=False strict 0.1->0.1 exist 0.9167->1.0 cost=$0.055
2009-045:scrambled       rounds=4 conv=False strict 0.1->0.111 exist 0.9167->1.0 cost=$0.060
2009-045:none            rounds=4 conv=False strict 0.1->0.111 exist 0.9167->0.9091 cost=$0.067
2009-045:half            rounds=4 conv=False strict 0.1->0.091 exist 0.9167->1.0 cost=$0.073
2009-045:quarter         rounds=4 conv=False strict 0.1->0.0 exist 0.9167->0.9091 cost=$0.078
2009-045:threequarter    rounds=4 conv=False strict 0.1->0.0 exist 0.9167->1.0 cost=$0.083
2009-045:passage         rounds=4 conv=False strict 0.1->0.1 exist 0.9167->1.0 cost=$0.091
1997-046:true            rounds=4 conv=False strict 0.0->0.0 exist 1.0->1.0 cost=$0.096
1997-046:scrambled       rounds=4 conv=False strict 0.0->0.0 exist 1.0->1.0 cost=$0.101
1997-046:none            rounds=4 conv=False strict 0.0->0.0 exist 1.0->1.0 cost=$0.107
1997-046:half            rounds=4 conv=False strict 0.0->0.0 exist 1.0->1.0 cost=$0.113
1997-046:quarter         rounds=2 conv=True strict 0.0->None exist 1.0->1.0 cost=$0.115
1997-046:threequarter    rounds=4 conv=False strict 0.0->0.0 exist 1.0->1.0 cost=$0.121
1997-046:passage         rounds=4 conv=False strict 0.0->0.0 exist 1.0->1.0 cost=$0.128
2020-032:true            rounds=4 conv=False strict 0.0->0.0 exist 0.875->0.8889 cost=$0.136
2020-032:scrambled       rounds=4 conv=False strict 0.0->0.0 exist 0.875->0.8889 cost=$0.141
2020-032:none            rounds=4 conv=False strict 0.0->0.0 exist 0.875->0.875 cost=$0.148
2020-032:half            rounds=4 conv=False strict 0.0->0.0 exist 0.875->0.875 cost=$0.153
2020-032:quarter         rounds=4 conv=False strict 0.0->0.0 exist 0.875->0.8182 cost=$0.160
2020-032:threequarter    rounds=4 conv=False strict 0.0->0.0 exist 0.875->0.9 cost=$0.166
2020-032:passage         rounds=4 conv=False strict 0.0->0.0 exist 0.875->0.875 cost=$0.173
2015-055:true            rounds=4 conv=False strict 0.0->0.0 exist 0.6667->0.6667 cost=$0.178
2015-055:scrambled       rounds=4 conv=False strict 0.0->0.0 exist 0.6667->0.0769 cost=$0.183
2015-055:none            rounds=4 conv=False strict 0.0->0.0 exist 0.6667->0.6923 cost=$0.236
2015-055:half            rounds=4 conv=False strict 0.0->0.0 exist 0.6667->0.7143 cost=$0.255
2015-055:quarter         rounds=4 conv=False strict 0.0->0.0 exist 0.6667->0.6 cost=$0.275
2015-055:threequarter    rounds=4 conv=False strict 0.0->0.0 exist 0.6667->0.7143 cost=$0.277
2015-055:passage         rounds=4 conv=False strict 0.0->0.143 exist 0.6667->0.7143 cost=$0.280
2013-058:true            rounds=4 conv=False strict 0.0->0.0 exist 1.0->1.0 cost=$0.282
2013-058:scrambled       rounds=4 conv=False strict 0.0->0.0 exist 1.0->1.0 cost=$0.283
2013-058:none            rounds=4 conv=False strict 0.0->0.0 exist 1.0->1.0 cost=$0.285
2013-058:half            rounds=4 conv=False strict 0.0->0.0 exist 1.0->1.0 cost=$0.286
2013-058:quarter         rounds=4 conv=False strict 0.0->0.0 exist 1.0->1.0 cost=$0.288
2013-058:threequarter    rounds=4 conv=False strict 0.0->0.0 exist 1.0->0.5714 cost=$0.290
2013-058:passage         rounds=4 conv=False strict 0.0->0.6 exist 1.0->1.0 cost=$0.292
2014-024:true            rounds=4 conv=False strict 0.0->0.0 exist 0.6923->0.8333 cost=$0.294
2014-024:scrambled       rounds=4 conv=False strict 0.0->0.0 exist 0.6923->0.6 cost=$0.296
2014-024:none            rounds=4 conv=False strict 0.0->0.0 exist 0.6923->0.6923 cost=$0.298
2014-024:half            rounds=4 conv=False strict 0.0->0.0 exist 0.6923->0.6923 cost=$0.300
2014-024:quarter         rounds=4 conv=False strict 0.0->0.0 exist 0.6923->0.4444 cost=$0.302
2014-024:threequarter    rounds=4 conv=False strict 0.0->0.0 exist 0.6923->0.6923 cost=$0.304
2014-024:passage         rounds=4 conv=False strict 0.0->0.571 exist 0.6923->0.75 cost=$0.306
1990-075:true            rounds=4 conv=False strict 0.0->0.0 exist 0.7143->0.8333 cost=$0.308
1990-075:scrambled       rounds=4 conv=False strict 0.0->None exist 0.7143->0.5 cost=$0.310
1990-075:none            rounds=4 conv=False strict 0.0->0.0 exist 0.7143->0.7143 cost=$0.312
1990-075:half            rounds=4 conv=False strict 0.0->0.0 exist 0.7143->0.5714 cost=$0.313
1990-075:quarter         rounds=4 conv=False strict 0.0->None exist 0.7143->0.8333 cost=$0.315
1990-075:threequarter    rounds=4 conv=False strict 0.0->0.0 exist 0.7143->1.0 cost=$0.317
1990-075:passage         rounds=4 conv=False strict 0.0->0.0 exist 0.7143->1.0 cost=$0.320
done: 56 episodes, $0.320
