1992-086:true            rounds=4 conv=False strict 0.067->0.071 exist 0.8889->0.8889 cost=$0.004
1992-086:scrambled       rounds=4 conv=False strict 0.067->0.0 exist 0.8889->0.8571 cost=$0.009
1992-086:none            rounds=4 conv=False strict 0.067->0.067 exist 0.8889->0.8889 cost=$0.016
1992-086:half            rounds=4 conv=False strict 0.067->0.067 exist 0.8889->0.9 cost=$0.020
1992-086:quarter         rounds=4 conv=False strict 0.067->0.071 exist 0.8889->0.8182 cost=$0.024
1992-086:threequarter    rounds=4 conv=False strict 0.067->0.067 exist 0.8889->0.8889 cost=$0.029
1992-086:passage         rounds=4 conv=False strict 0.067->0.25 exist 0.8889->0.875 cost=$0.032
2010-046:true            rounds=4 conv=False strict 0.0->0.0 exist 1.0->1.0 cost=$0.038
2010-046:scrambled       rounds=4 conv=False strict 0.0->0.0 exist 1.0->1.0 cost=$0.043
2010-046:none            rounds=4 conv=False strict 0.0->0.0 exist 1.0->1.0 cost=$0.049
2010-046:half            rounds=4 conv=False strict 0.0->0.0 exist 1.0->1.0 cost=$0.058
2010-046:quarter         rounds=4 conv=False strict 0.0->0.0 exist 1.0->1.0 cost=$0.063
2010-046:threequarter    rounds=4 conv=False strict 0.0->0.0 exist 1.0->1.0 cost=$0.068
2010-046:passage         rounds=4 conv=False strict 0.0->0.6 exist 1.0->1.0 cost=$0.082
2012-006:true            rounds=4 conv=False strict 0.5->0.5 exist 0.6667->0.6667 cost=$0.087
2012-006:scrambled       rounds=4 conv=False strict 0.5->1.0 exist 0.6667->0.5 cost=$0.097
2012-006:none            rounds=4 conv=False strict 0.5->0.0 exist 0.6667->0.6667 cost=$0.102
2012-006:half            rounds=4 conv=False strict 0.5->0.5 exist 0.6667->0.6667 cost=$0.107
2012-006:quarter         rounds=4 conv=False strict 0.5->0.5 exist 0.6667->0.6667 cost=$0.112
2012-006:threequarter    rounds=4 conv=False strict 0.5->0.0 exist 0.6667->0.5 cost=$0.117
2012-006:passage         rounds=4 conv=False strict 0.5->0.5 exist 0.6667->0.6667 cost=$0.122
1998-026:true            rounds=4 conv=False strict None->None exist 0.0->0.0 cost=$0.126
1998-026:scrambled       rounds=1 conv=False strict None->None exist 0.0->0.0 cost=$0.126
1998-026:none            rounds=4 conv=False strict None->None exist 0.0->0.0 cost=$0.131
1998-026:half            rounds=4 conv=False strict None->None exist 0.0->0.0 cost=$0.131
1998-026:quarter         rounds=4 conv=False strict None->None exist 0.0->0.0 cost=$0.131
1998-026:threequarter    rounds=4 conv=False strict None->None exist 0.0->0.0 cost=$0.131
1998-026:passage         rounds=4 conv=False strict None->None exist 0.0->0.0 cost=$0.131
1997-100:true            rounds=4 conv=False strict 0.222->0.333 exist 0.5714->0.6667 cost=$0.135
1997-100:scrambled       rounds=4 conv=False strict 0.222->0.2 exist 0.5714->0.4 cost=$0.140
1997-100:none            rounds=4 conv=False strict 0.222->0.222 exist 0.5714->0.5714 cost=$0.145
1997-100:half            rounds=4 conv=False strict 0.222->0.167 exist 0.5714->0.7857 cost=$0.151
1997-100:quarter         rounds=4 conv=False strict 0.222->0.111 exist 0.5714->0.5 cost=$0.157
1997-100:threequarter    rounds=4 conv=False strict 0.222->0.125 exist 0.5714->0.75 cost=$0.161
1997-100:passage         rounds=4 conv=False strict 0.222->0.25 exist 0.5714->0.6667 cost=$0.167
2000-071:true            rounds=4 conv=False strict 0.091->0.071 exist 0.8889->0.8889 cost=$0.173
2000-071:scrambled       rounds=4 conv=False strict 0.091->0.083 exist 0.8889->0.8889 cost=$0.179
2000-071:none            rounds=4 conv=False strict 0.091->0.091 exist 0.8889->0.8889 cost=$0.183
2000-071:half            rounds=4 conv=False strict 0.091->0.083 exist 0.8889->0.8889 cost=$0.187
2000-071:quarter         rounds=4 conv=False strict 0.091->0.1 exist 0.8889->1.0 cost=$0.191
2000-071:threequarter    rounds=4 conv=False strict 0.091->0.0 exist 0.8889->1.0 cost=$0.195
2000-071:passage         rounds=4 conv=False strict 0.091->0.889 exist 0.8889->1.0 cost=$0.200
2012-029:true            rounds=4 conv=False strict 0.0->0.0 exist 0.5->1.0 cost=$0.202
2012-029:scrambled       rounds=4 conv=False strict 0.0->0.0 exist 0.5->0.1667 cost=$0.206
2012-029:none            rounds=4 conv=False strict 0.0->0.0 exist 0.5->0.4 cost=$0.210
2012-029:half            rounds=4 conv=False strict 0.0->0.0 exist 0.5->0.5 cost=$0.215
2012-029:quarter         rounds=4 conv=False strict 0.0->0.0 exist 0.5->0.3333 cost=$0.221
2012-029:threequarter    rounds=4 conv=False strict 0.0->0.0 exist 0.5->0.625 cost=$0.223
2012-029:passage         rounds=4 conv=False strict 0.0->0.0 exist 0.5->0.6667 cost=$0.228
1999-051:true            rounds=4 conv=False strict 0.0->0.0 exist 0.8571->1.0 cost=$0.231
1999-051:scrambled       rounds=4 conv=False strict 0.0->0.0 exist 0.8571->0.8571 cost=$0.235
1999-051:none            rounds=4 conv=False strict 0.0->0.0 exist 0.8571->0.8571 cost=$0.239
1999-051:half            rounds=4 conv=False strict 0.0->0.0 exist 0.8571->0.8571 cost=$0.243
1999-051:quarter         rounds=4 conv=False strict 0.0->0.0 exist 0.8571->1.0 cost=$0.245
1999-051:threequarter    rounds=4 conv=False strict 0.0->0.0 exist 0.8571->0.75 cost=$0.249
1999-051:passage         rounds=4 conv=False strict 0.0->0.833 exist 0.8571->0.8571 cost=$0.252
done: 56 episodes, $0.252
