1997-033:true            rounds=4 conv=False strict 0.143->0.125 exist 0.6667->0.6667 cost=$0.005
1997-033:scrambled       rounds=4 conv=False strict 0.143->0.143 exist 0.6667->0.625 cost=$0.012
1997-033:none            rounds=4 conv=False strict 0.143->0.143 exist 0.6667->0.6667 cost=$0.016
1997-033:half            rounds=4 conv=False strict 0.143->0.143 exist 0.6667->0.8 cost=$0.021
1997-033:quarter         rounds=4 conv=False strict 0.143->0.333 exist 0.6667->0.5556 cost=$0.033
1997-033:threequarter    rounds=4 conv=False strict 0.143->0.25 exist 0.6667->0.6667 cost=$0.035
1997-033:passage         rounds=4 conv=False strict 0.143->0.125 exist 0.6667->0.6667 cost=$0.042
1998-085:true            rounds=4 conv=False strict 0.0->0.0 exist 0.875->1.0 cost=$0.050
1998-085:scrambled       rounds=4 conv=False strict 0.0->0.0 exist 0.875->0.875 cost=$0.056
1998-085:none            rounds=4 conv=False strict 0.0->0.0 exist 0.875->0.8571 cost=$0.062
1998-085:half            rounds=4 conv=False strict 0.0->0.0 exist 0.875->1.0 cost=$0.069
1998-085:quarter         rounds=4 conv=False strict 0.0->0.0 exist 0.875->1.0 cost=$0.074
1998-085:threequarter    rounds=4 conv=False strict 0.0->0.0 exist 0.875->1.0 cost=$0.079
1998-085:passage         rounds=4 conv=False strict 0.0->0.0 exist 0.875->1.0 cost=$0.086
1997-021:true            rounds=4 conv=False strict 0.8->0.8 exist 0.7778->0.7778 cost=$0.090
1997-021:scrambled       rounds=4 conv=False strict 0.8->1.0 exist 0.7778->0.625 cost=$0.095
1997-021:none            rounds=4 conv=False strict 0.8->1.0 exist 0.7778->0.7778 cost=$0.103
1997-021:half            rounds=4 conv=False strict 0.8->1.0 exist 0.7778->0.7778 cost=$0.110
1997-021:quarter         rounds=4 conv=False strict 0.8->0.8 exist 0.7778->0.875 cost=$0.116
1997-021:threequarter    rounds=4 conv=False strict 0.8->0.8 exist 0.7778->0.7778 cost=$0.121
1997-021:passage         rounds=4 conv=False strict 0.8->0.8 exist 0.7778->0.7778 cost=$0.127
2005-087:true            rounds=4 conv=False strict 0.0->0.0 exist 0.9286->1.0 cost=$0.130
2005-087:scrambled       rounds=4 conv=False strict 0.0->0.0 exist 0.9286->0.9286 cost=$0.136
2005-087:none            rounds=4 conv=False strict 0.0->0.0 exist 0.9286->1.0 cost=$0.142
2005-087:half            rounds=4 conv=False strict 0.0->0.0 exist 0.9286->0.9286 cost=$0.146
2005-087:quarter         rounds=4 conv=False strict 0.0->0.0 exist 0.9286->0.9286 cost=$0.153
2005-087:threequarter    rounds=4 conv=False strict 0.0->0.0 exist 0.9286->0.9286 cost=$0.158
2005-087:passage         rounds=4 conv=False strict 0.0->0.5 exist 0.9286->1.0 cost=$0.164
2012-031:true            rounds=4 conv=False strict 0.0->0.0 exist 0.6667->0.8333 cost=$0.171
2012-031:scrambled       rounds=4 conv=False strict 0.0->0.0 exist 0.6667->0.7143 cost=$0.177
2012-031:none            rounds=4 conv=False strict 0.0->0.0 exist 0.6667->0.6667 cost=$0.187
2012-031:half            rounds=4 conv=False strict 0.0->0.143 exist 0.6667->0.8 cost=$0.193
2012-031:quarter         rounds=4 conv=False strict 0.0->0.2 exist 0.6667->0.7778 cost=$0.197
2012-031:threequarter    rounds=4 conv=False strict 0.0->0.0 exist 0.6667->0.8571 cost=$0.200
2012-031:passage         rounds=4 conv=False strict 0.0->0.2 exist 0.6667->0.875 cost=$0.207
2011-010:true            rounds=4 conv=False strict 0.125->0.125 exist 1.0->1.0 cost=$0.211
2011-010:scrambled       rounds=4 conv=False strict 0.125->0.125 exist 1.0->1.0 cost=$0.216
2011-010:none            rounds=4 conv=False strict 0.125->0.125 exist 1.0->1.0 cost=$0.219
2011-010:half            rounds=4 conv=False strict 0.125->0.125 exist 1.0->1.0 cost=$0.223
2011-010:quarter         rounds=4 conv=False strict 0.125->0.125 exist 1.0->1.0 cost=$0.227
2011-010:threequarter    rounds=4 conv=False strict 0.125->0.125 exist 1.0->1.0 cost=$0.230
2011-010:passage         rounds=4 conv=False strict 0.125->0.143 exist 1.0->1.0 cost=$0.234
2005-074:true            rounds=4 conv=False strict 0.0->0.0 exist 0.3->0.4 cost=$0.238
2005-074:scrambled       rounds=4 conv=False strict 0.0->0.0 exist 0.3->0.3 cost=$0.242
2005-074:none            rounds=4 conv=False strict 0.0->0.0 exist 0.3->0.3 cost=$0.247
2005-074:half            rounds=4 conv=False strict 0.0->0.0 exist 0.3->0.1 cost=$0.251
2005-074:quarter         rounds=4 conv=False strict 0.0->0.0 exist 0.3->0.3 cost=$0.256
2005-074:threequarter    rounds=4 conv=False strict 0.0->0.0 exist 0.3->0.3 cost=$0.259
2005-074:passage         rounds=4 conv=False strict 0.0->0.167 exist 0.3->0.5 cost=$0.261
2001-013:true            rounds=4 conv=False strict 0.0->0.0 exist 0.4286->0.625 cost=$0.263
2001-013:scrambled       rounds=4 conv=False strict 0.0->0.0 exist 0.4286->0.4286 cost=$0.264
2001-013:none            rounds=4 conv=False strict 0.0->0.0 exist 0.4286->0.4286 cost=$0.266
2001-013:half            rounds=4 conv=False strict 0.0->0.0 exist 0.4286->0.625 cost=$0.268
2001-013:quarter         rounds=4 conv=False strict 0.0->0.0 exist 0.4286->0.5 cost=$0.270
2001-013:threequarter    rounds=4 conv=False strict 0.0->0.0 exist 0.4286->0.625 cost=$0.272
2001-013:passage         rounds=4 conv=False strict 0.0->0.0 exist 0.4286->0.625 cost=$0.274
done: 56 episodes, $0.274
