{"ts": 1788405579.689486, "client": "drafter-grok43", "model": "x-ai/grok-4.3", "tag": "draft:1992-109:baseline", "in_tokens": 5257, "out_tokens": 975, "est_cost": 0.00874, "latency_ms": 14447}
{"ts": 1788405580.503829, "client": "drafter-grok43", "model": "x-ai/grok-4.3", "tag": "draft:2019-024:baseline", "in_tokens": 4983, "out_tokens": 1198, "est_cost": 0.009022, "latency_ms": 15266}
{"ts": 1788405582.694599, "client": "drafter-grok43", "model": "x-ai/grok-4.3", "tag": "draft:2015-066:baseline", "in_tokens": 5345, "out_tokens": 1143, "est_cost": 0.00927, "latency_ms": 17523}
{"ts": 1788405585.2246442, "client": "drafter-grok43", "model": "x-ai/grok-4.3", "tag": "draft:2012-031:baseline", "in_tokens": 4896, "out_tokens": 1234, "est_cost": 0.008936, "latency_ms": 19972}
{"ts": 1788405598.268411, "client": "drafter-grok43", "model": "x-ai/grok-4.3", "tag": "draft:1992-109:quota", "in_tokens": 5270, "out_tokens": 1475, "est_cost": 0.010006, "latency_ms": 18494}
{"ts": 1788405600.6177511, "client": "drafter-grok43", "model": "x-ai/grok-4.3", "tag": "draft:2015-066:quota", "in_tokens": 5358, "out_tokens": 1412, "est_cost": 0.010026, "latency_ms": 17767}
{"ts": 1788405608.5031838, "client": "drafter-grok43", "model": "x-ai/grok-4.3", "tag": "draft:2012-031:quota", "in_tokens": 4909, "out_tokens": 1583, "est_cost": 0.009825, "latency_ms": 23194}
{"ts": 1788405608.664282, "client": "drafter-grok43", "model": "x-ai/grok-4.3", "tag": "draft:2019-024:quota", "in_tokens": 4996, "out_tokens": 1992, "est_cost": 0.010956, "latency_ms": 28099}
{"ts": 1788405615.794362, "client": "drafter-grok43", "model": "x-ai/grok-4.3", "tag": "draft:1992-109:temporal", "in_tokens": 5284, "out_tokens": 1163, "est_cost": 0.009244, "latency_ms": 17482}
{"ts": 1788405619.127288, "client": "drafter-grok43", "model": "x-ai/grok-4.3", "tag": "draft:2015-066:temporal", "in_tokens": 5372, "out_tokens": 1337, "est_cost": 0.009856, "latency_ms": 18436}
{"ts": 1788405628.9248059, "client": "drafter-grok43", "model": "x-ai/grok-4.3", "tag": "draft:2012-031:temporal", "in_tokens": 4923, "out_tokens": 1459, "est_cost": 0.0096, "latency_ms": 20355}
{"ts": 1788405630.735282, "client": "drafter-grok43", "model": "x-ai/grok-4.3", "tag": "draft:1992-109:stakes", "in_tokens": 5287, "out_tokens": 1037, "est_cost": 0.008932, "latency_ms": 14888}
{"ts": 1788405633.219435, "client": "drafter-grok43", "model": "x-ai/grok-4.3", "tag": "draft:2019-024:temporal", "in_tokens": 5010, "out_tokens": 1396, "est_cost": 0.009484, "latency_ms": 24519}
{"ts": 1788405636.9218419, "client": "drafter-grok43", "model": "x-ai/grok-4.3", "tag": "draft:2015-066:stakes", "in_tokens": 5375, "out_tokens": 1238, "est_cost": 0.004236, "latency_ms": 17775}
{"ts": 1788405650.194955, "client": "drafter-grok43", "model": "x-ai/grok-4.3", "tag": "draft:1992-109:combo", "in_tokens": 5327, "out_tokens": 1467, "est_cost": 0.010057, "latency_ms": 19408}
{"ts": 1788405652.101606, "client": "drafter-grok43", "model": "x-ai/grok-4.3", "tag": "draft:2012-031:stakes", "in_tokens": 4926, "out_tokens": 1357, "est_cost": 0.009348, "latency_ms": 23143}
{"ts": 1788405661.670824, "client": "drafter-grok43", "model": "x-ai/grok-4.3", "tag": "draft:2015-066:combo", "in_tokens": 5415, "out_tokens": 1449, "est_cost": 0.010122, "latency_ms": 24700}
{"ts": 1788405661.769174, "client": "drafter-grok43", "model": "x-ai/grok-4.3", "tag": "draft:2009-045:baseline", "in_tokens": 5465, "out_tokens": 989, "est_cost": 0.009102, "latency_ms": 11545}
{"ts": 1788405665.962677, "client": "drafter-grok43", "model": "x-ai/grok-4.3", "tag": "draft:2019-024:stakes", "in_tokens": 5013, "out_tokens": 1222, "est_cost": 0.00408, "latency_ms": 32717}
{"ts": 1788405679.797759, "client": "drafter-grok43", "model": "x-ai/grok-4.3", "tag": "draft:2012-031:combo", "in_tokens": 4966, "out_tokens": 1877, "est_cost": 0.010631, "latency_ms": 27634}
{"ts": 1788405679.9985, "client": "drafter-grok43", "model": "x-ai/grok-4.3", "tag": "draft:2015-038:baseline", "in_tokens": 5201, "out_tokens": 1104, "est_cost": 0.008992, "latency_ms": 18228}
{"ts": 1788405681.033476, "client": "drafter-grok43", "model": "x-ai/grok-4.3", "tag": "draft:2009-045:quota", "in_tokens": 5478, "out_tokens": 1339, "est_cost": 0.009993, "latency_ms": 19040}
{"ts": 1788405685.6017978, "client": "drafter-grok43", "model": "x-ai/grok-4.3", "tag": "draft:2019-024:combo", "in_tokens": 5053, "out_tokens": 1448, "est_cost": 0.009735, "latency_ms": 19613}
{"ts": 1788405693.493727, "client": "drafter-grok43", "model": "x-ai/grok-4.3", "tag": "draft:2011-010:baseline", "in_tokens": 5771, "out_tokens": 1101, "est_cost": 0.009765, "latency_ms": 13638}
{"ts": 1788405696.14916, "client": "drafter-grok43", "model": "x-ai/grok-4.3", "tag": "draft:2015-038:quota", "in_tokens": 5214, "out_tokens": 1345, "est_cost": 0.009611, "latency_ms": 16104}
{"ts": 1788405696.245357, "client": "drafter-grok43", "model": "x-ai/grok-4.3", "tag": "draft:2009-045:temporal", "in_tokens": 5492, "out_tokens": 1240, "est_cost": 0.009763, "latency_ms": 15126}
{"ts": 1788405703.6733801, "client": "drafter-grok43", "model": "x-ai/grok-4.3", "tag": "draft:2011-027:baseline", "in_tokens": 5111, "out_tokens": 1242, "est_cost": 0.009225, "latency_ms": 18026}
{"ts": 1788405713.7121978, "client": "drafter-grok43", "model": "x-ai/grok-4.3", "tag": "draft:2009-045:stakes", "in_tokens": 5495, "out_tokens": 1280, "est_cost": 0.009867, "latency_ms": 17440}
{"ts": 1788405713.7881842, "client": "drafter-grok43", "model": "x-ai/grok-4.3", "tag": "draft:2011-010:quota", "in_tokens": 5784, "out_tokens": 1768, "est_cost": 0.011448, "latency_ms": 20208}
{"ts": 1788405717.0903292, "client": "drafter-grok43", "model": "x-ai/grok-4.3", "tag": "draft:2015-038:temporal", "in_tokens": 5228, "out_tokens": 1429, "est_cost": 0.009839, "latency_ms": 20880}
{"ts": 1788405721.299333, "client": "drafter-grok43", "model": "x-ai/grok-4.3", "tag": "draft:2011-027:quota", "in_tokens": 5124, "out_tokens": 1392, "est_cost": 0.009683, "latency_ms": 17584}
{"ts": 1788405733.01431, "client": "drafter-grok43", "model": "x-ai/grok-4.3", "tag": "draft:2015-038:stakes", "in_tokens": 5231, "out_tokens": 1058, "est_cost": 0.008982, "latency_ms": 15886}
{"ts": 1788405739.5673752, "client": "drafter-grok43", "model": "x-ai/grok-4.3", "tag": "draft:2011-010:temporal", "in_tokens": 5798, "out_tokens": 1656, "est_cost": 0.011119, "latency_ms": 25684}
{"ts": 1788405740.2215521, "client": "drafter-grok43", "model": "x-ai/grok-4.3", "tag": "draft:2009-045:combo", "in_tokens": 5535, "out_tokens": 2169, "est_cost": 0.01214, "latency_ms": 26442}
{"ts": 1788405744.1359649, "client": "drafter-grok43", "model": "x-ai/grok-4.3", "tag": "draft:2011-027:temporal", "in_tokens": 5138, "out_tokens": 1655, "est_cost": 0.010291, "latency_ms": 22812}
{"ts": 1788405751.0148249, "client": "drafter-grok43", "model": "x-ai/grok-4.3", "tag": "draft:2015-038:combo", "in_tokens": 5271, "out_tokens": 1302, "est_cost": 0.009642, "latency_ms": 17986}
{"ts": 1788405751.1708531, "client": "drafter-grok43", "model": "x-ai/grok-4.3", "tag": "draft:1997-046:baseline", "in_tokens": 4945, "out_tokens": 847, "est_cost": 0.00803, "latency_ms": 10898}
{"ts": 1788405755.0952399, "client": "drafter-grok43", "model": "x-ai/grok-4.3", "tag": "draft:2011-010:stakes", "in_tokens": 5801, "out_tokens": 1155, "est_cost": 0.00987, "latency_ms": 15474}
{"ts": 1788405763.921327, "client": "drafter-grok43", "model": "x-ai/grok-4.3", "tag": "draft:2011-027:stakes", "in_tokens": 5141, "out_tokens": 1172, "est_cost": 0.009087, "latency_ms": 19743}
{"ts": 1788405766.370084, "client": "drafter-grok43", "model": "x-ai/grok-4.3", "tag": "draft:1997-046:quota", "in_tokens": 4958, "out_tokens": 1137, "est_cost": 0.008771, "latency_ms": 15166}
{"ts": 1788405770.9172428, "client": "drafter-grok43", "model": "x-ai/grok-4.3", "tag": "draft:2020-058:baseline", "in_tokens": 5361, "out_tokens": 1380, "est_cost": 0.00995, "latency_ms": 19860}
{"ts": 1788405777.175911, "client": "drafter-grok43", "model": "x-ai/grok-4.3", "tag": "draft:2011-010:combo", "in_tokens": 5841, "out_tokens": 1595, "est_cost": 0.01102, "latency_ms": 22024}
{"ts": 1788405779.72601, "client": "drafter-grok43", "model": "x-ai/grok-4.3", "tag": "draft:2011-027:combo", "in_tokens": 5181, "out_tokens": 1605, "est_cost": 0.01022, "latency_ms": 15774}
{"ts": 1788405788.904279, "client": "drafter-grok43", "model": "x-ai/grok-4.3", "tag": "draft:1997-046:temporal", "in_tokens": 4972, "out_tokens": 1406, "est_cost": 0.009461, "latency_ms": 22463}
{"ts": 1788405791.440717, "client": "drafter-grok43", "model": "x-ai/grok-4.3", "tag": "draft:2005-074:baseline", "in_tokens": 5596, "out_tokens": 1208, "est_cost": 0.009813, "latency_ms": 14200}
{"ts": 1788405793.9547222, "client": "drafter-grok43", "model": "x-ai/grok-4.3", "tag": "draft:2020-058:quota", "in_tokens": 5374, "out_tokens": 1632, "est_cost": 0.010596, "latency_ms": 22954}
{"ts": 1788405796.694117, "client": "drafter-grok43", "model": "x-ai/grok-4.3", "tag": "draft:2016-001:baseline", "in_tokens": 4899, "out_tokens": 1163, "est_cost": 0.008762, "latency_ms": 16923}
{"ts": 1788405799.248055, "client": "drafter-grok43", "model": "x-ai/grok-4.3", "tag": "draft:1997-046:stakes", "in_tokens": 4975, "out_tokens": 920, "est_cost": 0.00825, "latency_ms": 10299}
{"ts": 1788405814.11308, "client": "drafter-grok43", "model": "x-ai/grok-4.3", "tag": "draft:2005-074:quota", "in_tokens": 5609, "out_tokens": 1610, "est_cost": 0.010835, "latency_ms": 22567}
{"ts": 1788405814.304287, "client": "drafter-grok43", "model": "x-ai/grok-4.3", "tag": "draft:2016-001:quota", "in_tokens": 4912, "out_tokens": 1348, "est_cost": 0.009241, "latency_ms": 17494}
{"ts": 1788405815.225278, "client": "drafter-grok43", "model": "x-ai/grok-4.3", "tag": "draft:2020-058:temporal", "in_tokens": 5388, "out_tokens": 1615, "est_cost": 0.010504, "latency_ms": 21140}
{"ts": 1788405819.9743738, "client": "drafter-grok43", "model": "x-ai/grok-4.3", "tag": "draft:1997-046:combo", "in_tokens": 5015, "out_tokens": 1458, "est_cost": 0.004739, "latency_ms": 20692}
{"ts": 1788405829.836318, "client": "drafter-grok43", "model": "x-ai/grok-4.3", "tag": "draft:2016-001:temporal", "in_tokens": 4926, "out_tokens": 1376, "est_cost": 0.009329, "latency_ms": 15390}
{"ts": 1788405832.633742, "client": "drafter-grok43", "model": "x-ai/grok-4.3", "tag": "draft:2005-074:temporal", "in_tokens": 5623, "out_tokens": 1310, "est_cost": 0.010035, "latency_ms": 18412}
{"ts": 1788405836.682343, "client": "drafter-grok43", "model": "x-ai/grok-4.3", "tag": "draft:2020-058:stakes", "in_tokens": 5391, "out_tokens": 1444, "est_cost": 0.01008, "latency_ms": 21432}
{"ts": 1788405838.778684, "client": "drafter-grok43", "model": "x-ai/grok-4.3", "tag": "draft:2020-032:baseline", "in_tokens": 5142, "out_tokens": 1208, "est_cost": 0.009179, "latency_ms": 18751}
{"ts": 1788405847.872295, "client": "drafter-grok43", "model": "x-ai/grok-4.3", "tag": "draft:2016-001:stakes", "in_tokens": 4929, "out_tokens": 1321, "est_cost": 0.009262, "latency_ms": 18005}
{"ts": 1788405848.602484, "client": "drafter-grok43", "model": "x-ai/grok-4.3", "tag": "draft:2005-074:stakes", "in_tokens": 5626, "out_tokens": 1138, "est_cost": 0.009676, "latency_ms": 15884}
{"ts": 1788405853.4380941, "client": "drafter-grok43", "model": "x-ai/grok-4.3", "tag": "draft:2020-058:combo", "in_tokens": 5431, "out_tokens": 1593, "est_cost": 0.01057, "latency_ms": 16690}
{"ts": 1788405854.4359732, "client": "drafter-grok43", "model": "x-ai/grok-4.3", "tag": "draft:2020-032:quota", "in_tokens": 5155, "out_tokens": 1313, "est_cost": 0.009457, "latency_ms": 15534}
{"ts": 1788405868.8260028, "client": "drafter-grok43", "model": "x-ai/grok-4.3", "tag": "draft:2016-001:combo", "in_tokens": 4969, "out_tokens": 1635, "est_cost": 0.01003, "latency_ms": 20893}
{"ts": 1788405869.815747, "client": "drafter-grok43", "model": "x-ai/grok-4.3", "tag": "draft:2005-074:combo", "in_tokens": 5666, "out_tokens": 1513, "est_cost": 0.010596, "latency_ms": 21134}
{"ts": 1788405870.774792, "client": "drafter-grok43", "model": "x-ai/grok-4.3", "tag": "draft:2020-032:temporal", "in_tokens": 5169, "out_tokens": 1223, "est_cost": 0.004143, "latency_ms": 16286}
{"ts": 1788405870.984355, "client": "drafter-grok43", "model": "x-ai/grok-4.3", "tag": "draft:2020-005:baseline", "in_tokens": 5075, "out_tokens": 1150, "est_cost": 0.009017, "latency_ms": 17420}
{"ts": 1788405881.424738, "client": "drafter-grok43", "model": "x-ai/grok-4.3", "tag": "draft:2010-065:baseline", "in_tokens": 5289, "out_tokens": 950, "est_cost": 0.008785, "latency_ms": 12558}
{"ts": 1788405883.904348, "client": "drafter-grok43", "model": "x-ai/grok-4.3", "tag": "draft:2001-013:baseline", "in_tokens": 2930, "out_tokens": 1291, "est_cost": 0.006688, "latency_ms": 14017}
{"ts": 1788405885.798198, "client": "drafter-grok43", "model": "x-ai/grok-4.3", "tag": "draft:2020-005:quota", "in_tokens": 5088, "out_tokens": 1232, "est_cost": 0.009171, "latency_ms": 14769}
{"ts": 1788405886.234397, "client": "drafter-grok43", "model": "x-ai/grok-4.3", "tag": "draft:2020-032:stakes", "in_tokens": 5172, "out_tokens": 1036, "est_cost": 0.003679, "latency_ms": 15280}
{"ts": 1788405896.067399, "client": "drafter-grok43", "model": "x-ai/grok-4.3", "tag": "draft:2010-065:quota", "in_tokens": 5302, "out_tokens": 1416, "est_cost": 0.009899, "latency_ms": 14615}
{"ts": 1788405900.021694, "client": "drafter-grok43", "model": "x-ai/grok-4.3", "tag": "draft:2020-005:temporal", "in_tokens": 5102, "out_tokens": 1071, "est_cost": 0.008786, "latency_ms": 14172}
{"ts": 1788405903.153939, "client": "drafter-grok43", "model": "x-ai/grok-4.3", "tag": "draft:2001-013:quota", "in_tokens": 2943, "out_tokens": 1579, "est_cost": 0.007357, "latency_ms": 19217}
{"ts": 1788405909.547086, "client": "drafter-grok43", "model": "x-ai/grok-4.3", "tag": "draft:2010-065:temporal", "in_tokens": 5316, "out_tokens": 1027, "est_cost": 0.003702, "latency_ms": 13438}
{"ts": 1788405910.229836, "client": "drafter-grok43", "model": "x-ai/grok-4.3", "tag": "draft:2020-032:combo", "in_tokens": 5212, "out_tokens": 1675, "est_cost": 0.010434, "latency_ms": 23892}
{"ts": 1788405916.014536, "client": "drafter-grok43", "model": "x-ai/grok-4.3", "tag": "draft:2020-005:stakes", "in_tokens": 5105, "out_tokens": 1154, "est_cost": 0.008997, "latency_ms": 15950}
{"ts": 1788405922.950558, "client": "drafter-grok43", "model": "x-ai/grok-4.3", "tag": "draft:2015-055:baseline", "in_tokens": 5314, "out_tokens": 993, "est_cost": 0.008856, "latency_ms": 12674}
{"ts": 1788405923.106529, "client": "drafter-grok43", "model": "x-ai/grok-4.3", "tag": "draft:2010-065:stakes", "in_tokens": 5319, "out_tokens": 1041, "est_cost": 0.008982, "latency_ms": 13529}
{"ts": 1788405923.7202501, "client": "drafter-grok43", "model": "x-ai/grok-4.3", "tag": "draft:2001-013:temporal", "in_tokens": 2957, "out_tokens": 1390, "est_cost": 0.006902, "latency_ms": 20465}
{"ts": 1788405937.676527, "client": "drafter-grok43", "model": "x-ai/grok-4.3", "tag": "draft:2020-005:combo", "in_tokens": 5145, "out_tokens": 1474, "est_cost": 0.004807, "latency_ms": 21618}
{"ts": 1788405938.39431, "client": "drafter-grok43", "model": "x-ai/grok-4.3", "tag": "draft:2015-055:quota", "in_tokens": 5327, "out_tokens": 1300, "est_cost": 0.00964, "latency_ms": 15376}
{"ts": 1788405945.130404, "client": "drafter-grok43", "model": "x-ai/grok-4.3", "tag": "draft:2010-065:combo", "in_tokens": 5359, "out_tokens": 1688, "est_cost": 0.005408, "latency_ms": 21936}
{"ts": 1788405946.5729222, "client": "drafter-grok43", "model": "x-ai/grok-4.3", "tag": "draft:2001-013:stakes", "in_tokens": 2960, "out_tokens": 1972, "est_cost": 0.008361, "latency_ms": 22817}
{"ts": 1788405953.690447, "client": "drafter-grok43", "model": "x-ai/grok-4.3", "tag": "draft:2018-070:baseline", "in_tokens": 5526, "out_tokens": 1183, "est_cost": 0.009596, "latency_ms": 15955}
{"ts": 1788405957.940199, "client": "drafter-grok43", "model": "x-ai/grok-4.3", "tag": "draft:2015-055:temporal", "in_tokens": 5341, "out_tokens": 1267, "est_cost": 0.009575, "latency_ms": 19494}
{"ts": 1788405960.495884, "client": "drafter-grok43", "model": "x-ai/grok-4.3", "tag": "draft:1997-044:baseline", "in_tokens": 5071, "out_tokens": 902, "est_cost": 0.008325, "latency_ms": 15297}
{"ts": 1788405972.880733, "client": "drafter-grok43", "model": "x-ai/grok-4.3", "tag": "draft:2015-055:stakes", "in_tokens": 5344, "out_tokens": 1009, "est_cost": 0.008934, "latency_ms": 14902}
{"ts": 1788405973.795529, "client": "drafter-grok43", "model": "x-ai/grok-4.3", "tag": "draft:2001-013:combo", "in_tokens": 3000, "out_tokens": 1890, "est_cost": 0.008273, "latency_ms": 27186}
{"ts": 1788405977.383224, "client": "drafter-grok43", "model": "x-ai/grok-4.3", "tag": "draft:2018-070:quota", "in_tokens": 5539, "out_tokens": 1808, "est_cost": 0.011175, "latency_ms": 23602}
{"ts": 1788405978.810931, "client": "drafter-grok43", "model": "x-ai/grok-4.3", "tag": "draft:1997-044:quota", "in_tokens": 5084, "out_tokens": 1269, "est_cost": 0.009259, "latency_ms": 18284}
{"ts": 1788405984.753176, "client": "drafter-grok43", "model": "x-ai/grok-4.3", "tag": "draft:1992-086:baseline", "in_tokens": 4723, "out_tokens": 834, "est_cost": 0.00772, "latency_ms": 10909}
{"ts": 1788405992.5065641, "client": "drafter-grok43", "model": "x-ai/grok-4.3", "tag": "draft:2018-070:temporal", "in_tokens": 5553, "out_tokens": 1090, "est_cost": 0.009397, "latency_ms": 15045}
{"ts": 1788405999.766711, "client": "drafter-grok43", "model": "x-ai/grok-4.3", "tag": "draft:1997-044:temporal", "in_tokens": 5098, "out_tokens": 1368, "est_cost": 0.009524, "latency_ms": 20882}
{"ts": 1788406000.615538, "client": "drafter-grok43", "model": "x-ai/grok-4.3", "tag": "draft:2015-055:combo", "in_tokens": 5384, "out_tokens": 1863, "est_cost": 0.011119, "latency_ms": 27675}
{"ts": 1788406003.107662, "client": "drafter-grok43", "model": "x-ai/grok-4.3", "tag": "draft:1992-086:quota", "in_tokens": 4736, "out_tokens": 1423, "est_cost": 0.004572, "latency_ms": 18290}
{"ts": 1788406006.1008918, "client": "drafter-grok43", "model": "x-ai/grok-4.3", "tag": "draft:2018-070:stakes", "in_tokens": 5556, "out_tokens": 994, "est_cost": 0.009228, "latency_ms": 13550}
{"ts": 1788406013.905809, "client": "drafter-grok43", "model": "x-ai/grok-4.3", "tag": "draft:2013-058:baseline", "in_tokens": 3558, "out_tokens": 958, "est_cost": 0.003146, "latency_ms": 13248}
{"ts": 1788406015.507633, "client": "drafter-grok43", "model": "x-ai/grok-4.3", "tag": "draft:1997-044:stakes", "in_tokens": 5101, "out_tokens": 1152, "est_cost": 0.003947, "latency_ms": 15706}
{"ts": 1788406022.2128892, "client": "drafter-grok43", "model": "x-ai/grok-4.3", "tag": "draft:1992-086:temporal", "in_tokens": 4750, "out_tokens": 1318, "est_cost": 0.004327, "latency_ms": 19066}
{"ts": 1788406023.322432, "client": "drafter-grok43", "model": "x-ai/grok-4.3", "tag": "draft:2018-070:combo", "in_tokens": 5596, "out_tokens": 1603, "est_cost": 0.010734, "latency_ms": 17187}
{"ts": 1788406031.732749, "client": "drafter-grok43", "model": "x-ai/grok-4.3", "tag": "draft:2013-058:quota", "in_tokens": 3571, "out_tokens": 1355, "est_cost": 0.007582, "latency_ms": 17798}
{"ts": 1788406035.954014, "client": "drafter-grok43", "model": "x-ai/grok-4.3", "tag": "draft:1992-086:stakes", "in_tokens": 4753, "out_tokens": 1191, "est_cost": 0.008717, "latency_ms": 13702}
{"ts": 1788406036.489304, "client": "drafter-grok43", "model": "x-ai/grok-4.3", "tag": "draft:2016-067:baseline", "in_tokens": 4956, "out_tokens": 987, "est_cost": 0.008394, "latency_ms": 13121}
{"ts": 1788406036.914825, "client": "drafter-grok43", "model": "x-ai/grok-4.3", "tag": "draft:1997-044:combo", "in_tokens": 5141, "out_tokens": 1429, "est_cost": 0.009797, "latency_ms": 21387}
{"ts": 1788406049.453373, "client": "drafter-grok43", "model": "x-ai/grok-4.3", "tag": "draft:2013-058:temporal", "in_tokens": 3585, "out_tokens": 1322, "est_cost": 0.007585, "latency_ms": 17663}
{"ts": 1788406052.4617221, "client": "drafter-grok43", "model": "x-ai/grok-4.3", "tag": "draft:2001-070:baseline", "in_tokens": 4857, "out_tokens": 1075, "est_cost": 0.00849, "latency_ms": 15516}
{"ts": 1788406052.854315, "client": "drafter-grok43", "model": "x-ai/grok-4.3", "tag": "draft:2016-067:quota", "in_tokens": 4969, "out_tokens": 1510, "est_cost": 0.004812, "latency_ms": 16296}
{"ts": 1788406057.680759, "client": "drafter-grok43", "model": "x-ai/grok-4.3", "tag": "draft:1992-086:combo", "in_tokens": 4793, "out_tokens": 1768, "est_cost": 0.01021, "latency_ms": 21690}
{"ts": 1788406065.5181031, "client": "drafter-grok43", "model": "x-ai/grok-4.3", "tag": "draft:2013-058:stakes", "in_tokens": 3588, "out_tokens": 1369, "est_cost": 0.007639, "latency_ms": 16030}
{"ts": 1788406068.138072, "client": "drafter-grok43", "model": "x-ai/grok-4.3", "tag": "draft:2001-070:quota", "in_tokens": 4870, "out_tokens": 1245, "est_cost": 0.008931, "latency_ms": 15620}
{"ts": 1788406069.947521, "client": "drafter-grok43", "model": "x-ai/grok-4.3", "tag": "draft:2010-046:baseline", "in_tokens": 5061, "out_tokens": 1020, "est_cost": 0.008607, "latency_ms": 12218}
{"ts": 1788406073.505208, "client": "drafter-grok43", "model": "x-ai/grok-4.3", "tag": "draft:2016-067:temporal", "in_tokens": 4983, "out_tokens": 1361, "est_cost": 0.00943, "latency_ms": 20548}
{"ts": 1788406082.834532, "client": "drafter-grok43", "model": "x-ai/grok-4.3", "tag": "draft:2013-058:combo", "in_tokens": 3628, "out_tokens": 1528, "est_cost": 0.008086, "latency_ms": 17296}
{"ts": 1788406087.7715461, "client": "drafter-grok43", "model": "x-ai/grok-4.3", "tag": "draft:2016-067:stakes", "in_tokens": 4986, "out_tokens": 1099, "est_cost": 0.008711, "latency_ms": 14233}
{"ts": 1788406088.940895, "client": "drafter-grok43", "model": "x-ai/grok-4.3", "tag": "draft:2001-070:temporal", "in_tokens": 4884, "out_tokens": 1502, "est_cost": 0.00482, "latency_ms": 20681}
{"ts": 1788406090.320717, "client": "drafter-grok43", "model": "x-ai/grok-4.3", "tag": "draft:2010-046:quota", "in_tokens": 5074, "out_tokens": 1638, "est_cost": 0.010169, "latency_ms": 20305}
{"ts": 1788406098.248054, "client": "drafter-grok43", "model": "x-ai/grok-4.3", "tag": "draft:2014-024:baseline", "in_tokens": 5050, "out_tokens": 1078, "est_cost": 0.008739, "latency_ms": 15382}
{"ts": 1788406105.329094, "client": "drafter-grok43", "model": "x-ai/grok-4.3", "tag": "draft:2001-070:stakes", "in_tokens": 4887, "out_tokens": 1084, "est_cost": 0.00855, "latency_ms": 16335}
{"ts": 1788406107.780225, "client": "drafter-grok43", "model": "x-ai/grok-4.3", "tag": "draft:2016-067:combo", "in_tokens": 5026, "out_tokens": 1666, "est_cost": 0.010179, "latency_ms": 19975}
{"ts": 1788406109.2156758, "client": "drafter-grok43", "model": "x-ai/grok-4.3", "tag": "draft:2010-046:temporal", "in_tokens": 5088, "out_tokens": 1536, "est_cost": 0.009931, "latency_ms": 18813}
{"ts": 1788406114.971156, "client": "drafter-grok43", "model": "x-ai/grok-4.3", "tag": "draft:2014-024:quota", "in_tokens": 5063, "out_tokens": 1334, "est_cost": 0.009395, "latency_ms": 16628}
{"ts": 1788406123.621852, "client": "drafter-grok43", "model": "x-ai/grok-4.3", "tag": "draft:1999-033:baseline", "in_tokens": 5030, "out_tokens": 1166, "est_cost": 0.008934, "latency_ms": 15776}
{"ts": 1788406124.406653, "client": "drafter-grok43", "model": "x-ai/grok-4.3", "tag": "draft:2001-070:combo", "in_tokens": 4927, "out_tokens": 1540, "est_cost": 0.00974, "latency_ms": 19048}
{"ts": 1788406126.575518, "client": "drafter-grok43", "model": "x-ai/grok-4.3", "tag": "draft:2010-046:stakes", "in_tokens": 5091, "out_tokens": 1204, "est_cost": 0.009105, "latency_ms": 17338}
{"ts": 1788406138.424292, "client": "drafter-grok43", "model": "x-ai/grok-4.3", "tag": "draft:2014-024:temporal", "in_tokens": 5077, "out_tokens": 1683, "est_cost": 0.010285, "latency_ms": 23353}
{"ts": 1788406141.3850381, "client": "drafter-grok43", "model": "x-ai/grok-4.3", "tag": "draft:1999-033:quota", "in_tokens": 5043, "out_tokens": 1500, "est_cost": 0.009785, "latency_ms": 17687}
{"ts": 1788406141.766943, "client": "drafter-grok43", "model": "x-ai/grok-4.3", "tag": "draft:2000-087:baseline", "in_tokens": 4910, "out_tokens": 1162, "est_cost": 0.008774, "latency_ms": 17333}
{"ts": 1788406149.152915, "client": "drafter-grok43", "model": "x-ai/grok-4.3", "tag": "draft:2010-046:combo", "in_tokens": 5131, "out_tokens": 1749, "est_cost": 0.010517, "latency_ms": 22536}
{"ts": 1788406157.101015, "client": "drafter-grok43", "model": "x-ai/grok-4.3", "tag": "draft:2014-024:stakes", "in_tokens": 5080, "out_tokens": 1296, "est_cost": 0.009321, "latency_ms": 18594}
{"ts": 1788406159.222241, "client": "drafter-grok43", "model": "x-ai/grok-4.3", "tag": "draft:2000-087:quota", "in_tokens": 4923, "out_tokens": 1375, "est_cost": 0.009322, "latency_ms": 17400}
{"ts": 1788406159.335758, "client": "drafter-grok43", "model": "x-ai/grok-4.3", "tag": "draft:1999-033:temporal", "in_tokens": 5057, "out_tokens": 1393, "est_cost": 0.009535, "latency_ms": 17887}
{"ts": 1788406164.087403, "client": "drafter-grok43", "model": "x-ai/grok-4.3", "tag": "draft:2012-006:baseline", "in_tokens": 5014, "out_tokens": 947, "est_cost": 0.008366, "latency_ms": 14903}
{"ts": 1788406179.197689, "client": "drafter-grok43", "model": "x-ai/grok-4.3", "tag": "draft:2000-087:temporal", "in_tokens": 4937, "out_tokens": 1627, "est_cost": 0.00997, "latency_ms": 19940}
{"ts": 1788406180.2417889, "client": "drafter-grok43", "model": "x-ai/grok-4.3", "tag": "draft:1999-033:stakes", "in_tokens": 5060, "out_tokens": 1675, "est_cost": 0.010244, "latency_ms": 20841}
{"ts": 1788406181.9361641, "client": "drafter-grok43", "model": "x-ai/grok-4.3", "tag": "draft:2012-006:quota", "in_tokens": 5027, "out_tokens": 1534, "est_cost": 0.009917, "latency_ms": 17810}
{"ts": 1788406182.002698, "client": "drafter-grok43", "model": "x-ai/grok-4.3", "tag": "draft:2014-024:combo", "in_tokens": 5120, "out_tokens": 1622, "est_cost": 0.005213, "latency_ms": 24828}
{"ts": 1788406194.443359, "client": "drafter-grok43", "model": "x-ai/grok-4.3", "tag": "draft:1990-075:baseline", "in_tokens": 5111, "out_tokens": 905, "est_cost": 0.008382, "latency_ms": 12376}
{"ts": 1788406196.1623511, "client": "drafter-grok43", "model": "x-ai/grok-4.3", "tag": "draft:1999-033:combo", "in_tokens": 5100, "out_tokens": 1516, "est_cost": 0.009896, "latency_ms": 15861}
{"ts": 1788406196.471152, "client": "drafter-grok43", "model": "x-ai/grok-4.3", "tag": "draft:2000-087:stakes", "in_tokens": 4940, "out_tokens": 1159, "est_cost": 0.008804, "latency_ms": 17242}
{"ts": 1788406201.000063, "client": "drafter-grok43", "model": "x-ai/grok-4.3", "tag": "draft:2012-006:temporal", "in_tokens": 5041, "out_tokens": 1484, "est_cost": 0.009742, "latency_ms": 19004}
{"ts": 1788406213.698775, "client": "drafter-grok43", "model": "x-ai/grok-4.3", "tag": "draft:1990-075:quota", "in_tokens": 5124, "out_tokens": 1426, "est_cost": 0.009701, "latency_ms": 19207}
{"ts": 1788406216.5155761, "client": "drafter-grok43", "model": "x-ai/grok-4.3", "tag": "draft:1990-114:baseline", "in_tokens": 4916, "out_tokens": 1272, "est_cost": 0.009056, "latency_ms": 20314}
{"ts": 1788406219.208234, "client": "drafter-grok43", "model": "x-ai/grok-4.3", "tag": "draft:2012-006:stakes", "in_tokens": 5044, "out_tokens": 1437, "est_cost": 0.009629, "latency_ms": 18182}
{"ts": 1788406219.271254, "client": "drafter-grok43", "model": "x-ai/grok-4.3", "tag": "draft:2000-087:combo", "in_tokens": 4980, "out_tokens": 1708, "est_cost": 0.010226, "latency_ms": 22747}
{"ts": 1788406231.23571, "client": "drafter-grok43", "model": "x-ai/grok-4.3", "tag": "draft:1990-075:temporal", "in_tokens": 5138, "out_tokens": 1254, "est_cost": 0.009289, "latency_ms": 17478}
{"ts": 1788406231.956204, "client": "drafter-grok43", "model": "x-ai/grok-4.3", "tag": "draft:1990-114:quota", "in_tokens": 4929, "out_tokens": 1391, "est_cost": 0.009437, "latency_ms": 15331}
{"ts": 1788406234.1016881, "client": "drafter-grok43", "model": "x-ai/grok-4.3", "tag": "draft:2012-006:combo", "in_tokens": 5084, "out_tokens": 1226, "est_cost": 0.009151, "latency_ms": 14843}
{"ts": 1788406236.245107, "client": "drafter-grok43", "model": "x-ai/grok-4.3", "tag": "draft:2013-068:baseline", "in_tokens": 4998, "out_tokens": 1126, "est_cost": 0.008794, "latency_ms": 16946}
{"ts": 1788406244.569036, "client": "drafter-grok43", "model": "x-ai/grok-4.3", "tag": "draft:1990-075:stakes", "in_tokens": 5141, "out_tokens": 1008, "est_cost": 0.008677, "latency_ms": 13282}
{"ts": 1788406247.034791, "client": "drafter-grok43", "model": "x-ai/grok-4.3", "tag": "draft:1998-026:baseline", "in_tokens": 1735, "out_tokens": 1000, "est_cost": 0.004467, "latency_ms": 12819}
{"ts": 1788406253.1116228, "client": "drafter-grok43", "model": "x-ai/grok-4.3", "tag": "draft:1990-114:temporal", "in_tokens": 4943, "out_tokens": 1713, "est_cost": 0.010192, "latency_ms": 21088}
{"ts": 1788406256.050221, "client": "drafter-grok43", "model": "x-ai/grok-4.3", "tag": "draft:2013-068:quota", "in_tokens": 5011, "out_tokens": 1461, "est_cost": 0.009647, "latency_ms": 19636}
{"ts": 1788406262.879887, "client": "drafter-grok43", "model": "x-ai/grok-4.3", "tag": "draft:1990-075:combo", "in_tokens": 5181, "out_tokens": 1413, "est_cost": 0.00974, "latency_ms": 18269}
{"ts": 1788406265.135259, "client": "drafter-grok43", "model": "x-ai/grok-4.3", "tag": "draft:1998-026:quota", "in_tokens": 1748, "out_tokens": 1345, "est_cost": 0.005279, "latency_ms": 18046}
{"ts": 1788406266.465962, "client": "drafter-grok43", "model": "x-ai/grok-4.3", "tag": "draft:1990-114:stakes", "in_tokens": 4946, "out_tokens": 1182, "est_cost": 0.008869, "latency_ms": 13298}
{"ts": 1788406275.911242, "client": "drafter-grok43", "model": "x-ai/grok-4.3", "tag": "draft:2013-068:temporal", "in_tokens": 5025, "out_tokens": 1401, "est_cost": 0.009515, "latency_ms": 19757}
{"ts": 1788406278.9374971, "client": "drafter-grok43", "model": "x-ai/grok-4.3", "tag": "draft:1997-033:baseline", "in_tokens": 2941, "out_tokens": 1224, "est_cost": 0.006535, "latency_ms": 15999}
{"ts": 1788406282.368947, "client": "drafter-grok43", "model": "x-ai/grok-4.3", "tag": "draft:1998-026:temporal", "in_tokens": 1762, "out_tokens": 1296, "est_cost": 0.005174, "latency_ms": 17181}
{"ts": 1788406291.250636, "client": "drafter-grok43", "model": "x-ai/grok-4.3", "tag": "draft:2013-068:stakes", "in_tokens": 5028, "out_tokens": 974, "est_cost": 0.008451, "latency_ms": 15319}
{"ts": 1788406291.9391448, "client": "drafter-grok43", "model": "x-ai/grok-4.3", "tag": "draft:1990-114:combo", "in_tokens": 4986, "out_tokens": 1727, "est_cost": 0.010281, "latency_ms": 25410}
{"ts": 1788406297.390069, "client": "drafter-grok43", "model": "x-ai/grok-4.3", "tag": "draft:1997-033:quota", "in_tokens": 2954, "out_tokens": 1654, "est_cost": 0.007559, "latency_ms": 18401}
{"ts": 1788406299.676702, "client": "drafter-grok43", "model": "x-ai/grok-4.3", "tag": "draft:1998-026:stakes", "in_tokens": 1765, "out_tokens": 1354, "est_cost": 0.00539, "latency_ms": 17291}
{"ts": 1788406307.9609432, "client": "drafter-grok43", "model": "x-ai/grok-4.3", "tag": "draft:2020-012:baseline", "in_tokens": 1988, "out_tokens": 1208, "est_cost": 0.005236, "latency_ms": 15979}
{"ts": 1788406312.8021739, "client": "drafter-grok43", "model": "x-ai/grok-4.3", "tag": "draft:2013-068:combo", "in_tokens": 5068, "out_tokens": 1704, "est_cost": 0.005353, "latency_ms": 21460}
{"ts": 1788406316.716897, "client": "drafter-grok43", "model": "x-ai/grok-4.3", "tag": "draft:1997-033:temporal", "in_tokens": 2968, "out_tokens": 1475, "est_cost": 0.007129, "latency_ms": 19222}
{"ts": 1788406321.603949, "client": "drafter-grok43", "model": "x-ai/grok-4.3", "tag": "draft:1998-026:combo", "in_tokens": 1805, "out_tokens": 1491, "est_cost": 0.005715, "latency_ms": 21889}
{"ts": 1788406324.8405252, "client": "drafter-grok43", "model": "x-ai/grok-4.3", "tag": "draft:2020-060:baseline", "in_tokens": 5484, "out_tokens": 970, "est_cost": 0.009011, "latency_ms": 11975}
{"ts": 1788406327.4671402, "client": "drafter-grok43", "model": "x-ai/grok-4.3", "tag": "draft:2020-012:quota", "in_tokens": 2001, "out_tokens": 1704, "est_cost": 0.006492, "latency_ms": 19445}
{"ts": 1788406334.678709, "client": "drafter-grok43", "model": "x-ai/grok-4.3", "tag": "draft:1997-100:baseline", "in_tokens": 5247, "out_tokens": 961, "est_cost": 0.008692, "latency_ms": 12994}
{"ts": 1788406334.8052402, "client": "drafter-grok43", "model": "x-ai/grok-4.3", "tag": "draft:1997-033:stakes", "in_tokens": 2971, "out_tokens": 1420, "est_cost": 0.006995, "latency_ms": 18048}
{"ts": 1788406337.39231, "client": "drafter-grok43", "model": "x-ai/grok-4.3", "tag": "draft:2020-060:quota", "in_tokens": 5497, "out_tokens": 1219, "est_cost": 0.009717, "latency_ms": 12508}
{"ts": 1788406349.4068532, "client": "drafter-grok43", "model": "x-ai/grok-4.3", "tag": "draft:2020-012:temporal", "in_tokens": 2015, "out_tokens": 1323, "est_cost": 0.005557, "latency_ms": 21838}
{"ts": 1788406352.0620239, "client": "drafter-grok43", "model": "x-ai/grok-4.3", "tag": "draft:1997-100:quota", "in_tokens": 5260, "out_tokens": 1327, "est_cost": 0.009691, "latency_ms": 17323}
{"ts": 1788406359.21838, "client": "drafter-grok43", "model": "x-ai/grok-4.3", "tag": "draft:1997-033:combo", "in_tokens": 3011, "out_tokens": 1745, "est_cost": 0.007925, "latency_ms": 24359}
{"ts": 1788406363.244708, "client": "drafter-grok43", "model": "x-ai/grok-4.3", "tag": "draft:2020-060:temporal", "in_tokens": 5511, "out_tokens": 1777, "est_cost": 0.011062, "latency_ms": 25788}
{"ts": 1788406369.126453, "client": "drafter-grok43", "model": "x-ai/grok-4.3", "tag": "draft:1997-100:temporal", "in_tokens": 5274, "out_tokens": 1469, "est_cost": 0.010063, "latency_ms": 17025}
{"ts": 1788406372.724965, "client": "drafter-grok43", "model": "x-ai/grok-4.3", "tag": "draft:2020-012:stakes", "in_tokens": 2018, "out_tokens": 1575, "est_cost": 0.006191, "latency_ms": 23287}
{"ts": 1788406376.357808, "client": "drafter-grok43", "model": "x-ai/grok-4.3", "tag": "draft:1998-085:baseline", "in_tokens": 4885, "out_tokens": 1274, "est_cost": 0.009022, "latency_ms": 17068}
{"ts": 1788406378.516533, "client": "drafter-grok43", "model": "x-ai/grok-4.3", "tag": "draft:2020-060:stakes", "in_tokens": 5514, "out_tokens": 1180, "est_cost": 0.009574, "latency_ms": 15208}
{"ts": 1788406382.64687, "client": "drafter-grok43", "model": "x-ai/grok-4.3", "tag": "draft:1997-100:stakes", "in_tokens": 5277, "out_tokens": 1145, "est_cost": 0.00919, "latency_ms": 13488}
{"ts": 1788406395.351359, "client": "drafter-grok43", "model": "x-ai/grok-4.3", "tag": "draft:1998-085:quota", "in_tokens": 4898, "out_tokens": 1483, "est_cost": 0.009561, "latency_ms": 18886}
{"ts": 1788406397.830046, "client": "drafter-grok43", "model": "x-ai/grok-4.3", "tag": "draft:2020-012:combo", "in_tokens": 2058, "out_tokens": 1862, "est_cost": 0.006959, "latency_ms": 25050}
{"ts": 1788406398.79357, "client": "drafter-grok43", "model": "x-ai/grok-4.3", "tag": "draft:1997-100:combo", "in_tokens": 5317, "out_tokens": 1401, "est_cost": 0.00988, "latency_ms": 16098}
{"ts": 1788406403.9003232, "client": "drafter-grok43", "model": "x-ai/grok-4.3", "tag": "draft:2020-060:combo", "in_tokens": 5554, "out_tokens": 1768, "est_cost": 0.011094, "latency_ms": 25348}
{"ts": 1788406415.2927182, "client": "drafter-grok43", "model": "x-ai/grok-4.3", "tag": "draft:2020-067:baseline", "in_tokens": 5060, "out_tokens": 1258, "est_cost": 0.009201, "latency_ms": 17396}
{"ts": 1788406415.431844, "client": "drafter-grok43", "model": "x-ai/grok-4.3", "tag": "draft:1998-085:temporal", "in_tokens": 4912, "out_tokens": 1415, "est_cost": 0.00457, "latency_ms": 20023}
{"ts": 1788406418.3951411, "client": "drafter-grok43", "model": "x-ai/grok-4.3", "tag": "draft:2003-043:baseline", "in_tokens": 4848, "out_tokens": 1033, "est_cost": 0.008374, "latency_ms": 14445}
{"ts": 1788406419.360605, "client": "drafter-grok43", "model": "x-ai/grok-4.3", "tag": "draft:2000-071:baseline", "in_tokens": 4775, "out_tokens": 1404, "est_cost": 0.00921, "latency_ms": 20493}
{"ts": 1788406432.180773, "client": "drafter-grok43", "model": "x-ai/grok-4.3", "tag": "draft:2020-067:quota", "in_tokens": 5073, "out_tokens": 1284, "est_cost": 0.004242, "latency_ms": 16824}
{"ts": 1788406433.2378361, "client": "drafter-grok43", "model": "x-ai/grok-4.3", "tag": "draft:1998-085:stakes", "in_tokens": 4915, "out_tokens": 1474, "est_cost": 0.00956, "latency_ms": 17779}
{"ts": 1788406434.907237, "client": "drafter-grok43", "model": "x-ai/grok-4.3", "tag": "draft:2000-071:quota", "in_tokens": 4788, "out_tokens": 1159, "est_cost": 0.008614, "latency_ms": 15482}
{"ts": 1788406437.037292, "client": "drafter-grok43", "model": "x-ai/grok-4.3", "tag": "draft:2003-043:quota", "in_tokens": 4861, "out_tokens": 1630, "est_cost": 0.00995, "latency_ms": 18590}
{"ts": 1788406447.8077078, "client": "drafter-grok43", "model": "x-ai/grok-4.3", "tag": "draft:2003-043:temporal", "in_tokens": 4875, "out_tokens": 1050, "est_cost": 0.00845, "latency_ms": 10733}
{"ts": 1788406451.7038012, "client": "drafter-grok43", "model": "x-ai/grok-4.3", "tag": "draft:2020-067:temporal", "in_tokens": 5087, "out_tokens": 1399, "est_cost": 0.009587, "latency_ms": 19472}
{"ts": 1788406453.067012, "client": "drafter-grok43", "model": "x-ai/grok-4.3", "tag": "draft:1998-085:combo", "in_tokens": 4955, "out_tokens": 1700, "est_cost": 0.010242, "latency_ms": 19782}
{"ts": 1788406453.802204, "client": "drafter-grok43", "model": "x-ai/grok-4.3", "tag": "draft:2000-071:temporal", "in_tokens": 4802, "out_tokens": 1224, "est_cost": 0.008794, "latency_ms": 18810}
{"ts": 1788406461.113344, "client": "drafter-grok43", "model": "x-ai/grok-4.3", "tag": "draft:2003-043:stakes", "in_tokens": 4878, "out_tokens": 1082, "est_cost": 0.008534, "latency_ms": 13280}
{"ts": 1788406464.079005, "client": "drafter-grok43", "model": "x-ai/grok-4.3", "tag": "draft:2020-067:stakes", "in_tokens": 5090, "out_tokens": 944, "est_cost": 0.008454, "latency_ms": 12331}
{"ts": 1788406467.094605, "client": "drafter-grok43", "model": "x-ai/grok-4.3", "tag": "draft:1997-021:baseline", "in_tokens": 5004, "out_tokens": 1173, "est_cost": 0.008919, "latency_ms": 13969}
{"ts": 1788406470.929808, "client": "drafter-grok43", "model": "x-ai/grok-4.3", "tag": "draft:2000-071:stakes", "in_tokens": 4805, "out_tokens": 1280, "est_cost": 0.008937, "latency_ms": 17087}
{"ts": 1788406476.4085429, "client": "drafter-grok43", "model": "x-ai/grok-4.3", "tag": "draft:2003-043:combo", "in_tokens": 4918, "out_tokens": 1456, "est_cost": 0.009519, "latency_ms": 15251}
{"ts": 1788406484.4793851, "client": "drafter-grok43", "model": "x-ai/grok-4.3", "tag": "draft:1997-021:quota", "in_tokens": 5017, "out_tokens": 1469, "est_cost": 0.009675, "latency_ms": 17283}
{"ts": 1788406485.8432279, "client": "drafter-grok43", "model": "x-ai/grok-4.3", "tag": "draft:2020-067:combo", "in_tokens": 5130, "out_tokens": 1621, "est_cost": 0.005156, "latency_ms": 21734}
{"ts": 1788406492.2382169, "client": "drafter-grok43", "model": "x-ai/grok-4.3", "tag": "draft:2010-026:baseline", "in_tokens": 4967, "out_tokens": 1205, "est_cost": 0.008952, "latency_ms": 15783}
{"ts": 1788406496.431853, "client": "drafter-grok43", "model": "x-ai/grok-4.3", "tag": "draft:2000-071:combo", "in_tokens": 4845, "out_tokens": 1713, "est_cost": 0.005366, "latency_ms": 25469}
{"ts": 1788406500.096726, "client": "drafter-grok43", "model": "x-ai/grok-4.3", "tag": "draft:2016-063:baseline", "in_tokens": 5161, "out_tokens": 993, "est_cost": 0.008732, "latency_ms": 14204}
{"ts": 1788406505.3483489, "client": "drafter-grok43", "model": "x-ai/grok-4.3", "tag": "draft:1997-021:temporal", "in_tokens": 5031, "out_tokens": 1631, "est_cost": 0.010165, "latency_ms": 20760}
{"ts": 1788406516.508831, "client": "drafter-grok43", "model": "x-ai/grok-4.3", "tag": "draft:2010-026:quota", "in_tokens": 4980, "out_tokens": 1632, "est_cost": 0.010036, "latency_ms": 24194}
{"ts": 1788406517.051162, "client": "drafter-grok43", "model": "x-ai/grok-4.3", "tag": "draft:2012-029:baseline", "in_tokens": 5338, "out_tokens": 1238, "est_cost": 0.009499, "latency_ms": 20518}
{"ts": 1788406522.26468, "client": "drafter-grok43", "model": "x-ai/grok-4.3", "tag": "draft:2016-063:quota", "in_tokens": 5174, "out_tokens": 1748, "est_cost": 0.010569, "latency_ms": 22119}
{"ts": 1788406525.458549, "client": "drafter-grok43", "model": "x-ai/grok-4.3", "tag": "draft:1997-021:stakes", "in_tokens": 5034, "out_tokens": 1457, "est_cost": 0.009666, "latency_ms": 20088}
{"ts": 1788406537.9967518, "client": "drafter-grok43", "model": "x-ai/grok-4.3", "tag": "draft:2012-029:quota", "in_tokens": 5351, "out_tokens": 1650, "est_cost": 0.010612, "latency_ms": 20808}
{"ts": 1788406538.01054, "client": "drafter-grok43", "model": "x-ai/grok-4.3", "tag": "draft:2010-026:temporal", "in_tokens": 4994, "out_tokens": 1480, "est_cost": 0.009674, "latency_ms": 21367}
{"ts": 1788406543.7359848, "client": "drafter-grok43", "model": "x-ai/grok-4.3", "tag": "draft:1997-021:combo", "in_tokens": 5074, "out_tokens": 1438, "est_cost": 0.009669, "latency_ms": 18203}
{"ts": 1788406551.914384, "client": "drafter-grok43", "model": "x-ai/grok-4.3", "tag": "draft:2010-026:stakes", "in_tokens": 4997, "out_tokens": 1407, "est_cost": 0.009495, "latency_ms": 13894}
{"ts": 1788406552.6006331, "client": "drafter-grok43", "model": "x-ai/grok-4.3", "tag": "draft:2016-063:temporal", "in_tokens": 5188, "out_tokens": 1819, "est_cost": 0.010764, "latency_ms": 30201}
{"ts": 1788406557.5648692, "client": "drafter-grok43", "model": "x-ai/grok-4.3", "tag": "draft:2012-029:temporal", "in_tokens": 5365, "out_tokens": 1339, "est_cost": 0.009785, "latency_ms": 19326}
{"ts": 1788406558.596948, "client": "drafter-grok43", "model": "x-ai/grok-4.3", "tag": "draft:2005-087:baseline", "in_tokens": 952, "out_tokens": 997, "est_cost": 0.003414, "latency_ms": 14810}
{"ts": 1788406568.6470442, "client": "drafter-grok43", "model": "x-ai/grok-4.3", "tag": "draft:2016-063:stakes", "in_tokens": 5191, "out_tokens": 1121, "est_cost": 0.009022, "latency_ms": 16013}
{"ts": 1788406574.978875, "client": "drafter-grok43", "model": "x-ai/grok-4.3", "tag": "draft:2012-029:stakes", "in_tokens": 5368, "out_tokens": 1161, "est_cost": 0.009344, "latency_ms": 17374}
{"ts": 1788406576.708116, "client": "drafter-grok43", "model": "x-ai/grok-4.3", "tag": "draft:2005-087:quota", "in_tokens": 965, "out_tokens": 1129, "est_cost": 0.00376, "latency_ms": 18045}
{"ts": 1788406579.023045, "client": "drafter-grok43", "model": "x-ai/grok-4.3", "tag": "draft:2010-026:combo", "in_tokens": 5037, "out_tokens": 1887, "est_cost": 0.010812, "latency_ms": 27027}
{"ts": 1788406591.359491, "client": "drafter-grok43", "model": "x-ai/grok-4.3", "tag": "draft:2016-063:combo", "in_tokens": 5231, "out_tokens": 1642, "est_cost": 0.010375, "latency_ms": 22670}
{"ts": 1788406593.684151, "client": "drafter-grok43", "model": "x-ai/grok-4.3", "tag": "draft:2015-007:baseline", "in_tokens": 4989, "out_tokens": 1017, "est_cost": 0.00851, "latency_ms": 14632}
{"ts": 1788406593.830814, "client": "drafter-grok43", "model": "x-ai/grok-4.3", "tag": "draft:2012-029:combo", "in_tokens": 5408, "out_tokens": 1472, "est_cost": 0.010171, "latency_ms": 18768}
{"ts": 1788406599.0375612, "client": "drafter-grok43", "model": "x-ai/grok-4.3", "tag": "draft:2005-087:temporal", "in_tokens": 979, "out_tokens": 1525, "est_cost": 0.004767, "latency_ms": 22290}
{"ts": 1788406605.161994, "client": "drafter-grok43", "model": "x-ai/grok-4.3", "tag": "draft:1994-059:baseline", "in_tokens": 4498, "out_tokens": 1032, "est_cost": 0.007934, "latency_ms": 13764}
{"ts": 1788406607.579488, "client": "drafter-grok43", "model": "x-ai/grok-4.3", "tag": "draft:1999-051:baseline", "in_tokens": 2158, "out_tokens": 1038, "est_cost": 0.005024, "latency_ms": 13717}
{"ts": 1788406613.5897741, "client": "drafter-grok43", "model": "x-ai/grok-4.3", "tag": "draft:2015-007:quota", "in_tokens": 5002, "out_tokens": 1477, "est_cost": 0.009676, "latency_ms": 19840}
{"ts": 1788406618.326231, "client": "drafter-grok43", "model": "x-ai/grok-4.3", "tag": "draft:2005-087:stakes", "in_tokens": 982, "out_tokens": 1268, "est_cost": 0.004129, "latency_ms": 19269}
{"ts": 1788406624.251678, "client": "drafter-grok43", "model": "x-ai/grok-4.3", "tag": "draft:1994-059:quota", "in_tokens": 4511, "out_tokens": 1515, "est_cost": 0.009157, "latency_ms": 19056}
{"ts": 1788406624.8373172, "client": "drafter-grok43", "model": "x-ai/grok-4.3", "tag": "draft:1999-051:quota", "in_tokens": 2171, "out_tokens": 1359, "est_cost": 0.005842, "latency_ms": 17227}
{"ts": 1788406631.5666502, "client": "drafter-grok43", "model": "x-ai/grok-4.3", "tag": "draft:2015-007:temporal", "in_tokens": 5016, "out_tokens": 1448, "est_cost": 0.009621, "latency_ms": 17956}
{"ts": 1788406637.7383091, "client": "drafter-grok43", "model": "x-ai/grok-4.3", "tag": "draft:2005-087:combo", "in_tokens": 1022, "out_tokens": 1514, "est_cost": 0.004794, "latency_ms": 19384}
{"ts": 1788406641.109365, "client": "drafter-grok43", "model": "x-ai/grok-4.3", "tag": "draft:1994-059:temporal", "in_tokens": 4525, "out_tokens": 1191, "est_cost": 0.008365, "latency_ms": 16795}
{"ts": 1788406642.461663, "client": "drafter-grok43", "model": "x-ai/grok-4.3", "tag": "draft:1999-051:temporal", "in_tokens": 2185, "out_tokens": 1276, "est_cost": 0.005652, "latency_ms": 17602}
{"ts": 1788406645.217249, "client": "drafter-grok43", "model": "x-ai/grok-4.3", "tag": "draft:2015-007:stakes", "in_tokens": 5019, "out_tokens": 934, "est_cost": 0.00834, "latency_ms": 13622}
{"ts": 1788406656.082834, "client": "drafter-grok43", "model": "x-ai/grok-4.3", "tag": "draft:1994-059:stakes", "in_tokens": 4528, "out_tokens": 1169, "est_cost": 0.008381, "latency_ms": 14942}
{"ts": 1788406658.973574, "client": "drafter-grok43", "model": "x-ai/grok-4.3", "tag": "draft:1999-051:stakes", "in_tokens": 2188, "out_tokens": 1167, "est_cost": 0.005384, "latency_ms": 16464}
{"ts": 1788406663.564888, "client": "drafter-grok43", "model": "x-ai/grok-4.3", "tag": "draft:2015-007:combo", "in_tokens": 5059, "out_tokens": 1685, "est_cost": 0.010335, "latency_ms": 18311}
{"ts": 1788406677.0097432, "client": "drafter-grok43", "model": "x-ai/grok-4.3", "tag": "draft:1994-059:combo", "in_tokens": 4568, "out_tokens": 1545, "est_cost": 0.009304, "latency_ms": 20869}
{"ts": 1788406679.133572, "client": "drafter-grok43", "model": "x-ai/grok-4.3", "tag": "draft:1999-051:combo", "in_tokens": 2228, "out_tokens": 1452, "est_cost": 0.006146, "latency_ms": 20118}
