1992-086:true            rounds=4 conv=False strict 0.333->0.333 exist 0.9167->1.0 cost=$0.010
1992-086:scrambled       rounds=4 conv=False strict 0.333->0.2 exist 0.9167->1.0 cost=$0.018
1992-086:none            rounds=4 conv=False strict 0.333->0.333 exist 0.9167->0.9167 cost=$0.030
1992-086:half            rounds=4 conv=False strict 0.333->0.25 exist 0.9167->0.9091 cost=$0.037
1992-086:quarter         rounds=4 conv=False strict 0.333->0.2 exist 0.9167->1.0 cost=$0.047
1992-086:threequarter    rounds=4 conv=False strict 0.333->0.2 exist 0.9167->1.0 cost=$0.051
1992-086:passage         rounds=3 conv=True strict 0.333->1.0 exist 0.9167->1.0 cost=$0.058
2010-046:true            rounds=4 conv=False strict 0.0->0.333 exist 0.9091->1.0 cost=$0.074
2010-046:scrambled       rounds=4 conv=False strict 0.0->0.0 exist 0.9091->0.9091 cost=$0.086
2010-046:none            rounds=4 conv=False strict 0.0->0.0 exist 0.9091->0.8889 cost=$0.097
2010-046:half            rounds=4 conv=False strict 0.0->0.0 exist 0.9091->1.0 cost=$0.107
2010-046:quarter         rounds=4 conv=False strict 0.0->0.0 exist 0.9091->0.7778 cost=$0.118
2010-046:threequarter    rounds=4 conv=False strict 0.0->0.333 exist 0.9091->1.0 cost=$0.129
2010-046:passage         rounds=4 conv=True strict 0.0->1.0 exist 0.9091->1.0 cost=$0.140
2012-006:true            rounds=2 conv=True strict None->None exist 0.9091->1.0 cost=$0.143
2012-006:scrambled       rounds=4 conv=False strict None->None exist 0.9091->0.9091 cost=$0.154
2012-006:none            rounds=4 conv=False strict None->None exist 0.9091->0.9091 cost=$0.161
2012-006:half            rounds=4 conv=False strict None->None exist 0.9091->0.9091 cost=$0.168
2012-006:quarter         rounds=2 conv=True strict None->None exist 0.9091->None cost=$0.170
2012-006:threequarter    rounds=2 conv=True strict None->None exist 0.9091->1.0 cost=$0.170
2012-006:passage         rounds=2 conv=True strict None->None exist 0.9091->1.0 cost=$0.170
1998-026:true            rounds=4 conv=False strict 0.222->0.222 exist 0.8667->0.8462 cost=$0.182
1998-026:scrambled       rounds=4 conv=False strict 0.222->0.111 exist 0.8667->0.8462 cost=$0.192
1998-026:none            rounds=4 conv=False strict 0.222->0.286 exist 0.8667->0.8 cost=$0.200
1998-026:half            rounds=4 conv=False strict 0.222->0.125 exist 0.8667->0.8 cost=$0.208
1998-026:quarter         rounds=4 conv=False strict 0.222->0.0 exist 0.8667->0.7778 cost=$0.213
1998-026:threequarter    rounds=4 conv=False strict 0.222->0.111 exist 0.8667->1.0 cost=$0.225
1998-026:passage         rounds=4 conv=True strict 0.222->1.0 exist 0.8667->1.0 cost=$0.235
1997-100:true            rounds=4 conv=True strict None->None exist 0.875->1.0 cost=$0.244
1997-100:scrambled       rounds=4 conv=False strict None->None exist 0.875->0.7143 cost=$0.254
1997-100:none            rounds=4 conv=False strict None->None exist 0.875->0.7143 cost=$0.262
1997-100:half            rounds=4 conv=False strict None->None exist 0.875->0.875 cost=$0.265
1997-100:quarter         rounds=4 conv=False strict None->None exist 0.875->0.7 cost=$0.274
1997-100:threequarter    rounds=4 conv=True strict None->None exist 0.875->1.0 cost=$0.283
1997-100:passage         rounds=4 conv=True strict None->None exist 0.875->1.0 cost=$0.283
2000-071:true            rounds=4 conv=False strict 0.056->0.2 exist 1.0->1.0 cost=$0.295
2000-071:scrambled       rounds=4 conv=False strict 0.056->0.077 exist 1.0->0.9167 cost=$0.305
2000-071:none            rounds=4 conv=False strict 0.056->0.318 exist 1.0->1.0 cost=$0.316
2000-071:half            rounds=4 conv=False strict 0.056->0.267 exist 1.0->1.0 cost=$0.326
2000-071:quarter         rounds=4 conv=False strict 0.056->0.222 exist 1.0->1.0 cost=$0.337
2000-071:threequarter    rounds=4 conv=False strict 0.056->0.071 exist 1.0->1.0 cost=$0.347
2000-071:passage         rounds=3 conv=True strict 0.056->None exist 1.0->1.0 cost=$0.355
2012-029:true            rounds=2 conv=True strict 0.5->1.0 exist 1.0->1.0 cost=$0.362
2012-029:scrambled       rounds=4 conv=False strict 0.5->0.0 exist 1.0->0.7273 cost=$0.372
2012-029:none            rounds=4 conv=False strict 0.5->0.5 exist 1.0->1.0 cost=$0.383
2012-029:half            rounds=4 conv=False strict 0.5->0.0 exist 1.0->1.0 cost=$0.390
2012-029:quarter         rounds=3 conv=True strict 0.5->1.0 exist 1.0->1.0 cost=$0.394
2012-029:threequarter    rounds=2 conv=True strict 0.5->1.0 exist 1.0->1.0 cost=$0.394
2012-029:passage         rounds=2 conv=True strict 0.5->1.0 exist 1.0->1.0 cost=$0.396
1999-051:true            rounds=2 conv=True strict 0.0->None exist 1.0->1.0 cost=$0.399
1999-051:scrambled       rounds=4 conv=False strict 0.0->0.0 exist 1.0->1.0 cost=$0.403
1999-051:none            rounds=4 conv=False strict 0.0->0.0 exist 1.0->0.9091 cost=$0.410
1999-051:half            rounds=4 conv=False strict 0.0->0.0 exist 1.0->0.75 cost=$0.415
1999-051:quarter         rounds=3 conv=True strict 0.0->None exist 1.0->1.0 cost=$0.417
1999-051:threequarter    rounds=3 conv=True strict 0.0->None exist 1.0->1.0 cost=$0.420
1999-051:passage         rounds=2 conv=True strict 0.0->None exist 1.0->1.0 cost=$0.422
done: 56 episodes, $0.422
