1992-109:true            rounds=1 conv=True strict None->None exist 1.0->1.0 cost=$0.000
1992-109:scrambled       rounds=1 conv=True strict None->None exist 1.0->1.0 cost=$0.000
1992-109:none            rounds=1 conv=True strict None->None exist 1.0->1.0 cost=$0.000
1992-109:half            rounds=1 conv=True strict None->None exist 1.0->1.0 cost=$0.000
1992-109:quarter         rounds=1 conv=True strict None->None exist 1.0->1.0 cost=$0.000
1992-109:threequarter    rounds=1 conv=True strict None->None exist 1.0->1.0 cost=$0.000
1992-109:passage         rounds=1 conv=True strict None->None exist 1.0->1.0 cost=$0.000
2009-045:true            rounds=1 conv=True strict 1.0->1.0 exist 1.0->1.0 cost=$0.000
2009-045:scrambled       rounds=1 conv=True strict 1.0->1.0 exist 1.0->1.0 cost=$0.000
2009-045:none            rounds=1 conv=True strict 1.0->1.0 exist 1.0->1.0 cost=$0.000
2009-045:half            rounds=1 conv=True strict 1.0->1.0 exist 1.0->1.0 cost=$0.000
2009-045:quarter         rounds=1 conv=True strict 1.0->1.0 exist 1.0->1.0 cost=$0.000
2009-045:threequarter    rounds=1 conv=True strict 1.0->1.0 exist 1.0->1.0 cost=$0.000
2009-045:passage         rounds=1 conv=True strict 1.0->1.0 exist 1.0->1.0 cost=$0.000
1997-046:true            rounds=4 conv=False strict 0.167->0.5 exist 1.0->1.0 cost=$0.012
1997-046:scrambled       rounds=4 conv=False strict 0.167->0.0 exist 1.0->0.9091 cost=$0.023
1997-046:none            rounds=4 conv=False strict 0.167->0.2 exist 1.0->1.0 cost=$0.035
1997-046:half            rounds=4 conv=False strict 0.167->0.25 exist 1.0->1.0 cost=$0.046
1997-046:quarter         rounds=4 conv=False strict 0.167->0.25 exist 1.0->1.0 cost=$0.056
1997-046:threequarter    rounds=4 conv=False strict 0.167->0.2 exist 1.0->1.0 cost=$0.070
1997-046:passage         rounds=3 conv=True strict 0.167->1.0 exist 1.0->1.0 cost=$0.080
2020-032:true            rounds=4 conv=True strict None->None exist 0.9231->1.0 cost=$0.091
2020-032:scrambled       rounds=4 conv=False strict None->None exist 0.9231->0.9167 cost=$0.102
2020-032:none            rounds=4 conv=False strict None->0.0 exist 0.9231->0.9231 cost=$0.113
2020-032:half            rounds=3 conv=True strict None->None exist 0.9231->1.0 cost=$0.121
2020-032:quarter         rounds=4 conv=False strict None->None exist 0.9231->0.8333 cost=$0.131
2020-032:threequarter    rounds=4 conv=True strict None->None exist 0.9231->1.0 cost=$0.131
2020-032:passage         rounds=4 conv=True strict None->None exist 0.9231->1.0 cost=$0.131
2015-055:true            rounds=4 conv=False strict 0.25->0.5 exist 0.8889->1.0 cost=$0.146
2015-055:scrambled       rounds=4 conv=False strict 0.25->0.25 exist 0.8889->0.8889 cost=$0.155
2015-055:none            rounds=4 conv=False strict 0.25->0.5 exist 0.8889->0.8571 cost=$0.163
2015-055:half            rounds=4 conv=False strict 0.25->0.0 exist 0.8889->1.0 cost=$0.171
2015-055:quarter         rounds=4 conv=False strict 0.25->0.0 exist 0.8889->1.0 cost=$0.180
2015-055:threequarter    rounds=4 conv=False strict 0.25->0.25 exist 0.8889->1.0 cost=$0.191
2015-055:passage         rounds=4 conv=False strict 0.25->0.4 exist 0.8889->1.0 cost=$0.199
2013-058:true            rounds=4 conv=False strict 0.0->0.0 exist 0.7647->1.0 cost=$0.211
2013-058:scrambled       rounds=4 conv=False strict 0.0->0.0 exist 0.7647->0.6429 cost=$0.227
2013-058:none            rounds=4 conv=False strict 0.0->0.0 exist 0.7647->0.7857 cost=$0.240
2013-058:half            rounds=4 conv=False strict 0.0->0.0 exist 0.7647->0.7692 cost=$0.252
2013-058:quarter         rounds=4 conv=False strict 0.0->0.0 exist 0.7647->0.6875 cost=$0.264
2013-058:threequarter    rounds=4 conv=False strict 0.0->0.0 exist 0.7647->0.8462 cost=$0.275
2013-058:passage         rounds=4 conv=True strict 0.0->1.0 exist 0.7647->1.0 cost=$0.285
2014-024:true            rounds=4 conv=False strict 0.0->0.333 exist 1.0->1.0 cost=$0.296
2014-024:scrambled       rounds=4 conv=False strict 0.0->0.0 exist 1.0->1.0 cost=$0.306
2014-024:none            rounds=4 conv=False strict 0.0->0.0 exist 1.0->1.0 cost=$0.313
2014-024:half            rounds=4 conv=False strict 0.0->0.0 exist 1.0->1.0 cost=$0.324
2014-024:quarter         rounds=4 conv=False strict 0.0->0.0 exist 1.0->1.0 cost=$0.332
2014-024:threequarter    rounds=4 conv=False strict 0.0->0.0 exist 1.0->0.9 cost=$0.341
2014-024:passage         rounds=4 conv=True strict 0.0->None exist 1.0->1.0 cost=$0.353
1990-075:true            rounds=2 conv=True strict 1.0->1.0 exist 0.9->1.0 cost=$0.357
1990-075:scrambled       rounds=4 conv=False strict 1.0->None exist 0.9->0.8 cost=$0.368
1990-075:none            rounds=4 conv=False strict 1.0->1.0 exist 0.9->0.8889 cost=$0.376
1990-075:half            rounds=2 conv=True strict 1.0->1.0 exist 0.9->1.0 cost=$0.376
1990-075:quarter         rounds=4 conv=True strict 1.0->None exist 0.9->1.0 cost=$0.384
1990-075:threequarter    rounds=2 conv=True strict 1.0->1.0 exist 0.9->1.0 cost=$0.384
1990-075:passage         rounds=2 conv=True strict 1.0->1.0 exist 0.9->1.0 cost=$0.384
done: 56 episodes, $0.384
