1997-033:true            rounds=4 conv=False strict 0.0->0.0 exist 0.9444->0.9444 cost=$0.014
1997-033:scrambled       rounds=4 conv=False strict 0.0->0.0 exist 0.9444->0.8824 cost=$0.028
1997-033:none            rounds=4 conv=False strict 0.0->0.0 exist 0.9444->0.9444 cost=$0.040
1997-033:half            rounds=4 conv=False strict 0.0->0.0 exist 0.9444->0.8824 cost=$0.054
1997-033:quarter         rounds=4 conv=False strict 0.0->0.0 exist 0.9444->0.9444 cost=$0.066
1997-033:threequarter    rounds=4 conv=False strict 0.0->0.0 exist 0.9444->0.8889 cost=$0.082
1997-033:passage         rounds=4 conv=False strict 0.0->0.4 exist 0.9444->1.0 cost=$0.096
1998-085:true            rounds=4 conv=False strict 0.0->0.0 exist 0.6364->0.8182 cost=$0.109
1998-085:scrambled       rounds=4 conv=False strict 0.0->0.0 exist 0.6364->0.3333 cost=$0.119
1998-085:none            rounds=4 conv=False strict 0.0->0.0 exist 0.6364->0.6364 cost=$0.130
1998-085:half            rounds=4 conv=False strict 0.0->0.0 exist 0.6364->0.6364 cost=$0.147
1998-085:quarter         rounds=4 conv=False strict 0.0->0.0 exist 0.6364->0.6364 cost=$0.160
1998-085:threequarter    rounds=4 conv=False strict 0.0->0.0 exist 0.6364->0.9091 cost=$0.172
1998-085:passage         rounds=4 conv=False strict 0.0->0.75 exist 0.6364->0.9167 cost=$0.186
1997-021:true            rounds=3 conv=True strict 0.0->None exist 0.8333->1.0 cost=$0.193
1997-021:scrambled       rounds=4 conv=False strict 0.0->0.0 exist 0.8333->0.8667 cost=$0.202
1997-021:none            rounds=4 conv=False strict 0.0->0.0 exist 0.8333->0.8182 cost=$0.213
1997-021:half            rounds=4 conv=False strict 0.0->0.0 exist 0.8333->0.4545 cost=$0.223
1997-021:quarter         rounds=4 conv=False strict 0.0->0.0 exist 0.8333->0.6364 cost=$0.233
1997-021:threequarter    rounds=4 conv=False strict 0.0->0.143 exist 0.8333->0.7143 cost=$0.246
1997-021:passage         rounds=4 conv=False strict 0.0->0.2 exist 0.8333->0.9167 cost=$0.255
2005-087:true            rounds=4 conv=False strict 0.2->0.2 exist 0.8333->0.9091 cost=$0.263
2005-087:scrambled       rounds=4 conv=False strict 0.2->0.0 exist 0.8333->0.5455 cost=$0.271
2005-087:none            rounds=4 conv=False strict 0.2->0.2 exist 0.8333->0.8333 cost=$0.279
2005-087:half            rounds=4 conv=False strict 0.2->0.25 exist 0.8333->0.7273 cost=$0.286
2005-087:quarter         rounds=4 conv=False strict 0.2->0.2 exist 0.8333->0.5385 cost=$0.297
2005-087:threequarter    rounds=4 conv=False strict 0.2->0.2 exist 0.8333->1.0 cost=$0.304
2005-087:passage         rounds=4 conv=True strict 0.2->1.0 exist 0.8333->1.0 cost=$0.311
2012-031:true            rounds=2 conv=True strict None->None exist 0.8333->1.0 cost=$0.315
2012-031:scrambled       rounds=4 conv=False strict None->None exist 0.8333->0.6 cost=$0.322
2012-031:none            rounds=4 conv=False strict None->None exist 0.8333->0.8333 cost=$0.331
2012-031:half            rounds=2 conv=True strict None->None exist 0.8333->1.0 cost=$0.331
2012-031:quarter         rounds=4 conv=True strict None->None exist 0.8333->1.0 cost=$0.338
2012-031:threequarter    rounds=2 conv=True strict None->None exist 0.8333->1.0 cost=$0.338
2012-031:passage         rounds=2 conv=True strict None->None exist 0.8333->1.0 cost=$0.339
2011-010:true            rounds=4 conv=False strict 0.2->0.333 exist 0.9333->1.0 cost=$0.353
2011-010:scrambled       rounds=4 conv=False strict 0.2->0.333 exist 0.9333->0.6875 cost=$0.371
2011-010:none            rounds=4 conv=False strict 0.2->None exist 0.9333->0.875 cost=$0.382
2011-010:half            rounds=4 conv=False strict 0.2->0.0 exist 0.9333->0.9333 cost=$0.392
2011-010:quarter         rounds=4 conv=False strict 0.2->0.0 exist 0.9333->0.8824 cost=$0.401
2011-010:threequarter    rounds=4 conv=False strict 0.2->0.333 exist 0.9333->1.0 cost=$0.401
2011-010:passage         rounds=3 conv=True strict 0.2->1.0 exist 0.9333->1.0 cost=$0.406
2005-074:true            rounds=4 conv=False strict 0.5->0.0 exist 0.4444->0.4444 cost=$0.414
2005-074:scrambled       rounds=4 conv=False strict 0.5->None exist 0.4444->0.2222 cost=$0.421
2005-074:none            rounds=4 conv=False strict 0.5->0.5 exist 0.4444->0.4444 cost=$0.425
2005-074:half            rounds=4 conv=False strict 0.5->0.0 exist 0.4444->0.5 cost=$0.428
2005-074:quarter         rounds=4 conv=False strict 0.5->0.0 exist 0.4444->0.25 cost=$0.432
2005-074:threequarter    rounds=4 conv=False strict 0.5->0.0 exist 0.4444->0.5556 cost=$0.436
2005-074:passage         rounds=4 conv=False strict 0.5->0.5 exist 0.4444->0.5 cost=$0.439
2001-013:true            rounds=4 conv=False strict 0.0->0.0 exist 0.625->0.75 cost=$0.443
2001-013:scrambled       rounds=4 conv=False strict 0.0->0.0 exist 0.625->0.375 cost=$0.447
2001-013:none            rounds=4 conv=False strict 0.0->0.0 exist 0.625->0.8 cost=$0.450
2001-013:half            rounds=4 conv=False strict 0.0->0.0 exist 0.625->0.7143 cost=$0.454
2001-013:quarter         rounds=4 conv=False strict 0.0->0.0 exist 0.625->0.6667 cost=$0.458
2001-013:threequarter    rounds=4 conv=False strict 0.0->0.0 exist 0.625->0.5714 cost=$0.461
2001-013:passage         rounds=4 conv=False strict 0.0->None exist 0.625->0.7778 cost=$0.465
done: 56 episodes, $0.465
