1992-086:true            rounds=2 conv=True strict 0.5->1.0 exist 1.0->1.0 cost=$0.002
1992-086:scrambled       rounds=4 conv=False strict 0.5->0.0 exist 1.0->1.0 cost=$0.021
1992-086:none            rounds=4 conv=True strict 0.5->None exist 1.0->1.0 cost=$0.038
1992-086:half            rounds=3 conv=True strict 0.5->1.0 exist 1.0->1.0 cost=$0.041
1992-086:quarter         rounds=4 conv=False strict 0.5->0.5 exist 1.0->1.0 cost=$0.062
1992-086:threequarter    rounds=2 conv=True strict 0.5->1.0 exist 1.0->1.0 cost=$0.062
1992-086:passage         rounds=2 conv=True strict 0.5->1.0 exist 1.0->1.0 cost=$0.063
2010-046:true            rounds=1 conv=True strict None->None exist 1.0->1.0 cost=$0.063
2010-046:scrambled       rounds=1 conv=True strict None->None exist 1.0->1.0 cost=$0.063
2010-046:none            rounds=1 conv=True strict None->None exist 1.0->1.0 cost=$0.063
2010-046:half            rounds=1 conv=True strict None->None exist 1.0->1.0 cost=$0.063
2010-046:quarter         rounds=1 conv=True strict None->None exist 1.0->1.0 cost=$0.063
2010-046:threequarter    rounds=1 conv=True strict None->None exist 1.0->1.0 cost=$0.063
2010-046:passage         rounds=1 conv=True strict None->None exist 1.0->1.0 cost=$0.063
2012-006:true            rounds=2 conv=True strict 0.0->None exist 1.0->1.0 cost=$0.070
2012-006:scrambled       rounds=4 conv=False strict 0.0->0.0 exist 1.0->1.0 cost=$0.084
2012-006:none            rounds=4 conv=False strict 0.0->0.0 exist 1.0->1.0 cost=$0.099
2012-006:half            rounds=4 conv=False strict 0.0->0.0 exist 1.0->1.0 cost=$0.120
2012-006:quarter         rounds=4 conv=False strict 0.0->0.0 exist 1.0->1.0 cost=$0.131
2012-006:threequarter    rounds=2 conv=True strict 0.0->None exist 1.0->1.0 cost=$0.131
2012-006:passage         rounds=2 conv=True strict 0.0->None exist 1.0->1.0 cost=$0.141
1998-026:true            rounds=3 conv=True strict None->None exist 0.7778->1.0 cost=$0.156
1998-026:scrambled       rounds=4 conv=False strict None->None exist 0.7778->0.7143 cost=$0.173
1998-026:none            rounds=4 conv=False strict None->None exist 0.7778->0.7778 cost=$0.198
1998-026:half            rounds=4 conv=False strict None->None exist 0.7778->0.8889 cost=$0.218
1998-026:quarter         rounds=4 conv=False strict None->None exist 0.7778->0.7778 cost=$0.234
1998-026:threequarter    rounds=4 conv=False strict None->None exist 0.7778->0.8571 cost=$0.249
1998-026:passage         rounds=3 conv=True strict None->None exist 0.7778->1.0 cost=$0.249
1997-100:true            rounds=1 conv=True strict None->None exist 1.0->1.0 cost=$0.249
1997-100:scrambled       rounds=1 conv=True strict None->None exist 1.0->1.0 cost=$0.249
1997-100:none            rounds=1 conv=True strict None->None exist 1.0->1.0 cost=$0.249
1997-100:half            rounds=1 conv=True strict None->None exist 1.0->1.0 cost=$0.249
1997-100:quarter         rounds=1 conv=True strict None->None exist 1.0->1.0 cost=$0.249
1997-100:threequarter    rounds=1 conv=True strict None->None exist 1.0->1.0 cost=$0.249
1997-100:passage         rounds=1 conv=True strict None->None exist 1.0->1.0 cost=$0.249
2000-071:true            rounds=2 conv=True strict None->None exist 0.8667->1.0 cost=$0.252
2000-071:scrambled       rounds=4 conv=False strict None->None exist 0.8667->0.7143 cost=$0.264
2000-071:none            rounds=4 conv=False strict None->None exist 0.8667->0.875 cost=$0.273
2000-071:half            rounds=3 conv=True strict None->None exist 0.8667->1.0 cost=$0.286
2000-071:quarter         rounds=4 conv=False strict None->None exist 0.8667->0.8 cost=$0.303
2000-071:threequarter    rounds=2 conv=True strict None->None exist 0.8667->1.0 cost=$0.303
2000-071:passage         rounds=2 conv=True strict None->None exist 0.8667->1.0 cost=$0.303
2012-029:true            rounds=3 conv=True strict 0.5->None exist 1.0->1.0 cost=$0.317
2012-029:scrambled       rounds=3 conv=True strict 0.5->None exist 1.0->1.0 cost=$0.329
2012-029:none            rounds=2 conv=True strict 0.5->None exist 1.0->1.0 cost=$0.331
2012-029:half            rounds=2 conv=True strict 0.5->None exist 1.0->1.0 cost=$0.333
2012-029:quarter         rounds=2 conv=True strict 0.5->None exist 1.0->1.0 cost=$0.336
2012-029:threequarter    rounds=3 conv=True strict 0.5->None exist 1.0->1.0 cost=$0.336
2012-029:passage         rounds=2 conv=True strict 0.5->None exist 1.0->1.0 cost=$0.342
1999-051:true            rounds=1 conv=True strict None->None exist 1.0->1.0 cost=$0.342
1999-051:scrambled       rounds=1 conv=True strict None->None exist 1.0->1.0 cost=$0.342
1999-051:none            rounds=1 conv=True strict None->None exist 1.0->1.0 cost=$0.342
1999-051:half            rounds=1 conv=True strict None->None exist 1.0->1.0 cost=$0.342
1999-051:quarter         rounds=1 conv=True strict None->None exist 1.0->1.0 cost=$0.342
1999-051:threequarter    rounds=1 conv=True strict None->None exist 1.0->1.0 cost=$0.342
1999-051:passage         rounds=1 conv=True strict None->None exist 1.0->1.0 cost=$0.342
done: 56 episodes, $0.342
