1992-109:true            rounds=1 conv=True strict None->None exist 1.0->1.0 cost=$0.000
1992-109:scrambled       rounds=1 conv=True strict None->None exist 1.0->1.0 cost=$0.000
1992-109:none            rounds=1 conv=True strict None->None exist 1.0->1.0 cost=$0.000
1992-109:half            rounds=1 conv=True strict None->None exist 1.0->1.0 cost=$0.000
1992-109:quarter         rounds=1 conv=True strict None->None exist 1.0->1.0 cost=$0.000
1992-109:threequarter    rounds=1 conv=True strict None->None exist 1.0->1.0 cost=$0.000
1992-109:passage         rounds=1 conv=True strict None->None exist 1.0->1.0 cost=$0.000
2009-045:true            rounds=3 conv=True strict 0.0->None exist 0.75->1.0 cost=$0.009
2009-045:scrambled       rounds=4 conv=False strict 0.0->None exist 0.75->0.0 cost=$0.019
2009-045:none            rounds=4 conv=False strict 0.0->0.0 exist 0.75->0.8333 cost=$0.029
2009-045:half            rounds=3 conv=True strict 0.0->None exist 0.75->1.0 cost=$0.045
2009-045:quarter         rounds=4 conv=False strict 0.0->None exist 0.75->0.6667 cost=$0.054
2009-045:threequarter    rounds=4 conv=False strict 0.0->None exist 0.75->0.8571 cost=$0.058
2009-045:passage         rounds=2 conv=True strict 0.0->1.0 exist 0.75->1.0 cost=$0.065
1997-046:true            rounds=3 conv=True strict 0.0->None exist 1.0->1.0 cost=$0.073
1997-046:scrambled       rounds=4 conv=True strict 0.0->None exist 1.0->1.0 cost=$0.089
1997-046:none            rounds=3 conv=True strict 0.0->None exist 1.0->1.0 cost=$0.097
1997-046:half            rounds=3 conv=True strict 0.0->None exist 1.0->1.0 cost=$0.103
1997-046:quarter         rounds=2 conv=True strict 0.0->None exist 1.0->1.0 cost=$0.106
1997-046:threequarter    rounds=3 conv=True strict 0.0->None exist 1.0->1.0 cost=$0.114
1997-046:passage         rounds=2 conv=True strict 0.0->1.0 exist 1.0->1.0 cost=$0.121
2020-032:true            rounds=1 conv=True strict None->None exist 1.0->1.0 cost=$0.121
2020-032:scrambled       rounds=1 conv=True strict None->None exist 1.0->1.0 cost=$0.121
2020-032:none            rounds=1 conv=True strict None->None exist 1.0->1.0 cost=$0.121
2020-032:half            rounds=1 conv=True strict None->None exist 1.0->1.0 cost=$0.121
2020-032:quarter         rounds=1 conv=True strict None->None exist 1.0->1.0 cost=$0.121
2020-032:threequarter    rounds=1 conv=True strict None->None exist 1.0->1.0 cost=$0.121
2020-032:passage         rounds=1 conv=True strict None->None exist 1.0->1.0 cost=$0.121
2015-055:true            rounds=2 conv=True strict 0.5->1.0 exist 1.0->1.0 cost=$0.131
2015-055:scrambled       rounds=4 conv=False strict 0.5->0.0 exist 1.0->0.8462 cost=$0.144
2015-055:none            rounds=3 conv=True strict 0.5->None exist 1.0->1.0 cost=$0.161
2015-055:half            rounds=3 conv=True strict 0.5->1.0 exist 1.0->1.0 cost=$0.175
2015-055:quarter         rounds=4 conv=True strict 0.5->1.0 exist 1.0->1.0 cost=$0.187
2015-055:threequarter    rounds=3 conv=True strict 0.5->1.0 exist 1.0->1.0 cost=$0.209
2015-055:passage         rounds=2 conv=True strict 0.5->1.0 exist 1.0->1.0 cost=$0.214
2013-058:true            rounds=2 conv=True strict 0.0->None exist 0.7778->1.0 cost=$0.215
2013-058:scrambled       rounds=4 conv=False strict 0.0->None exist 0.7778->0.2 cost=$0.224
2013-058:none            rounds=4 conv=False strict 0.0->0.0 exist 0.7778->0.8889 cost=$0.233
2013-058:half            rounds=2 conv=True strict 0.0->None exist 0.7778->1.0 cost=$0.233
2013-058:quarter         rounds=4 conv=False strict 0.0->None exist 0.7778->0.8 cost=$0.242
2013-058:threequarter    rounds=4 conv=True strict 0.0->None exist 0.7778->1.0 cost=$0.260
2013-058:passage         rounds=3 conv=True strict 0.0->None exist 0.7778->1.0 cost=$0.271
2014-024:true            rounds=2 conv=True strict None->None exist 0.9091->1.0 cost=$0.276
2014-024:scrambled       rounds=4 conv=False strict None->None exist 0.9091->0.9091 cost=$0.293
2014-024:none            rounds=4 conv=False strict None->None exist 0.9091->0.8889 cost=$0.306
2014-024:half            rounds=2 conv=True strict None->None exist 0.9091->1.0 cost=$0.306
2014-024:quarter         rounds=2 conv=True strict None->None exist 0.9091->1.0 cost=$0.306
2014-024:threequarter    rounds=4 conv=True strict None->None exist 0.9091->1.0 cost=$0.323
2014-024:passage         rounds=2 conv=True strict None->None exist 0.9091->1.0 cost=$0.323
1990-075:true            rounds=1 conv=True strict 1.0->1.0 exist 1.0->1.0 cost=$0.323
1990-075:scrambled       rounds=1 conv=True strict 1.0->1.0 exist 1.0->1.0 cost=$0.323
1990-075:none            rounds=1 conv=True strict 1.0->1.0 exist 1.0->1.0 cost=$0.323
1990-075:half            rounds=1 conv=True strict 1.0->1.0 exist 1.0->1.0 cost=$0.323
1990-075:quarter         rounds=1 conv=True strict 1.0->1.0 exist 1.0->1.0 cost=$0.323
1990-075:threequarter    rounds=1 conv=True strict 1.0->1.0 exist 1.0->1.0 cost=$0.323
1990-075:passage         rounds=1 conv=True strict 1.0->1.0 exist 1.0->1.0 cost=$0.323
done: 56 episodes, $0.323
