1997-033:true            rounds=3 conv=True strict 0.6->1.0 exist 1.0->1.0 cost=$0.014
1997-033:scrambled       rounds=4 conv=False strict 0.6->0.0 exist 1.0->0.8571 cost=$0.033
1997-033:none            rounds=3 conv=True strict 0.6->None exist 1.0->1.0 cost=$0.060
1997-033:half            rounds=4 conv=True strict 0.6->None exist 1.0->1.0 cost=$0.077
1997-033:quarter         rounds=3 conv=True strict 0.6->1.0 exist 1.0->1.0 cost=$0.087
1997-033:threequarter    rounds=3 conv=True strict 0.6->1.0 exist 1.0->1.0 cost=$0.087
1997-033:passage         rounds=2 conv=True strict 0.6->1.0 exist 1.0->1.0 cost=$0.096
1998-085:true            rounds=2 conv=True strict 0.5->1.0 exist 0.7273->1.0 cost=$0.105
1998-085:scrambled       rounds=4 conv=False strict 0.5->None exist 0.7273->0.2 cost=$0.118
1998-085:none            rounds=4 conv=False strict 0.5->0.0 exist 0.7273->0.7 cost=$0.139
1998-085:half            rounds=4 conv=False strict 0.5->None exist 0.7273->0.8333 cost=$0.151
1998-085:quarter         rounds=4 conv=False strict 0.5->None exist 0.7273->0.6 cost=$0.163
1998-085:threequarter    rounds=3 conv=True strict 0.5->None exist 0.7273->1.0 cost=$0.169
1998-085:passage         rounds=3 conv=True strict 0.5->1.0 exist 0.7273->1.0 cost=$0.185
1997-021:true            rounds=2 conv=True strict 0.0->None exist 0.6429->1.0 cost=$0.189
1997-021:scrambled       rounds=4 conv=False strict 0.0->0.0 exist 0.6429->0.5455 cost=$0.200
1997-021:none            rounds=4 conv=False strict 0.0->0.333 exist 0.6429->0.7 cost=$0.211
1997-021:half            rounds=3 conv=True strict 0.0->None exist 0.6429->1.0 cost=$0.231
1997-021:quarter         rounds=4 conv=False strict 0.0->None exist 0.6429->0.4286 cost=$0.247
1997-021:threequarter    rounds=3 conv=True strict 0.0->1.0 exist 0.6429->1.0 cost=$0.262
1997-021:passage         rounds=2 conv=True strict 0.0->None exist 0.6429->1.0 cost=$0.275
2005-087:true            rounds=2 conv=True strict 0.0->None exist 1.0->1.0 cost=$0.277
2005-087:scrambled       rounds=4 conv=False strict 0.0->0.0 exist 1.0->0.6667 cost=$0.289
2005-087:none            rounds=2 conv=True strict 0.0->None exist 1.0->1.0 cost=$0.295
2005-087:half            rounds=3 conv=True strict 0.0->None exist 1.0->1.0 cost=$0.299
2005-087:quarter         rounds=2 conv=True strict 0.0->None exist 1.0->1.0 cost=$0.301
2005-087:threequarter    rounds=2 conv=True strict 0.0->None exist 1.0->1.0 cost=$0.304
2005-087:passage         rounds=2 conv=True strict 0.0->None exist 1.0->1.0 cost=$0.309
2012-031:true            rounds=2 conv=True strict 0.0->None exist 1.0->1.0 cost=$0.313
2012-031:scrambled       rounds=4 conv=False strict 0.0->0.0 exist 1.0->0.8333 cost=$0.327
2012-031:none            rounds=2 conv=True strict 0.0->None exist 1.0->1.0 cost=$0.334
2012-031:half            rounds=2 conv=True strict 0.0->None exist 1.0->1.0 cost=$0.338
2012-031:quarter         rounds=4 conv=False strict 0.0->0.0 exist 1.0->1.0 cost=$0.345
2012-031:threequarter    rounds=2 conv=True strict 0.0->None exist 1.0->1.0 cost=$0.347
2012-031:passage         rounds=2 conv=True strict 0.0->None exist 1.0->1.0 cost=$0.349
2011-010:true            rounds=2 conv=True strict 0.5->1.0 exist 1.0->1.0 cost=$0.351
2011-010:scrambled       rounds=4 conv=False strict 0.5->0.0 exist 1.0->0.75 cost=$0.358
2011-010:none            rounds=4 conv=False strict 0.5->0.5 exist 1.0->1.0 cost=$0.364
2011-010:half            rounds=3 conv=True strict 0.5->None exist 1.0->1.0 cost=$0.369
2011-010:quarter         rounds=4 conv=True strict 0.5->None exist 1.0->1.0 cost=$0.373
2011-010:threequarter    rounds=2 conv=True strict 0.5->1.0 exist 1.0->1.0 cost=$0.373
2011-010:passage         rounds=2 conv=True strict 0.5->1.0 exist 1.0->1.0 cost=$0.375
2005-074:true            rounds=3 conv=True strict 0.0->None exist 1.0->1.0 cost=$0.380
2005-074:scrambled       rounds=4 conv=True strict 0.0->None exist 1.0->1.0 cost=$0.386
2005-074:none            rounds=4 conv=False strict 0.0->0.0 exist 1.0->1.0 cost=$0.392
2005-074:half            rounds=3 conv=True strict 0.0->None exist 1.0->1.0 cost=$0.394
2005-074:quarter         rounds=3 conv=True strict 0.0->None exist 1.0->1.0 cost=$0.398
2005-074:threequarter    rounds=4 conv=True strict 0.0->None exist 1.0->1.0 cost=$0.405
2005-074:passage         rounds=2 conv=True strict 0.0->None exist 1.0->1.0 cost=$0.407
2001-013:true            rounds=2 conv=True strict None->None exist 0.8667->1.0 cost=$0.408
2001-013:scrambled       rounds=4 conv=False strict None->None exist 0.8667->0.7857 cost=$0.413
2001-013:none            rounds=4 conv=False strict None->None exist 0.8667->0.9231 cost=$0.418
2001-013:half            rounds=3 conv=True strict None->None exist 0.8667->1.0 cost=$0.422
2001-013:quarter         rounds=4 conv=False strict None->None exist 0.8667->0.9167 cost=$0.427
2001-013:threequarter    rounds=2 conv=True strict None->None exist 0.8667->1.0 cost=$0.427
2001-013:passage         rounds=2 conv=True strict None->None exist 0.8667->1.0 cost=$0.427
done: 56 episodes, $0.427
