1992-109:true            rounds=3 conv=True strict 0.5->1.0 exist 1.0->1.0 cost=$0.009
1992-109:scrambled       rounds=4 conv=False strict 0.5->0.0 exist 1.0->1.0 cost=$0.018
1992-109:none            rounds=4 conv=False strict 0.5->0.429 exist 1.0->1.0 cost=$0.021
1992-109:half            rounds=4 conv=False strict 0.5->0.75 exist 1.0->1.0 cost=$0.024
1992-109:quarter         rounds=4 conv=False strict 0.5->0.0 exist 1.0->1.0 cost=$0.031
1992-109:threequarter    rounds=3 conv=True strict 0.5->1.0 exist 1.0->1.0 cost=$0.031
1992-109:passage         rounds=2 conv=True strict 0.5->1.0 exist 1.0->1.0 cost=$0.032
2009-045:true            rounds=2 conv=True strict 0.077->None exist 0.9167->1.0 cost=$0.036
empty completion r2:2009-045:scrambled (attempt 1)
2009-045:scrambled       rounds=4 conv=False strict 0.077->None exist 0.9167->0.5 cost=$0.065
2009-045:none            rounds=4 conv=False strict 0.077->0.1 exist 0.9167->0.9 cost=$0.074
2009-045:half            rounds=4 conv=False strict 0.077->0.0 exist 0.9167->1.0 cost=$0.091
2009-045:quarter         rounds=4 conv=False strict 0.077->None exist 0.9167->0.6667 cost=$0.098
empty completion r3:2009-045:threequarter (attempt 1)
2009-045:threequarter    rounds=4 conv=False strict 0.077->None exist 0.9167->0.7778 cost=$0.115
2009-045:passage         rounds=2 conv=True strict 0.077->None exist 0.9167->1.0 cost=$0.127
1997-046:true            rounds=4 conv=True strict 0.4->1.0 exist 1.0->1.0 cost=$0.138
1997-046:scrambled       rounds=4 conv=False strict 0.4->0.333 exist 1.0->1.0 cost=$0.144
1997-046:none            rounds=4 conv=False strict 0.4->0.2 exist 1.0->1.0 cost=$0.165
1997-046:half            rounds=4 conv=False strict 0.4->0.0 exist 1.0->1.0 cost=$0.179
1997-046:quarter         rounds=4 conv=True strict 0.4->None exist 1.0->1.0 cost=$0.183
1997-046:threequarter    rounds=4 conv=True strict 0.4->None exist 1.0->1.0 cost=$0.193
1997-046:passage         rounds=2 conv=True strict 0.4->1.0 exist 1.0->1.0 cost=$0.196
2020-032:true            rounds=4 conv=True strict 0.125->1.0 exist 1.0->1.0 cost=$0.207
2020-032:scrambled       rounds=4 conv=False strict 0.125->0.0 exist 1.0->1.0 cost=$0.213
2020-032:none            rounds=4 conv=False strict 0.125->0.0 exist 1.0->1.0 cost=$0.236
2020-032:half            rounds=2 conv=True strict 0.125->None exist 1.0->1.0 cost=$0.240
2020-032:quarter         rounds=4 conv=False strict 0.125->0.333 exist 1.0->1.0 cost=$0.258
2020-032:threequarter    rounds=4 conv=True strict 0.125->1.0 exist 1.0->1.0 cost=$0.263
2020-032:passage         rounds=2 conv=True strict 0.125->1.0 exist 1.0->1.0 cost=$0.266
2015-055:true            rounds=2 conv=True strict 0.0->None exist 1.0->1.0 cost=$0.269
2015-055:scrambled       rounds=4 conv=False strict 0.0->0.167 exist 1.0->1.0 cost=$0.276
2015-055:none            rounds=4 conv=False strict 0.0->0.0 exist 1.0->1.0 cost=$0.280
2015-055:half            rounds=4 conv=True strict 0.0->None exist 1.0->1.0 cost=$0.285
2015-055:quarter         rounds=4 conv=True strict 0.0->None exist 1.0->1.0 cost=$0.289
2015-055:threequarter    rounds=4 conv=False strict 0.0->0.0 exist 1.0->1.0 cost=$0.294
2015-055:passage         rounds=2 conv=True strict 0.0->None exist 1.0->1.0 cost=$0.294
2013-058:true            rounds=2 conv=True strict None->None exist 0.9->1.0 cost=$0.296
2013-058:scrambled       rounds=4 conv=False strict None->None exist 0.9->0.9 cost=$0.305
2013-058:none            rounds=4 conv=False strict None->None exist 0.9->0.9 cost=$0.310
2013-058:half            rounds=2 conv=True strict None->None exist 0.9->1.0 cost=$0.310
2013-058:quarter         rounds=4 conv=False strict None->None exist 0.9->0.9 cost=$0.319
2013-058:threequarter    rounds=2 conv=True strict None->None exist 0.9->1.0 cost=$0.319
2013-058:passage         rounds=2 conv=True strict None->None exist 0.9->1.0 cost=$0.319
2014-024:true            rounds=2 conv=True strict 0.571->1.0 exist 1.0->1.0 cost=$0.324
2014-024:scrambled       rounds=4 conv=False strict 0.571->0.333 exist 1.0->1.0 cost=$0.339
2014-024:none            rounds=4 conv=False strict 0.571->0.667 exist 1.0->1.0 cost=$0.347
2014-024:half            rounds=4 conv=False strict 0.571->0.6 exist 1.0->1.0 cost=$0.352
2014-024:quarter         rounds=4 conv=False strict 0.571->0.5 exist 1.0->1.0 cost=$0.355
2014-024:threequarter    rounds=4 conv=False strict 0.571->0.833 exist 1.0->1.0 cost=$0.358
2014-024:passage         rounds=4 conv=True strict 0.571->1.0 exist 1.0->1.0 cost=$0.362
1990-075:true            rounds=2 conv=True strict 0.0->None exist 1.0->1.0 cost=$0.363
1990-075:scrambled       rounds=4 conv=False strict 0.0->0.0 exist 1.0->1.0 cost=$0.366
1990-075:none            rounds=4 conv=False strict 0.0->0.2 exist 1.0->1.0 cost=$0.368
1990-075:half            rounds=2 conv=True strict 0.0->None exist 1.0->1.0 cost=$0.369
1990-075:quarter         rounds=4 conv=False strict 0.0->0.375 exist 1.0->1.0 cost=$0.374
1990-075:threequarter    rounds=3 conv=True strict 0.0->None exist 1.0->1.0 cost=$0.377
1990-075:passage         rounds=4 conv=True strict 0.0->None exist 1.0->1.0 cost=$0.379
done: 56 episodes, $0.379
