1992-086:true            rounds=4 conv=False strict 0.308->0.4 exist 1.0->1.0 cost=$0.014
1992-086:scrambled       rounds=4 conv=False strict 0.308->0.429 exist 1.0->1.0 cost=$0.032
1992-086:none            rounds=4 conv=False strict 0.308->0.25 exist 1.0->1.0 cost=$0.040
1992-086:half            rounds=4 conv=False strict 0.308->0.714 exist 1.0->1.0 cost=$0.047
1992-086:quarter         rounds=4 conv=False strict 0.308->0.714 exist 1.0->1.0 cost=$0.067
1992-086:threequarter    rounds=4 conv=False strict 0.308->0.75 exist 1.0->1.0 cost=$0.078
1992-086:passage         rounds=4 conv=True strict 0.308->1.0 exist 1.0->1.0 cost=$0.089
2010-046:true            rounds=2 conv=True strict 0.0->None exist 1.0->1.0 cost=$0.090
2010-046:scrambled       rounds=4 conv=False strict 0.0->0.0 exist 1.0->1.0 cost=$0.101
2010-046:none            rounds=4 conv=False strict 0.0->0.0 exist 1.0->1.0 cost=$0.105
2010-046:half            rounds=4 conv=False strict 0.0->0.0 exist 1.0->1.0 cost=$0.111
2010-046:quarter         rounds=4 conv=False strict 0.0->0.0 exist 1.0->1.0 cost=$0.124
2010-046:threequarter    rounds=3 conv=True strict 0.0->None exist 1.0->1.0 cost=$0.132
2010-046:passage         rounds=3 conv=True strict 0.0->None exist 1.0->1.0 cost=$0.136
2012-006:true            rounds=4 conv=True strict 0.0->None exist 0.9->1.0 cost=$0.141
2012-006:scrambled       rounds=4 conv=False strict 0.0->0.0 exist 0.9->0.8571 cost=$0.153
2012-006:none            rounds=4 conv=False strict 0.0->0.0 exist 0.9->0.9091 cost=$0.163
2012-006:half            rounds=4 conv=False strict 0.0->None exist 0.9->0.9 cost=$0.170
2012-006:quarter         rounds=4 conv=False strict 0.0->0.0 exist 0.9->0.8333 cost=$0.181
2012-006:threequarter    rounds=4 conv=False strict 0.0->0.0 exist 0.9->1.0 cost=$0.191
2012-006:passage         rounds=3 conv=True strict 0.0->1.0 exist 0.9->1.0 cost=$0.195
1998-026:true            rounds=3 conv=True strict 0.333->1.0 exist 0.9->1.0 cost=$0.199
1998-026:scrambled       rounds=4 conv=False strict 0.333->0.0 exist 0.9->0.9 cost=$0.212
1998-026:none            rounds=4 conv=False strict 0.333->0.25 exist 0.9->1.0 cost=$0.225
1998-026:half            rounds=4 conv=True strict 0.333->None exist 0.9->1.0 cost=$0.227
1998-026:quarter         rounds=4 conv=False strict 0.333->0.0 exist 0.9->1.0 cost=$0.238
1998-026:threequarter    rounds=4 conv=True strict 0.333->1.0 exist 0.9->1.0 cost=$0.242
1998-026:passage         rounds=3 conv=True strict 0.333->1.0 exist 0.9->1.0 cost=$0.248
1997-100:true            rounds=2 conv=True strict 0.2->1.0 exist 1.0->1.0 cost=$0.249
1997-100:scrambled       rounds=4 conv=False strict 0.2->0.0 exist 1.0->1.0 cost=$0.256
1997-100:none            rounds=4 conv=False strict 0.2->0.333 exist 1.0->1.0 cost=$0.264
1997-100:half            rounds=4 conv=True strict 0.2->None exist 1.0->1.0 cost=$0.274
1997-100:quarter         rounds=4 conv=False strict 0.2->0.0 exist 1.0->1.0 cost=$0.285
1997-100:threequarter    rounds=4 conv=False strict 0.2->0.5 exist 1.0->1.0 cost=$0.293
1997-100:passage         rounds=2 conv=True strict 0.2->1.0 exist 1.0->1.0 cost=$0.297
2000-071:true            rounds=1 conv=True strict 1.0->1.0 exist 1.0->1.0 cost=$0.297
2000-071:scrambled       rounds=1 conv=True strict 1.0->1.0 exist 1.0->1.0 cost=$0.297
2000-071:none            rounds=1 conv=True strict 1.0->1.0 exist 1.0->1.0 cost=$0.297
2000-071:half            rounds=1 conv=True strict 1.0->1.0 exist 1.0->1.0 cost=$0.297
2000-071:quarter         rounds=1 conv=True strict 1.0->1.0 exist 1.0->1.0 cost=$0.297
2000-071:threequarter    rounds=1 conv=True strict 1.0->1.0 exist 1.0->1.0 cost=$0.297
2000-071:passage         rounds=1 conv=True strict 1.0->1.0 exist 1.0->1.0 cost=$0.297
2012-029:true            rounds=3 conv=True strict 0.667->1.0 exist 0.9091->1.0 cost=$0.300
2012-029:scrambled       rounds=4 conv=False strict 0.667->0.333 exist 0.9091->0.875 cost=$0.308
2012-029:none            rounds=4 conv=False strict 0.667->0.667 exist 0.9091->0.9091 cost=$0.316
2012-029:half            rounds=4 conv=False strict 0.667->0.667 exist 0.9091->1.0 cost=$0.320
2012-029:quarter         rounds=3 conv=True strict 0.667->1.0 exist 0.9091->1.0 cost=$0.325
2012-029:threequarter    rounds=3 conv=True strict 0.667->1.0 exist 0.9091->1.0 cost=$0.325
2012-029:passage         rounds=2 conv=True strict 0.667->1.0 exist 0.9091->1.0 cost=$0.326
1999-051:true            rounds=1 conv=True strict 1.0->1.0 exist 1.0->1.0 cost=$0.326
1999-051:scrambled       rounds=1 conv=True strict 1.0->1.0 exist 1.0->1.0 cost=$0.326
1999-051:none            rounds=1 conv=True strict 1.0->1.0 exist 1.0->1.0 cost=$0.326
1999-051:half            rounds=1 conv=True strict 1.0->1.0 exist 1.0->1.0 cost=$0.326
1999-051:quarter         rounds=1 conv=True strict 1.0->1.0 exist 1.0->1.0 cost=$0.326
1999-051:threequarter    rounds=1 conv=True strict 1.0->1.0 exist 1.0->1.0 cost=$0.326
1999-051:passage         rounds=1 conv=True strict 1.0->1.0 exist 1.0->1.0 cost=$0.326
done: 56 episodes, $0.326
