1997-033:true            rounds=1 conv=True strict 1.0->1.0 exist 1.0->1.0 cost=$0.000
1997-033:scrambled       rounds=1 conv=True strict 1.0->1.0 exist 1.0->1.0 cost=$0.000
1997-033:none            rounds=1 conv=True strict 1.0->1.0 exist 1.0->1.0 cost=$0.000
1997-033:half            rounds=1 conv=True strict 1.0->1.0 exist 1.0->1.0 cost=$0.000
1997-033:quarter         rounds=1 conv=True strict 1.0->1.0 exist 1.0->1.0 cost=$0.000
1997-033:threequarter    rounds=1 conv=True strict 1.0->1.0 exist 1.0->1.0 cost=$0.000
1997-033:passage         rounds=1 conv=True strict 1.0->1.0 exist 1.0->1.0 cost=$0.000
1998-085:true            rounds=2 conv=True strict 0.0->None exist 1.0->1.0 cost=$0.001
1998-085:scrambled       rounds=4 conv=False strict 0.0->0.0 exist 1.0->0.75 cost=$0.013
1998-085:none            rounds=4 conv=False strict 0.0->0.0 exist 1.0->1.0 cost=$0.016
empty completion r1:1998-085:half (attempt 1)
1998-085:half            rounds=4 conv=True strict 0.0->None exist 1.0->1.0 cost=$0.038
1998-085:quarter         rounds=2 conv=True strict 0.0->None exist 1.0->1.0 cost=$0.039
1998-085:threequarter    rounds=4 conv=True strict 0.0->None exist 1.0->1.0 cost=$0.045
1998-085:passage         rounds=2 conv=True strict 0.0->None exist 1.0->1.0 cost=$0.046
1997-021:true            rounds=2 conv=True strict 0.0->None exist 1.0->1.0 cost=$0.048
1997-021:scrambled       rounds=4 conv=False strict 0.0->0.125 exist 1.0->1.0 cost=$0.054
1997-021:none            rounds=4 conv=False strict 0.0->0.0 exist 1.0->1.0 cost=$0.061
1997-021:half            rounds=4 conv=True strict 0.0->None exist 1.0->1.0 cost=$0.070
1997-021:quarter         rounds=4 conv=False strict 0.0->0.0 exist 1.0->1.0 cost=$0.073
1997-021:threequarter    rounds=4 conv=False strict 0.0->0.333 exist 1.0->1.0 cost=$0.077
1997-021:passage         rounds=2 conv=True strict 0.0->None exist 1.0->1.0 cost=$0.077
2005-087:true            rounds=2 conv=True strict 0.056->None exist 1.0->1.0 cost=$0.079
2005-087:scrambled       rounds=4 conv=False strict 0.056->0.0 exist 1.0->1.0 cost=$0.086
2005-087:none            rounds=4 conv=False strict 0.056->0.0 exist 1.0->1.0 cost=$0.092
2005-087:half            rounds=4 conv=False strict 0.056->0.0 exist 1.0->1.0 cost=$0.097
2005-087:quarter         rounds=4 conv=False strict 0.056->0.143 exist 1.0->1.0 cost=$0.117
2005-087:threequarter    rounds=2 conv=True strict 0.056->None exist 1.0->1.0 cost=$0.120
2005-087:passage         rounds=2 conv=True strict 0.056->None exist 1.0->1.0 cost=$0.122
2012-031:true            rounds=2 conv=True strict 0.182->None exist 1.0->1.0 cost=$0.126
2012-031:scrambled       rounds=4 conv=False strict 0.182->0.0 exist 1.0->1.0 cost=$0.135
2012-031:none            rounds=4 conv=False strict 0.182->0.111 exist 1.0->1.0 cost=$0.148
2012-031:half            rounds=2 conv=True strict 0.182->None exist 1.0->1.0 cost=$0.149
2012-031:quarter         rounds=4 conv=False strict 0.182->0.0 exist 1.0->1.0 cost=$0.157
2012-031:threequarter    rounds=2 conv=True strict 0.182->1.0 exist 1.0->1.0 cost=$0.160
2012-031:passage         rounds=2 conv=True strict 0.182->1.0 exist 1.0->1.0 cost=$0.163
2011-010:true            rounds=2 conv=True strict 0.286->1.0 exist 1.0->1.0 cost=$0.167
2011-010:scrambled       rounds=2 conv=True strict 0.286->None exist 1.0->1.0 cost=$0.176
2011-010:none            rounds=4 conv=True strict 0.286->1.0 exist 1.0->1.0 cost=$0.197
2011-010:half            rounds=4 conv=False strict 0.286->0.5 exist 1.0->1.0 cost=$0.209
empty completion r1:2011-010:quarter (attempt 1)
2011-010:quarter         rounds=4 conv=False strict 0.286->None exist 1.0->0.9167 cost=$0.224
2011-010:threequarter    rounds=2 conv=True strict 0.286->1.0 exist 1.0->1.0 cost=$0.224
2011-010:passage         rounds=4 conv=True strict 0.286->None exist 1.0->1.0 cost=$0.233
2005-074:true            rounds=2 conv=True strict 0.0->None exist 0.8889->1.0 cost=$0.243
2005-074:scrambled       rounds=4 conv=False strict 0.0->0.0 exist 0.8889->0.8333 cost=$0.260
2005-074:none            rounds=4 conv=False strict 0.0->0.0 exist 0.8889->0.8889 cost=$0.271
2005-074:half            rounds=4 conv=False strict 0.0->0.0 exist 0.8889->1.0 cost=$0.284
2005-074:quarter         rounds=4 conv=False strict 0.0->0.0 exist 0.8889->1.0 cost=$0.314
2005-074:threequarter    rounds=3 conv=True strict 0.0->None exist 0.8889->1.0 cost=$0.326
2005-074:passage         rounds=2 conv=True strict 0.0->1.0 exist 0.8889->1.0 cost=$0.327
2001-013:true            rounds=3 conv=True strict 0.0->None exist 0.9->1.0 cost=$0.330
2001-013:scrambled       rounds=4 conv=False strict 0.0->0.0 exist 0.9->0.5714 cost=$0.334
2001-013:none            rounds=4 conv=False strict 0.0->0.0 exist 0.9->0.9 cost=$0.341
2001-013:half            rounds=4 conv=False strict 0.0->0.0 exist 0.9->1.0 cost=$0.350
2001-013:quarter         rounds=4 conv=False strict 0.0->0.5 exist 0.9->1.0 cost=$0.353
2001-013:threequarter    rounds=3 conv=True strict 0.0->1.0 exist 0.9->1.0 cost=$0.355
2001-013:passage         rounds=3 conv=True strict 0.0->None exist 0.9->1.0 cost=$0.357
done: 56 episodes, $0.357
