{"ts": 1788239273.474625, "client": "drafter-glm47flash", "model": "z-ai/glm-4.7-flash", "tag": "draft:1992-109:baseline", "in_tokens": 5282, "out_tokens": 2537, "est_cost": 0.001068, "latency_ms": 17228}
{"ts": 1788239305.472898, "client": "drafter-glm47flash", "model": "z-ai/glm-4.7-flash", "tag": "draft:2019-024:baseline", "in_tokens": 4947, "out_tokens": 3236, "est_cost": 0.001594, "latency_ms": 49226}
{"ts": 1788239354.900191, "client": "drafter-glm47flash", "model": "z-ai/glm-4.7-flash", "tag": "draft:1992-109:quota", "in_tokens": 5292, "out_tokens": 12000, "est_cost": 0.004854, "latency_ms": 81381}
{"ts": 1788239438.97356, "client": "drafter-glm47flash", "model": "z-ai/glm-4.7-flash", "tag": "draft:1992-109:quota", "in_tokens": 5292, "out_tokens": 12000, "est_cost": 0.004853, "latency_ms": 84070}
{"ts": 1788239475.95973, "client": "drafter-glm47flash", "model": "z-ai/glm-4.7-flash", "tag": "draft:1992-109:quota", "in_tokens": 5292, "out_tokens": 4618, "est_cost": 0.0019, "latency_ms": 36983}
{"ts": 1788239497.233396, "client": "drafter-glm47flash", "model": "z-ai/glm-4.7-flash", "tag": "draft:1992-109:temporal", "in_tokens": 5310, "out_tokens": 2937, "est_cost": 0.00123, "latency_ms": 21079}
{"ts": 1788239522.057585, "client": "drafter-glm47flash", "model": "z-ai/glm-4.7-flash", "tag": "draft:1992-109:stakes", "in_tokens": 5312, "out_tokens": 3440, "est_cost": 0.001431, "latency_ms": 24792}
{"ts": 1788239534.7081442, "client": "drafter-glm47flash", "model": "z-ai/glm-4.7-flash", "tag": "draft:2019-024:quota", "in_tokens": 4957, "out_tokens": 12000, "est_cost": 0.0051, "latency_ms": 229173}
{"ts": 1788239606.625039, "client": "drafter-glm47flash", "model": "z-ai/glm-4.7-flash", "tag": "draft:1992-109:combo", "in_tokens": 5350, "out_tokens": 12000, "est_cost": 0.004857, "latency_ms": 84528}
{"ts": 1788239619.44331, "client": "drafter-glm47flash", "model": "z-ai/glm-4.7-flash", "tag": "draft:2012-031:baseline", "in_tokens": 4892, "out_tokens": 2743, "est_cost": 0.001393, "latency_ms": 40030}
{"ts": 1788239627.081228, "client": "drafter-glm47flash", "model": "z-ai/glm-4.7-flash", "tag": "draft:2015-066:baseline", "in_tokens": 5352, "out_tokens": 2784, "est_cost": 0.001437, "latency_ms": 47668}
{"ts": 1788239646.845058, "client": "drafter-glm47flash", "model": "z-ai/glm-4.7-flash", "tag": "draft:1992-109:combo", "in_tokens": 5350, "out_tokens": 4758, "est_cost": 0.001957, "latency_ms": 40211}
{"ts": 1788239671.7929971, "client": "drafter-glm47flash", "model": "z-ai/glm-4.7-flash", "tag": "draft:2000-087:baseline", "in_tokens": 4839, "out_tokens": 3204, "est_cost": 0.001574, "latency_ms": 46214}
{"ts": 1788239679.723962, "client": "drafter-glm47flash", "model": "z-ai/glm-4.7-flash", "tag": "draft:2012-031:quota", "in_tokens": 4902, "out_tokens": 4204, "est_cost": 0.001978, "latency_ms": 60181}
{"ts": 1788239682.599194, "client": "drafter-glm47flash", "model": "z-ai/glm-4.7-flash", "tag": "draft:2014-024:baseline", "in_tokens": 4980, "out_tokens": 2547, "est_cost": 0.00132, "latency_ms": 57022}
{"ts": 1788239684.64753, "client": "drafter-glm47flash", "model": "z-ai/glm-4.7-flash", "tag": "draft:2009-045:baseline", "in_tokens": 5496, "out_tokens": 3540, "est_cost": 0.001749, "latency_ms": 37735}
{"ts": 1788239686.4421592, "client": "drafter-glm47flash", "model": "z-ai/glm-4.7-flash", "tag": "draft:2015-066:quota", "in_tokens": 5362, "out_tokens": 4572, "est_cost": 0.002147, "latency_ms": 59318}
{"ts": 1788239689.138699, "client": "drafter-glm47flash", "model": "z-ai/glm-4.7-flash", "tag": "draft:1998-085:baseline", "in_tokens": 4839, "out_tokens": 2054, "est_cost": 0.001114, "latency_ms": 23551}
{"ts": 1788239694.6187022, "client": "drafter-glm47flash", "model": "z-ai/glm-4.7-flash", "tag": "draft:2000-087:baseline", "in_tokens": 4839, "out_tokens": 2367, "est_cost": 0.00124, "latency_ms": 29088}
{"ts": 1788239697.676579, "client": "drafter-glm47flash", "model": "z-ai/glm-4.7-flash", "tag": "draft:1999-033:baseline", "in_tokens": 4967, "out_tokens": 3611, "est_cost": 0.001745, "latency_ms": 72099}
{"ts": 1788239697.8567722, "client": "drafter-glm47flash", "model": "z-ai/glm-4.7-flash", "tag": "draft:2012-006:baseline", "in_tokens": 5007, "out_tokens": 3587, "est_cost": 0.001781, "latency_ms": 32107}
{"ts": 1788239702.9804008, "client": "drafter-glm47flash", "model": "z-ai/glm-4.7-flash", "tag": "draft:2020-032:baseline", "in_tokens": 5114, "out_tokens": 2588, "est_cost": 0.001345, "latency_ms": 37321}
{"ts": 1788239704.5758998, "client": "drafter-glm47flash", "model": "z-ai/glm-4.7-flash", "tag": "draft:2015-066:quota", "in_tokens": 5362, "out_tokens": 3573, "est_cost": 0.001754, "latency_ms": 38669}
{"ts": 1788239705.726041, "client": "drafter-glm47flash", "model": "z-ai/glm-4.7-flash", "tag": "draft:2020-067:baseline", "in_tokens": 5006, "out_tokens": 3783, "est_cost": 0.001816, "latency_ms": 40003}
{"ts": 1788239709.750101, "client": "drafter-glm47flash", "model": "z-ai/glm-4.7-flash", "tag": "draft:2012-031:quota", "in_tokens": 4902, "out_tokens": 3052, "est_cost": 0.001517, "latency_ms": 43823}
{"ts": 1788239715.183564, "client": "drafter-glm47flash", "model": "z-ai/glm-4.7-flash", "tag": "draft:2020-005:baseline", "in_tokens": 5027, "out_tokens": 2702, "est_cost": 0.001385, "latency_ms": 49820}
{"ts": 1788239717.140092, "client": "drafter-glm47flash", "model": "z-ai/glm-4.7-flash", "tag": "draft:2010-065:baseline", "in_tokens": 5301, "out_tokens": 2662, "est_cost": 0.001386, "latency_ms": 51453}
{"ts": 1788239717.636108, "client": "drafter-glm47flash", "model": "z-ai/glm-4.7-flash", "tag": "draft:2019-024:quota", "in_tokens": 4957, "out_tokens": 12000, "est_cost": 0.0051, "latency_ms": 182924}
{"ts": 1788239717.937639, "client": "drafter-glm47flash", "model": "z-ai/glm-4.7-flash", "tag": "draft:2003-043:baseline", "in_tokens": 4799, "out_tokens": 2840, "est_cost": 0.001426, "latency_ms": 52309}
{"ts": 1788239722.0128481, "client": "drafter-glm47flash", "model": "z-ai/glm-4.7-flash", "tag": "draft:1999-033:baseline", "in_tokens": 4967, "out_tokens": 2834, "est_cost": 0.001434, "latency_ms": 56666}
{"ts": 1788239733.7031412, "client": "drafter-glm47flash", "model": "z-ai/glm-4.7-flash", "tag": "draft:2001-013:baseline", "in_tokens": 2835, "out_tokens": 6051, "est_cost": 0.002592, "latency_ms": 67951}
{"ts": 1788239735.5923588, "client": "drafter-glm47flash", "model": "z-ai/glm-4.7-flash", "tag": "draft:2000-087:quota", "in_tokens": 4849, "out_tokens": 5584, "est_cost": 0.002527, "latency_ms": 63710}
{"ts": 1788239749.5739362, "client": "drafter-glm47flash", "model": "z-ai/glm-4.7-flash", "tag": "draft:2019-024:quota", "in_tokens": 4957, "out_tokens": 4328, "est_cost": 0.002031, "latency_ms": 83676}
{"ts": 1788239753.355154, "client": "drafter-glm47flash", "model": "z-ai/glm-4.7-flash", "tag": "draft:2000-071:baseline", "in_tokens": 4713, "out_tokens": 4491, "est_cost": 0.002082, "latency_ms": 87885}
{"ts": 1788239764.9091048, "client": "drafter-glm47flash", "model": "z-ai/glm-4.7-flash", "tag": "draft:2009-045:quota", "in_tokens": 5506, "out_tokens": 12000, "est_cost": 0.005133, "latency_ms": 80209}
{"ts": 1788239765.497665, "client": "drafter-glm47flash", "model": "z-ai/glm-4.7-flash", "tag": "draft:2020-032:quota", "in_tokens": 5124, "out_tokens": 5044, "est_cost": 0.002328, "latency_ms": 62456}
{"ts": 1788239772.886522, "client": "drafter-glm47flash", "model": "z-ai/glm-4.7-flash", "tag": "draft:1998-085:quota", "in_tokens": 4849, "out_tokens": 5193, "est_cost": 0.002371, "latency_ms": 83667}
{"ts": 1788239773.7994251, "client": "drafter-glm47flash", "model": "z-ai/glm-4.7-flash", "tag": "draft:2010-065:quota", "in_tokens": 5311, "out_tokens": 2676, "est_cost": 0.001392, "latency_ms": 56528}
{"ts": 1788239776.6681569, "client": "drafter-glm47flash", "model": "z-ai/glm-4.7-flash", "tag": "draft:2020-005:quota", "in_tokens": 5037, "out_tokens": 4935, "est_cost": 0.002279, "latency_ms": 61379}
{"ts": 1788239784.024404, "client": "drafter-glm47flash", "model": "z-ai/glm-4.7-flash", "tag": "draft:2003-043:quota", "in_tokens": 4809, "out_tokens": 3923, "est_cost": 0.00186, "latency_ms": 66010}
{"ts": 1788239794.9920928, "client": "drafter-glm47flash", "model": "z-ai/glm-4.7-flash", "tag": "draft:2012-006:quota", "in_tokens": 5017, "out_tokens": 12000, "est_cost": 0.004851, "latency_ms": 97069}
{"ts": 1788239799.869519, "client": "drafter-glm47flash", "model": "z-ai/glm-4.7-flash", "tag": "draft:2014-024:baseline", "in_tokens": 4980, "out_tokens": 12000, "est_cost": 0.005101, "latency_ms": 134323}
{"ts": 1788239807.511661, "client": "drafter-glm47flash", "model": "z-ai/glm-4.7-flash", "tag": "draft:2019-024:quota", "in_tokens": 4957, "out_tokens": 5983, "est_cost": 0.002693, "latency_ms": 89871}
{"ts": 1788239814.42885, "client": "drafter-glm47flash", "model": "z-ai/glm-4.7-flash", "tag": "draft:2020-032:temporal", "in_tokens": 5142, "out_tokens": 2870, "est_cost": 0.001459, "latency_ms": 48855}
{"ts": 1788239823.513066, "client": "drafter-glm47flash", "model": "z-ai/glm-4.7-flash", "tag": "draft:2012-006:baseline", "in_tokens": 5007, "out_tokens": 12000, "est_cost": 0.0051, "latency_ms": 197935}
{"ts": 1788239824.7715468, "client": "drafter-glm47flash", "model": "z-ai/glm-4.7-flash", "tag": "draft:2009-045:baseline", "in_tokens": 5496, "out_tokens": 12000, "est_cost": 0.005133, "latency_ms": 158800}
{"ts": 1788239830.357574, "client": "drafter-glm47flash", "model": "z-ai/glm-4.7-flash", "tag": "draft:2020-005:temporal", "in_tokens": 5055, "out_tokens": 3758, "est_cost": 0.001809, "latency_ms": 53627}
{"ts": 1788239830.753474, "client": "drafter-glm47flash", "model": "z-ai/glm-4.7-flash", "tag": "draft:1999-033:quota", "in_tokens": 4977, "out_tokens": 4626, "est_cost": 0.002146, "latency_ms": 108609}
{"ts": 1788239834.651319, "client": "drafter-glm47flash", "model": "z-ai/glm-4.7-flash", "tag": "draft:2014-024:quota", "in_tokens": 4990, "out_tokens": 12000, "est_cost": 0.005102, "latency_ms": 151597}
{"ts": 1788239835.728265, "client": "drafter-glm47flash", "model": "z-ai/glm-4.7-flash", "tag": "draft:2012-031:temporal", "in_tokens": 4920, "out_tokens": 12000, "est_cost": 0.005098, "latency_ms": 125770}
{"ts": 1788239838.9737978, "client": "drafter-glm47flash", "model": "z-ai/glm-4.7-flash", "tag": "draft:2010-065:temporal", "in_tokens": 5329, "out_tokens": 3559, "est_cost": 0.001746, "latency_ms": 65131}
