1992-086:true            rounds=2 conv=True strict 0.25->None exist 1.0->1.0 cost=$0.027
1992-086:scrambled       rounds=4 conv=True strict 0.25->None exist 1.0->1.0 cost=$0.088
1992-086:none            rounds=2 conv=True strict 0.25->None exist 1.0->1.0 cost=$0.111
1992-086:half            rounds=4 conv=True strict 0.25->None exist 1.0->1.0 cost=$0.155
1992-086:quarter         rounds=3 conv=True strict 0.25->None exist 1.0->1.0 cost=$0.193
1992-086:threequarter    rounds=2 conv=True strict 0.25->None exist 1.0->1.0 cost=$0.193
1992-086:passage         rounds=2 conv=True strict 0.25->None exist 1.0->1.0 cost=$0.215
2010-046:true            rounds=1 conv=True strict 1.0->1.0 exist 1.0->1.0 cost=$0.215
2010-046:scrambled       rounds=1 conv=True strict 1.0->1.0 exist 1.0->1.0 cost=$0.215
2010-046:none            rounds=1 conv=True strict 1.0->1.0 exist 1.0->1.0 cost=$0.215
2010-046:half            rounds=1 conv=True strict 1.0->1.0 exist 1.0->1.0 cost=$0.215
2010-046:quarter         rounds=1 conv=True strict 1.0->1.0 exist 1.0->1.0 cost=$0.215
2010-046:threequarter    rounds=1 conv=True strict 1.0->1.0 exist 1.0->1.0 cost=$0.215
2010-046:passage         rounds=1 conv=True strict 1.0->1.0 exist 1.0->1.0 cost=$0.215
2012-006:true            rounds=2 conv=True strict 0.333->None exist 1.0->1.0 cost=$0.228
2012-006:scrambled       rounds=4 conv=False strict 0.333->0.0 exist 1.0->1.0 cost=$0.270
2012-006:none            rounds=2 conv=True strict 0.333->None exist 1.0->1.0 cost=$0.287
2012-006:half            rounds=4 conv=False strict 0.333->0.0 exist 1.0->1.0 cost=$0.334
2012-006:quarter         rounds=4 conv=False strict 0.333->None exist 1.0->0.875 cost=$0.368
2012-006:threequarter    rounds=2 conv=True strict 0.333->None exist 1.0->1.0 cost=$0.368
2012-006:passage         rounds=2 conv=True strict 0.333->None exist 1.0->1.0 cost=$0.385
1998-026:true            rounds=2 conv=True strict 0.5->1.0 exist 0.9286->1.0 cost=$0.402
1998-026:scrambled       rounds=4 conv=False strict 0.5->None exist 0.9286->0.7857 cost=$0.450
1998-026:none            rounds=4 conv=True strict 0.5->1.0 exist 0.9286->1.0 cost=$0.491
1998-026:half            rounds=4 conv=False strict 0.5->0.0 exist 0.9286->1.0 cost=$0.537
1998-026:quarter         rounds=4 conv=False strict 0.5->None exist 0.9286->0.9 cost=$0.585
1998-026:threequarter    rounds=2 conv=True strict 0.5->1.0 exist 0.9286->1.0 cost=$0.585
1998-026:passage         rounds=2 conv=True strict 0.5->1.0 exist 0.9286->1.0 cost=$0.599
1997-100:true            rounds=1 conv=True strict 1.0->1.0 exist 1.0->1.0 cost=$0.599
1997-100:scrambled       rounds=1 conv=True strict 1.0->1.0 exist 1.0->1.0 cost=$0.599
1997-100:none            rounds=1 conv=True strict 1.0->1.0 exist 1.0->1.0 cost=$0.599
1997-100:half            rounds=1 conv=True strict 1.0->1.0 exist 1.0->1.0 cost=$0.599
1997-100:quarter         rounds=1 conv=True strict 1.0->1.0 exist 1.0->1.0 cost=$0.599
1997-100:threequarter    rounds=1 conv=True strict 1.0->1.0 exist 1.0->1.0 cost=$0.599
1997-100:passage         rounds=1 conv=True strict 1.0->1.0 exist 1.0->1.0 cost=$0.599
2000-071:true            rounds=4 conv=False strict 0.0->0.0 exist 1.0->1.0 cost=$0.652
2000-071:scrambled       rounds=4 conv=False strict 0.0->0.0 exist 1.0->1.0 cost=$0.708
2000-071:none            rounds=4 conv=False strict 0.0->0.0 exist 1.0->1.0 cost=$0.766
2000-071:half            rounds=4 conv=False strict 0.0->0.0 exist 1.0->1.0 cost=$0.816
2000-071:quarter         rounds=3 conv=True strict 0.0->None exist 1.0->1.0 cost=$0.858
2000-071:threequarter    rounds=4 conv=False strict 0.0->0.0 exist 1.0->1.0 cost=$0.875
2000-071:passage         rounds=2 conv=True strict 0.0->1.0 exist 1.0->1.0 cost=$0.892
2012-029:true            rounds=2 conv=True strict 0.8->1.0 exist 1.0->1.0 cost=$0.907
2012-029:scrambled       rounds=4 conv=False strict 0.8->0.5 exist 1.0->1.0 cost=$0.948
2012-029:none            rounds=2 conv=True strict 0.8->1.0 exist 1.0->1.0 cost=$0.966
2012-029:half            rounds=4 conv=True strict 0.8->1.0 exist 1.0->1.0 cost=$1.000
2012-029:quarter         rounds=3 conv=True strict 0.8->1.0 exist 1.0->1.0 cost=$1.038
2012-029:threequarter    rounds=2 conv=True strict 0.8->1.0 exist 1.0->1.0 cost=$1.038
2012-029:passage         rounds=2 conv=True strict 0.8->1.0 exist 1.0->1.0 cost=$1.059
1999-051:true            rounds=2 conv=True strict 0.5->None exist 1.0->1.0 cost=$1.071
1999-051:scrambled       rounds=2 conv=True strict 0.5->1.0 exist 1.0->1.0 cost=$1.088
1999-051:none            rounds=4 conv=False strict 0.5->0.5 exist 1.0->1.0 cost=$1.131
1999-051:half            rounds=4 conv=True strict 0.5->1.0 exist 1.0->1.0 cost=$1.190
1999-051:quarter         rounds=4 conv=True strict 0.5->None exist 1.0->1.0 cost=$1.234
1999-051:threequarter    rounds=2 conv=True strict 0.5->None exist 1.0->1.0 cost=$1.245
1999-051:passage         rounds=2 conv=True strict 0.5->None exist 1.0->1.0 cost=$1.256
done: 56 episodes, $1.256
