1992-109:true            rounds=1 conv=True strict 1.0->1.0 exist 1.0->1.0 cost=$0.000
1992-109:scrambled       rounds=1 conv=True strict 1.0->1.0 exist 1.0->1.0 cost=$0.000
1992-109:none            rounds=1 conv=True strict 1.0->1.0 exist 1.0->1.0 cost=$0.000
1992-109:half            rounds=1 conv=True strict 1.0->1.0 exist 1.0->1.0 cost=$0.000
1992-109:quarter         rounds=1 conv=True strict 1.0->1.0 exist 1.0->1.0 cost=$0.000
1992-109:threequarter    rounds=1 conv=True strict 1.0->1.0 exist 1.0->1.0 cost=$0.000
1992-109:passage         rounds=1 conv=True strict 1.0->1.0 exist 1.0->1.0 cost=$0.000
2009-045:true            rounds=1 conv=True strict 1.0->1.0 exist 1.0->1.0 cost=$0.000
2009-045:scrambled       rounds=1 conv=True strict 1.0->1.0 exist 1.0->1.0 cost=$0.000
2009-045:none            rounds=1 conv=True strict 1.0->1.0 exist 1.0->1.0 cost=$0.000
2009-045:half            rounds=1 conv=True strict 1.0->1.0 exist 1.0->1.0 cost=$0.000
2009-045:quarter         rounds=1 conv=True strict 1.0->1.0 exist 1.0->1.0 cost=$0.000
2009-045:threequarter    rounds=1 conv=True strict 1.0->1.0 exist 1.0->1.0 cost=$0.000
2009-045:passage         rounds=1 conv=True strict 1.0->1.0 exist 1.0->1.0 cost=$0.000
1997-046:true            rounds=4 conv=False strict 0.0->0.0 exist 0.9474->1.0 cost=$0.060
1997-046:scrambled       rounds=4 conv=False strict 0.0->None exist 0.9474->0.8571 cost=$0.105
1997-046:none            rounds=4 conv=False strict 0.0->0.0 exist 0.9474->0.9412 cost=$0.149
1997-046:half            rounds=3 conv=True strict 0.0->None exist 0.9474->1.0 cost=$0.161
1997-046:quarter         rounds=4 conv=True strict 0.0->1.0 exist 0.9474->1.0 cost=$0.209
1997-046:threequarter    rounds=3 conv=True strict 0.0->None exist 0.9474->1.0 cost=$0.249
1997-046:passage         rounds=2 conv=True strict 0.0->None exist 0.9474->1.0 cost=$0.275
2020-032:true            rounds=1 conv=True strict 1.0->1.0 exist 1.0->1.0 cost=$0.275
2020-032:scrambled       rounds=1 conv=True strict 1.0->1.0 exist 1.0->1.0 cost=$0.275
2020-032:none            rounds=1 conv=True strict 1.0->1.0 exist 1.0->1.0 cost=$0.275
2020-032:half            rounds=1 conv=True strict 1.0->1.0 exist 1.0->1.0 cost=$0.275
2020-032:quarter         rounds=1 conv=True strict 1.0->1.0 exist 1.0->1.0 cost=$0.275
2020-032:threequarter    rounds=1 conv=True strict 1.0->1.0 exist 1.0->1.0 cost=$0.275
2020-032:passage         rounds=1 conv=True strict 1.0->1.0 exist 1.0->1.0 cost=$0.275
2015-055:true            rounds=2 conv=True strict 0.0->None exist 1.0->1.0 cost=$0.296
2015-055:scrambled       rounds=4 conv=True strict 0.0->None exist 1.0->1.0 cost=$0.339
2015-055:none            rounds=2 conv=True strict 0.0->None exist 1.0->1.0 cost=$0.354
2015-055:half            rounds=3 conv=True strict 0.0->None exist 1.0->1.0 cost=$0.390
2015-055:quarter         rounds=4 conv=False strict 0.0->0.0 exist 1.0->1.0 cost=$0.428
2015-055:threequarter    rounds=4 conv=False strict 0.0->0.0 exist 1.0->1.0 cost=$0.477
2015-055:passage         rounds=4 conv=True strict 0.0->None exist 1.0->1.0 cost=$0.532
2013-058:true            rounds=4 conv=False strict 0.5->1.0 exist 0.8->0.8889 cost=$0.576
2013-058:scrambled       rounds=4 conv=False strict 0.5->None exist 0.8->0.6667 cost=$0.624
2013-058:none            rounds=4 conv=False strict 0.5->None exist 0.8->0.8889 cost=$0.679
2013-058:half            rounds=4 conv=False strict 0.5->1.0 exist 0.8->0.8889 cost=$0.679
2013-058:quarter         rounds=4 conv=False strict 0.5->1.0 exist 0.8->0.9 cost=$0.718
2013-058:threequarter    rounds=4 conv=True strict 0.5->1.0 exist 0.8->1.0 cost=$0.771
2013-058:passage         rounds=2 conv=True strict 0.5->1.0 exist 0.8->1.0 cost=$0.783
2014-024:true            rounds=2 conv=True strict 0.75->1.0 exist 1.0->1.0 cost=$0.804
2014-024:scrambled       rounds=4 conv=False strict 0.75->0.667 exist 1.0->1.0 cost=$0.864
2014-024:none            rounds=2 conv=True strict 0.75->1.0 exist 1.0->1.0 cost=$0.880
2014-024:half            rounds=2 conv=True strict 0.75->1.0 exist 1.0->1.0 cost=$0.880
2014-024:quarter         rounds=2 conv=True strict 0.75->1.0 exist 1.0->1.0 cost=$0.880
2014-024:threequarter    rounds=3 conv=True strict 0.75->1.0 exist 1.0->1.0 cost=$0.930
2014-024:passage         rounds=4 conv=False strict 0.75->0.6 exist 1.0->1.0 cost=$1.006
1990-075:true            rounds=3 conv=True strict 0.0->None exist 1.0->1.0 cost=$1.044
1990-075:scrambled       rounds=4 conv=False strict 0.0->0.0 exist 1.0->1.0 cost=$1.109
1990-075:none            rounds=2 conv=True strict 0.0->None exist 1.0->1.0 cost=$1.125
1990-075:half            rounds=3 conv=True strict 0.0->None exist 1.0->1.0 cost=$1.125
1990-075:quarter         rounds=3 conv=True strict 0.0->None exist 1.0->1.0 cost=$1.158
1990-075:threequarter    rounds=4 conv=True strict 0.0->None exist 1.0->1.0 cost=$1.179
1990-075:passage         rounds=2 conv=True strict 0.0->None exist 1.0->1.0 cost=$1.201
done: 56 episodes, $1.201
