1997-033:true            rounds=4 conv=True strict 0.667->1.0 exist 0.9333->1.0 cost=$0.042
1997-033:scrambled       rounds=4 conv=False strict 0.667->0.0 exist 0.9333->0.8571 cost=$0.082
1997-033:none            rounds=2 conv=True strict 0.667->None exist 0.9333->1.0 cost=$0.099
1997-033:half            rounds=4 conv=False strict 0.667->0.0 exist 0.9333->0.8571 cost=$0.183
1997-033:quarter         rounds=4 conv=False strict 0.667->0.5 exist 0.9333->0.9091 cost=$0.220
1997-033:threequarter    rounds=4 conv=True strict 0.667->1.0 exist 0.9333->1.0 cost=$0.220
1997-033:passage         rounds=2 conv=True strict 0.667->1.0 exist 0.9333->1.0 cost=$0.238
1998-085:true            rounds=1 conv=True strict None->None exist 1.0->1.0 cost=$0.238
1998-085:scrambled       rounds=1 conv=True strict None->None exist 1.0->1.0 cost=$0.238
1998-085:none            rounds=1 conv=True strict None->None exist 1.0->1.0 cost=$0.238
1998-085:half            rounds=1 conv=True strict None->None exist 1.0->1.0 cost=$0.238
1998-085:quarter         rounds=1 conv=True strict None->None exist 1.0->1.0 cost=$0.238
1998-085:threequarter    rounds=1 conv=True strict None->None exist 1.0->1.0 cost=$0.238
1998-085:passage         rounds=1 conv=True strict None->None exist 1.0->1.0 cost=$0.238
1997-021:true            rounds=2 conv=True strict 0.5->1.0 exist 0.8->1.0 cost=$0.265
1997-021:scrambled       rounds=4 conv=False strict 0.5->None exist 0.8->0.6923 cost=$0.329
1997-021:none            rounds=4 conv=False strict 0.5->None exist 0.8->0.8125 cost=$0.380
1997-021:half            rounds=3 conv=True strict 0.5->None exist 0.8->1.0 cost=$0.424
1997-021:quarter         rounds=4 conv=False strict 0.5->None exist 0.8->0.7143 cost=$0.471
1997-021:threequarter    rounds=2 conv=True strict 0.5->1.0 exist 0.8->1.0 cost=$0.471
1997-021:passage         rounds=3 conv=True strict 0.5->1.0 exist 0.8->1.0 cost=$0.503
2005-087:true            rounds=2 conv=True strict 0.5->1.0 exist 1.0->1.0 cost=$0.515
2005-087:scrambled       rounds=4 conv=False strict 0.5->0.333 exist 1.0->1.0 cost=$0.567
2005-087:none            rounds=4 conv=False strict 0.5->0.5 exist 1.0->1.0 cost=$0.619
2005-087:half            rounds=4 conv=True strict 0.5->1.0 exist 1.0->1.0 cost=$0.657
2005-087:quarter         rounds=4 conv=False strict 0.5->0.0 exist 1.0->1.0 cost=$0.713
2005-087:threequarter    rounds=2 conv=True strict 0.5->1.0 exist 1.0->1.0 cost=$0.713
2005-087:passage         rounds=2 conv=True strict 0.5->1.0 exist 1.0->1.0 cost=$0.735
2012-031:true            rounds=4 conv=True strict None->None exist 0.8095->1.0 cost=$0.789
2012-031:scrambled       rounds=4 conv=False strict None->None exist 0.8095->0.6667 cost=$0.841
2012-031:none            rounds=4 conv=False strict None->None exist 0.8095->0.7647 cost=$0.897
2012-031:half            rounds=4 conv=False strict None->None exist 0.8095->0.8095 cost=$0.954
2012-031:quarter         rounds=4 conv=False strict None->None exist 0.8095->0.4118 cost=$1.012
2012-031:threequarter    rounds=4 conv=False strict None->None exist 0.8095->0.95 cost=$1.033
2012-031:passage         rounds=4 conv=True strict None->None exist 0.8095->1.0 cost=$1.038
2011-010:true            rounds=3 conv=True strict 0.0->None exist 0.8571->1.0 cost=$1.064
2011-010:scrambled       rounds=4 conv=False strict 0.0->0.0 exist 0.8571->0.75 cost=$1.115
2011-010:none            rounds=4 conv=False strict 0.0->0.0 exist 0.8571->0.8462 cost=$1.163
2011-010:half            rounds=4 conv=False strict 0.0->0.0 exist 0.8571->0.9231 cost=$1.212
2011-010:quarter         rounds=4 conv=False strict 0.0->0.0 exist 0.8571->0.9167 cost=$1.239
2011-010:threequarter    rounds=3 conv=True strict 0.0->None exist 0.8571->1.0 cost=$1.239
2011-010:passage         rounds=2 conv=True strict 0.0->1.0 exist 0.8571->1.0 cost=$1.250
2005-074:true            rounds=4 conv=False strict 1.0->None exist 0.9375->0.9375 cost=$1.278
2005-074:scrambled       rounds=4 conv=False strict 1.0->None exist 0.9375->0.9375 cost=$1.295
2005-074:none            rounds=4 conv=False strict 1.0->1.0 exist 0.9375->0.9375 cost=$1.313
2005-074:half            rounds=4 conv=False strict 1.0->None exist 0.9375->0.9333 cost=$1.325
2005-074:quarter         rounds=3 conv=True strict 1.0->None exist 0.9375->1.0 cost=$1.332
2005-074:threequarter    rounds=3 conv=True strict 1.0->None exist 0.9375->1.0 cost=$1.332
2005-074:passage         rounds=4 conv=False strict 1.0->None exist 0.9375->0.9375 cost=$1.332
2001-013:true            rounds=1 conv=True strict None->None exist 1.0->1.0 cost=$1.332
2001-013:scrambled       rounds=1 conv=True strict None->None exist 1.0->1.0 cost=$1.332
2001-013:none            rounds=1 conv=True strict None->None exist 1.0->1.0 cost=$1.332
2001-013:half            rounds=1 conv=True strict None->None exist 1.0->1.0 cost=$1.332
2001-013:quarter         rounds=1 conv=True strict None->None exist 1.0->1.0 cost=$1.332
2001-013:threequarter    rounds=1 conv=True strict None->None exist 1.0->1.0 cost=$1.332
2001-013:passage         rounds=1 conv=True strict None->None exist 1.0->1.0 cost=$1.332
done: 56 episodes, $1.332
