1992-086:quarter         rounds=2 conv=True strict 0.5->None exist 1.0->1.0 cost=$1.257
1992-086:threequarter    rounds=2 conv=True strict 0.5->1.0 exist 1.0->1.0 cost=$1.257
2010-046:quarter         rounds=1 conv=True strict 1.0->1.0 exist 1.0->1.0 cost=$1.257
2010-046:threequarter    rounds=1 conv=True strict 1.0->1.0 exist 1.0->1.0 cost=$1.257
2012-006:quarter         rounds=4 conv=False strict 0.333->0.0 exist 1.0->1.0 cost=$1.301
2012-006:threequarter    rounds=4 conv=False strict 0.333->0.5 exist 1.0->1.0 cost=$1.319
1998-026:quarter         rounds=4 conv=False strict 0.0->None exist 0.9286->0.9091 cost=$1.380
1998-026:threequarter    rounds=2 conv=True strict 0.0->None exist 0.9286->1.0 cost=$1.406
1997-100:quarter         rounds=2 conv=True strict 0.25->1.0 exist 1.0->1.0 cost=$1.420
1997-100:threequarter    rounds=3 conv=True strict 0.25->1.0 exist 1.0->1.0 cost=$1.454
2000-071:quarter         rounds=4 conv=True strict 0.0->None exist 1.0->1.0 cost=$1.506
2000-071:threequarter    rounds=3 conv=True strict 0.0->1.0 exist 1.0->1.0 cost=$1.544
2012-029:quarter         rounds=3 conv=True strict 0.6->1.0 exist 1.0->1.0 cost=$1.575
2012-029:threequarter    rounds=4 conv=True strict 0.6->1.0 exist 1.0->1.0 cost=$1.575
1999-051:quarter         rounds=4 conv=False strict 0.0->0.0 exist 1.0->1.0 cost=$1.617
1999-051:threequarter    rounds=2 conv=True strict 0.0->None exist 1.0->1.0 cost=$1.629
done: 16 episodes, $1.629
1992-109:quarter         rounds=1 conv=True strict 1.0->1.0 exist 1.0->1.0 cost=$1.230
1992-109:threequarter    rounds=1 conv=True strict 1.0->1.0 exist 1.0->1.0 cost=$1.230
2009-045:quarter         rounds=3 conv=True strict 0.667->1.0 exist 1.0->1.0 cost=$1.262
2009-045:threequarter    rounds=3 conv=True strict 0.667->1.0 exist 1.0->1.0 cost=$1.262
1997-046:quarter         rounds=4 conv=False strict 0.0->0.0 exist 0.9474->1.0 cost=$1.325
1997-046:threequarter    rounds=3 conv=True strict 0.0->1.0 exist 0.9474->1.0 cost=$1.357
2020-032:quarter         rounds=1 conv=True strict 1.0->1.0 exist 1.0->1.0 cost=$1.357
2020-032:threequarter    rounds=1 conv=True strict 1.0->1.0 exist 1.0->1.0 cost=$1.357
2015-055:quarter         rounds=4 conv=False strict 0.0->0.0 exist 1.0->1.0 cost=$1.411
2015-055:threequarter    rounds=4 conv=True strict 0.0->None exist 1.0->1.0 cost=$1.459
2013-058:quarter         rounds=4 conv=False strict 0.5->1.0 exist 0.8->0.7778 cost=$1.516
2013-058:threequarter    rounds=4 conv=True strict 0.5->1.0 exist 0.8->1.0 cost=$1.570
2014-024:quarter         rounds=2 conv=True strict 0.75->1.0 exist 1.0->1.0 cost=$1.570
2014-024:threequarter    rounds=4 conv=False strict 0.75->0.75 exist 1.0->1.0 cost=$1.623
1990-075:quarter         rounds=4 conv=False strict 0.25->0.333 exist 1.0->1.0 cost=$1.664
1990-075:threequarter    rounds=2 conv=True strict 0.25->1.0 exist 1.0->1.0 cost=$1.669
done: 16 episodes, $1.669
1997-033:quarter         rounds=4 conv=False strict 0.6->0.333 exist 0.9333->0.9333 cost=$1.296
1997-033:threequarter    rounds=4 conv=True strict 0.6->1.0 exist 0.9333->1.0 cost=$1.347
1998-085:quarter         rounds=2 conv=True strict 0.0->None exist 1.0->1.0 cost=$1.347
1998-085:threequarter    rounds=3 conv=True strict 0.0->None exist 1.0->1.0 cost=$1.386
1997-021:quarter         rounds=4 conv=False strict 0.333->0.0 exist 0.8->0.7143 cost=$1.448
1997-021:threequarter    rounds=2 conv=True strict 0.333->1.0 exist 0.8->1.0 cost=$1.483
2005-087:quarter         rounds=3 conv=True strict 0.5->None exist 1.0->1.0 cost=$1.511
2005-087:threequarter    rounds=2 conv=True strict 0.5->1.0 exist 1.0->1.0 cost=$1.511
2012-031:quarter         rounds=4 conv=False strict None->None exist 0.8095->0.7368 cost=$1.591
2012-031:threequarter    rounds=4 conv=False strict None->None exist 0.8095->0.8947 cost=$1.644
2011-010:quarter         rounds=4 conv=False strict 0.0->0.0 exist 0.8571->0.9167 cost=$1.680
2011-010:threequarter    rounds=4 conv=False strict 0.0->0.0 exist 0.8571->0.9167 cost=$1.696
2005-074:quarter         rounds=4 conv=False strict 0.0->None exist 0.9375->0.9286 cost=$1.717
2005-074:threequarter    rounds=3 conv=True strict 0.0->None exist 0.9375->1.0 cost=$1.728
2001-013:quarter         rounds=4 conv=False strict 0.0->0.0 exist 1.0->1.0 cost=$1.746
2001-013:threequarter    rounds=2 conv=True strict 0.0->None exist 1.0->1.0 cost=$1.746
done: 16 episodes, $1.746
1992-086:quarter         rounds=4 conv=False strict 0.833->0.75 exist 1.0->1.0 cost=$0.821
1992-086:threequarter    rounds=2 conv=True strict 0.833->1.0 exist 1.0->1.0 cost=$0.821
2010-046:quarter         rounds=1 conv=True strict None->None exist 1.0->1.0 cost=$0.821
2010-046:threequarter    rounds=1 conv=True strict None->None exist 1.0->1.0 cost=$0.821
2012-006:quarter         rounds=1 conv=True strict None->None exist 1.0->1.0 cost=$0.821
2012-006:threequarter    rounds=1 conv=True strict None->None exist 1.0->1.0 cost=$0.821
1998-026:quarter         rounds=1 conv=True strict None->None exist 1.0->1.0 cost=$0.821
1998-026:threequarter    rounds=1 conv=True strict None->None exist 1.0->1.0 cost=$0.821
1997-100:quarter         rounds=1 conv=True strict None->None exist 1.0->1.0 cost=$0.821
1997-100:threequarter    rounds=1 conv=True strict None->None exist 1.0->1.0 cost=$0.821
2000-071:quarter         rounds=2 conv=True strict 0.167->None exist 1.0->1.0 cost=$0.852
2000-071:threequarter    rounds=2 conv=True strict 0.167->None exist 1.0->1.0 cost=$0.873
2012-029:quarter         rounds=4 conv=False strict 0.0->0.0 exist 1.0->1.0 cost=$0.916
2012-029:threequarter    rounds=2 conv=True strict 0.0->None exist 1.0->1.0 cost=$0.916
1999-051:quarter         rounds=2 conv=True strict 0.0->None exist 1.0->1.0 cost=$0.931
1999-051:threequarter    rounds=3 conv=True strict 0.0->None exist 1.0->1.0 cost=$0.982
done: 16 episodes, $0.982
1992-109:quarter         rounds=1 conv=True strict None->None exist 1.0->1.0 cost=$0.363
1992-109:threequarter    rounds=1 conv=True strict None->None exist 1.0->1.0 cost=$0.363
2009-045:quarter         rounds=1 conv=True strict 1.0->1.0 exist 1.0->1.0 cost=$0.363
2009-045:threequarter    rounds=1 conv=True strict 1.0->1.0 exist 1.0->1.0 cost=$0.363
1997-046:quarter         rounds=4 conv=False strict 0.167->0.0 exist 1.0->0.9167 cost=$0.375
1997-046:threequarter    rounds=4 conv=False strict 0.167->0.0 exist 1.0->1.0 cost=$0.388
2020-032:quarter         rounds=4 conv=False strict None->None exist 0.9231->0.9091 cost=$0.400
2020-032:threequarter    rounds=3 conv=True strict None->None exist 0.9231->1.0 cost=$0.400
2015-055:quarter         rounds=4 conv=False strict 0.2->0.0 exist 0.8889->0.8 cost=$0.412
2015-055:threequarter    rounds=4 conv=False strict 0.2->0.167 exist 0.8889->1.0 cost=$0.423
2013-058:quarter         rounds=4 conv=False strict 0.0->0.0 exist 0.7647->0.8125 cost=$0.436
2013-058:threequarter    rounds=4 conv=False strict 0.0->0.0 exist 0.7647->0.9286 cost=$0.454
2014-024:quarter         rounds=4 conv=False strict 0.0->0.0 exist 1.0->0.8 cost=$0.465
2014-024:threequarter    rounds=4 conv=True strict 0.0->None exist 1.0->1.0 cost=$0.475
1990-075:quarter         rounds=4 conv=False strict 0.5->0.0 exist 0.9->0.8 cost=$0.483
1990-075:threequarter    rounds=4 conv=False strict 0.5->0.25 exist 0.9->1.0 cost=$0.494
done: 16 episodes, $0.494
1992-109:quarter         rounds=2 conv=True strict 0.667->1.0 exist 1.0->1.0 cost=$0.787
1992-109:threequarter    rounds=2 conv=True strict 0.667->1.0 exist 1.0->1.0 cost=$0.787
2009-045:quarter         rounds=1 conv=True strict None->None exist 1.0->1.0 cost=$0.787
2009-045:threequarter    rounds=1 conv=True strict None->None exist 1.0->1.0 cost=$0.787
1997-046:quarter         rounds=2 conv=True strict 0.333->None exist 1.0->1.0 cost=$0.792
1997-046:threequarter    rounds=2 conv=True strict 0.333->None exist 1.0->1.0 cost=$0.809
2020-032:quarter         rounds=1 conv=True strict None->None exist 1.0->1.0 cost=$0.809
2020-032:threequarter    rounds=1 conv=True strict None->None exist 1.0->1.0 cost=$0.809
2015-055:quarter         rounds=4 conv=False strict 0.0->0.0 exist 1.0->1.0 cost=$0.868
2015-055:threequarter    rounds=2 conv=True strict 0.0->None exist 1.0->1.0 cost=$0.868
2013-058:quarter         rounds=1 conv=True strict None->None exist 1.0->1.0 cost=$0.868
2013-058:threequarter    rounds=1 conv=True strict None->None exist 1.0->1.0 cost=$0.868
empty completion r2:2014-024:quarter (attempt 1)
2014-024:quarter         rounds=3 conv=True strict 0.25->1.0 exist 1.0->1.0 cost=$0.949
2014-024:threequarter    rounds=2 conv=True strict 0.25->None exist 1.0->1.0 cost=$0.977
1990-075:quarter         rounds=2 conv=True strict 0.0->None exist 1.0->1.0 cost=$0.995
1990-075:threequarter    rounds=2 conv=True strict 0.0->None exist 1.0->1.0 cost=$1.006
done: 16 episodes, $1.006
1992-086:quarter         rounds=4 conv=False strict 0.125->0.2 exist 0.9167->0.8462 cost=$0.374
1992-086:threequarter    rounds=4 conv=False strict 0.125->0.4 exist 0.9167->1.0 cost=$0.380
2010-046:quarter         rounds=4 conv=False strict 0.0->0.0 exist 0.9091->0.7778 cost=$0.395
2010-046:threequarter    rounds=4 conv=True strict 0.0->None exist 0.9091->1.0 cost=$0.405
2012-006:quarter         rounds=4 conv=False strict None->None exist 0.9091->0.9091 cost=$0.418
2012-006:threequarter    rounds=2 conv=True strict None->None exist 0.9091->1.0 cost=$0.418
1998-026:quarter         rounds=4 conv=False strict 0.1->0.0 exist 0.8667->0.8 cost=$0.442
1998-026:threequarter    rounds=4 conv=False strict 0.1->0.2 exist 0.8667->0.9231 cost=$0.446
1997-100:quarter         rounds=4 conv=False strict 1.0->0.5 exist 0.875->0.7778 cost=$0.452
1997-100:threequarter    rounds=4 conv=True strict 1.0->1.0 exist 0.875->1.0 cost=$0.460
2000-071:quarter         rounds=4 conv=False strict 0.048->0.1 exist 1.0->1.0 cost=$0.471
2000-071:threequarter    rounds=4 conv=False strict 0.048->0.133 exist 1.0->1.0 cost=$0.482
2012-029:quarter         rounds=3 conv=True strict 0.5->1.0 exist 1.0->1.0 cost=$0.490
2012-029:threequarter    rounds=4 conv=False strict 0.5->0.5 exist 1.0->1.0 cost=$0.490
1999-051:quarter         rounds=4 conv=False strict 0.0->0.0 exist 1.0->1.0 cost=$0.497
1999-051:threequarter    rounds=4 conv=False strict 0.0->0.0 exist 1.0->1.0 cost=$0.502
done: 16 episodes, $0.502
1997-033:quarter         rounds=4 conv=False strict 0.4->0.0 exist 1.0->1.0 cost=$0.860
1997-033:threequarter    rounds=2 conv=True strict 0.4->1.0 exist 1.0->1.0 cost=$0.860
1998-085:quarter         rounds=2 conv=True strict 0.0->None exist 0.875->1.0 cost=$0.908
1998-085:threequarter    rounds=2 conv=True strict 0.0->None exist 0.875->1.0 cost=$0.923
1997-021:quarter         rounds=4 conv=False strict 0.0->0.0 exist 1.0->1.0 cost=$0.989
1997-021:threequarter    rounds=2 conv=True strict 0.0->None exist 1.0->1.0 cost=$0.989
2005-087:quarter         rounds=4 conv=False strict 0.0->0.0 exist 1.0->1.0 cost=$1.019
2005-087:threequarter    rounds=2 conv=True strict 0.0->None exist 1.0->1.0 cost=$1.019
2012-031:quarter         rounds=2 conv=True strict 0.0->None exist 1.0->1.0 cost=$1.032
2012-031:threequarter    rounds=2 conv=True strict 0.0->None exist 1.0->1.0 cost=$1.032
2011-010:quarter         rounds=2 conv=True strict 0.167->None exist 1.0->1.0 cost=$1.037
2011-010:threequarter    rounds=2 conv=True strict 0.167->None exist 1.0->1.0 cost=$1.037
2005-074:quarter         rounds=2 conv=True strict 0.5->None exist 1.0->1.0 cost=$1.037
2005-074:threequarter    rounds=2 conv=True strict 0.5->None exist 1.0->1.0 cost=$1.037
2001-013:quarter         rounds=1 conv=True strict None->None exist 1.0->1.0 cost=$1.037
2001-013:threequarter    rounds=1 conv=True strict None->None exist 1.0->1.0 cost=$1.037
done: 16 episodes, $1.037
1997-033:quarter         rounds=4 conv=False strict 0.0->0.0 exist 0.9444->1.0 cost=$0.377
1997-033:threequarter    rounds=4 conv=False strict 0.0->0.0 exist 0.9444->0.9375 cost=$0.392
1998-085:quarter         rounds=4 conv=False strict 0.0->0.0 exist 0.6364->0.7273 cost=$0.407
1998-085:threequarter    rounds=4 conv=False strict 0.0->0.0 exist 0.6364->0.7273 cost=$0.422
1997-021:quarter         rounds=4 conv=False strict 0.0->0.0 exist 0.8333->0.6364 cost=$0.430
1997-021:threequarter    rounds=4 conv=False strict 0.0->0.0 exist 0.8333->0.9 cost=$0.438
2005-087:quarter         rounds=4 conv=False strict 0.25->0.0 exist 0.8333->0.9167 cost=$0.442
2005-087:threequarter    rounds=4 conv=False strict 0.25->0.0 exist 0.8333->1.0 cost=$0.458
2012-031:quarter         rounds=4 conv=False strict 0.0->None exist 0.8333->0.2 cost=$0.469
2012-031:threequarter    rounds=3 conv=True strict 0.0->None exist 0.8333->1.0 cost=$0.473
2011-010:quarter         rounds=4 conv=False strict 0.143->0.286 exist 0.9333->0.9333 cost=$0.490
2011-010:threequarter    rounds=4 conv=False strict 0.143->0.154 exist 0.9333->1.0 cost=$0.500
2005-074:quarter         rounds=4 conv=False strict 0.333->0.0 exist 0.4444->0.4286 cost=$0.505
2005-074:threequarter    rounds=4 conv=False strict 0.333->0.25 exist 0.4444->1.0 cost=$0.508
2001-013:quarter         rounds=4 conv=False strict 0.0->0.0 exist 0.625->0.5714 cost=$0.512
2001-013:threequarter    rounds=4 conv=False strict 0.0->0.0 exist 0.625->0.5714 cost=$0.516
done: 16 episodes, $0.516
1997-033:quarter         rounds=4 conv=False strict 0.333->0.0 exist 1.0->1.0 cost=$0.416
1997-033:threequarter    rounds=4 conv=False strict 0.333->0.5 exist 1.0->1.0 cost=$0.425
1998-085:quarter         rounds=4 conv=False strict 0.4->0.0 exist 0.7273->0.8571 cost=$0.455
1998-085:threequarter    rounds=3 conv=True strict 0.4->None exist 0.7273->1.0 cost=$0.459
1997-021:quarter         rounds=4 conv=False strict 0.0->None exist 0.6429->0.5 cost=$0.470
1997-021:threequarter    rounds=4 conv=True strict 0.0->None exist 0.6429->1.0 cost=$0.484
2005-087:quarter         rounds=4 conv=True strict 0.0->None exist 1.0->1.0 cost=$0.493
2005-087:threequarter    rounds=3 conv=True strict 0.0->None exist 1.0->1.0 cost=$0.495
2012-031:quarter         rounds=2 conv=True strict 0.0->None exist 1.0->1.0 cost=$0.497
2012-031:threequarter    rounds=3 conv=True strict 0.0->None exist 1.0->1.0 cost=$0.504
2011-010:quarter         rounds=4 conv=True strict 0.2->None exist 1.0->1.0 cost=$0.514
2011-010:threequarter    rounds=2 conv=True strict 0.2->None exist 1.0->1.0 cost=$0.516
2005-074:quarter         rounds=4 conv=False strict 0.5->0.0 exist 1.0->1.0 cost=$0.536
2005-074:threequarter    rounds=4 conv=False strict 0.5->0.0 exist 1.0->1.0 cost=$0.556
2001-013:quarter         rounds=4 conv=False strict None->None exist 0.8667->0.9167 cost=$0.564
2001-013:threequarter    rounds=2 conv=True strict None->None exist 0.8667->1.0 cost=$0.564
done: 16 episodes, $0.564
1992-086:quarter         rounds=4 conv=False strict 0.333->0.0 exist 1.0->1.0 cost=$0.413
1992-086:threequarter    rounds=3 conv=True strict 0.333->1.0 exist 1.0->1.0 cost=$0.413
2010-046:quarter         rounds=4 conv=True strict 0.0->None exist 1.0->1.0 cost=$0.433
2010-046:threequarter    rounds=2 conv=True strict 0.0->None exist 1.0->1.0 cost=$0.433
2012-006:quarter         rounds=4 conv=True strict 0.0->None exist 1.0->1.0 cost=$0.443
2012-006:threequarter    rounds=4 conv=True strict 0.0->None exist 1.0->1.0 cost=$0.453
1998-026:quarter         rounds=4 conv=False strict None->None exist 0.7778->0.8889 cost=$0.522
1998-026:threequarter    rounds=4 conv=False strict None->None exist 0.7778->0.8571 cost=$0.529
1997-100:quarter         rounds=4 conv=False strict 0.0->0.0 exist 1.0->1.0 cost=$0.538
1997-100:threequarter    rounds=2 conv=True strict 0.0->None exist 1.0->1.0 cost=$0.540
2000-071:quarter         rounds=4 conv=False strict 0.0->0.0 exist 0.8667->1.0 cost=$0.566
2000-071:threequarter    rounds=4 conv=False strict 0.0->0.0 exist 0.8667->1.0 cost=$0.572
2012-029:quarter         rounds=4 conv=False strict 0.25->0.0 exist 1.0->0.8571 cost=$0.582
2012-029:threequarter    rounds=4 conv=False strict 0.25->0.0 exist 1.0->1.0 cost=$0.582
1999-051:quarter         rounds=1 conv=True strict None->None exist 1.0->1.0 cost=$0.582
1999-051:threequarter    rounds=1 conv=True strict None->None exist 1.0->1.0 cost=$0.582
done: 16 episodes, $0.582
1992-109:quarter         rounds=1 conv=True strict None->None exist 1.0->1.0 cost=$0.397
1992-109:threequarter    rounds=1 conv=True strict None->None exist 1.0->1.0 cost=$0.397
2009-045:quarter         rounds=4 conv=False strict 0.0->0.0 exist 0.75->0.6 cost=$0.411
2009-045:threequarter    rounds=4 conv=True strict 0.0->1.0 exist 0.75->1.0 cost=$0.429
1997-046:quarter         rounds=4 conv=False strict 0.0->0.0 exist 1.0->1.0 cost=$0.460
1997-046:threequarter    rounds=3 conv=True strict 0.0->None exist 1.0->1.0 cost=$0.468
2020-032:quarter         rounds=4 conv=False strict 0.0->0.0 exist 1.0->1.0 cost=$0.486
2020-032:threequarter    rounds=4 conv=True strict 0.0->None exist 1.0->1.0 cost=$0.491
2015-055:quarter         rounds=4 conv=False strict 0.333->0.333 exist 1.0->1.0 cost=$0.528
2015-055:threequarter    rounds=2 conv=True strict 0.333->1.0 exist 1.0->1.0 cost=$0.544
2013-058:quarter         rounds=4 conv=False strict 0.0->0.0 exist 0.7778->0.6667 cost=$0.550
2013-058:threequarter    rounds=3 conv=True strict 0.0->None exist 0.7778->1.0 cost=$0.564
2014-024:quarter         rounds=3 conv=True strict None->None exist 0.9091->1.0 cost=$0.574
2014-024:threequarter    rounds=4 conv=False strict None->0.0 exist 0.9091->1.0 cost=$0.586
1990-075:quarter         rounds=1 conv=True strict 1.0->1.0 exist 1.0->1.0 cost=$0.586
1990-075:threequarter    rounds=1 conv=True strict 1.0->1.0 exist 1.0->1.0 cost=$0.586
done: 16 episodes, $0.586
1997-033:quarter         rounds=4 conv=True strict 0.4->None exist 1.0->1.0 cost=$15.451
1997-033:threequarter    rounds=3 conv=True strict 0.4->1.0 exist 1.0->1.0 cost=$15.820
1998-085:quarter         rounds=2 conv=True strict 0.5->1.0 exist 1.0->1.0 cost=$15.820
1998-085:threequarter    rounds=4 conv=True strict 0.5->None exist 1.0->1.0 cost=$16.163
1997-021:quarter         rounds=4 conv=False strict 0.167->0.0 exist 1.0->1.0 cost=$16.912
1997-021:threequarter    rounds=2 conv=True strict 0.167->None exist 1.0->1.0 cost=$16.912
2005-087:quarter         rounds=4 conv=False strict 0.222->0.0 exist 1.0->1.0 cost=$17.577
2005-087:threequarter    rounds=3 conv=True strict 0.222->None exist 1.0->1.0 cost=$18.009
2012-031:quarter         rounds=4 conv=False strict 0.5->0.0 exist 1.0->1.0 cost=$18.259
2012-031:threequarter    rounds=2 conv=True strict 0.5->1.0 exist 1.0->1.0 cost=$18.259
2011-010:quarter         rounds=4 conv=False strict 0.6->0.5 exist 1.0->1.0 cost=$18.690
2011-010:threequarter    rounds=3 conv=True strict 0.6->1.0 exist 1.0->1.0 cost=$18.690
2005-074:quarter         rounds=1 conv=True strict 1.0->1.0 exist 1.0->1.0 cost=$18.690
2005-074:threequarter    rounds=1 conv=True strict 1.0->1.0 exist 1.0->1.0 cost=$18.690
2001-013:quarter         rounds=4 conv=False strict 0.0->0.667 exist 1.0->1.0 cost=$19.237
2001-013:threequarter    rounds=4 conv=False strict 0.0->0.0 exist 1.0->1.0 cost=$19.657
done: 16 episodes, $19.657
1992-086:quarter         rounds=4 conv=False strict 0.062->0.067 exist 0.8889->0.8182 cost=$0.189
1992-086:threequarter    rounds=4 conv=False strict 0.062->0.062 exist 0.8889->0.8889 cost=$0.194
2010-046:quarter         rounds=4 conv=False strict 0.083->0.083 exist 1.0->1.0 cost=$0.203
2010-046:threequarter    rounds=4 conv=False strict 0.083->0.077 exist 1.0->1.0 cost=$0.207
2012-006:quarter         rounds=4 conv=False strict 0.5->0.5 exist 0.6667->0.6667 cost=$0.212
2012-006:threequarter    rounds=4 conv=False strict 0.5->0.0 exist 0.6667->0.5 cost=$0.215
1998-026:quarter         rounds=4 conv=False strict None->None exist 0.0->0.0 cost=$0.215
1998-026:threequarter    rounds=4 conv=False strict None->None exist 0.0->0.0 cost=$0.215
1997-100:quarter         rounds=4 conv=False strict 0.286->0.143 exist 0.5714->0.5 cost=$0.223
1997-100:threequarter    rounds=4 conv=False strict 0.286->0.167 exist 0.5714->0.5 cost=$0.228
2000-071:quarter         rounds=4 conv=False strict 0.083->0.077 exist 0.8889->0.8889 cost=$0.234
2000-071:threequarter    rounds=4 conv=False strict 0.083->0.062 exist 0.8889->1.0 cost=$0.239
2012-029:quarter         rounds=4 conv=False strict 0.0->0.0 exist 0.5->0.6 cost=$0.243
2012-029:threequarter    rounds=4 conv=False strict 0.0->0.0 exist 0.5->0.75 cost=$0.247
1999-051:quarter         rounds=4 conv=False strict 0.0->0.0 exist 0.8571->0.8 cost=$0.251
1999-051:threequarter    rounds=4 conv=False strict 0.0->0.0 exist 0.8571->0.75 cost=$0.255
done: 16 episodes, $0.255
1992-086:quarter         rounds=4 conv=False strict 0.5->0.0 exist 1.0->1.0 cost=$15.162
1992-086:threequarter    rounds=2 conv=True strict 0.5->1.0 exist 1.0->1.0 cost=$15.162
2010-046:quarter         rounds=4 conv=True strict 0.625->1.0 exist 1.0->1.0 cost=$15.638
2010-046:threequarter    rounds=3 conv=True strict 0.625->1.0 exist 1.0->1.0 cost=$16.006
2012-006:quarter         rounds=4 conv=False strict 0.5->0.5 exist 1.0->1.0 cost=$16.381
2012-006:threequarter    rounds=2 conv=True strict 0.5->1.0 exist 1.0->1.0 cost=$16.381
1998-026:quarter         rounds=1 conv=True strict 1.0->1.0 exist 1.0->1.0 cost=$16.381
1998-026:threequarter    rounds=1 conv=True strict 1.0->1.0 exist 1.0->1.0 cost=$16.381
1997-100:quarter         rounds=4 conv=False strict 0.5->0.667 exist 1.0->1.0 cost=$17.079
1997-100:threequarter    rounds=3 conv=True strict 0.5->1.0 exist 1.0->1.0 cost=$17.469
2000-071:quarter         rounds=4 conv=True strict 0.583->None exist 1.0->1.0 cost=$18.515
2000-071:threequarter    rounds=3 conv=True strict 0.583->1.0 exist 1.0->1.0 cost=$18.950
2012-029:quarter         rounds=4 conv=True strict 0.5->1.0 exist 1.0->1.0 cost=$19.309
2012-029:threequarter    rounds=2 conv=True strict 0.5->1.0 exist 1.0->1.0 cost=$19.309
1999-051:quarter         rounds=4 conv=True strict 0.333->1.0 exist 1.0->1.0 cost=$19.752
1999-051:threequarter    rounds=4 conv=False strict 0.333->0.5 exist 1.0->1.0 cost=$20.139
done: 16 episodes, $20.139
1992-086:quarter         rounds=4 conv=False strict 0.25->0.267 exist 1.0->1.0 cost=$0.572
1992-086:threequarter    rounds=4 conv=False strict 0.25->0.5 exist 1.0->1.0 cost=$0.581
2010-046:quarter         rounds=4 conv=False strict 0.0->0.0 exist 1.0->1.0 cost=$0.597
2010-046:threequarter    rounds=4 conv=False strict 0.0->0.333 exist 1.0->1.0 cost=$0.605
2012-006:quarter         rounds=4 conv=False strict 0.0->0.0 exist 0.9->0.8571 cost=$0.613
2012-006:threequarter    rounds=4 conv=False strict 0.0->0.333 exist 0.9->1.0 cost=$0.620
1998-026:quarter         rounds=3 conv=True strict 0.143->None exist 0.9->1.0 cost=$0.623
1998-026:threequarter    rounds=3 conv=True strict 0.143->1.0 exist 0.9->1.0 cost=$0.630
1997-100:quarter         rounds=4 conv=False strict 0.25->0.5 exist 1.0->1.0 cost=$0.638
1997-100:threequarter    rounds=4 conv=True strict 0.25->1.0 exist 1.0->1.0 cost=$0.646
2000-071:quarter         rounds=4 conv=False strict 0.333->0.0 exist 1.0->1.0 cost=$0.651
2000-071:threequarter    rounds=2 conv=True strict 0.333->None exist 1.0->1.0 cost=$0.651
2012-029:quarter         rounds=3 conv=True strict 0.5->1.0 exist 0.9091->1.0 cost=$0.654
2012-029:threequarter    rounds=2 conv=True strict 0.5->1.0 exist 0.9091->1.0 cost=$0.654
1999-051:quarter         rounds=3 conv=True strict 0.5->1.0 exist 1.0->1.0 cost=$0.660
1999-051:threequarter    rounds=3 conv=True strict 0.5->None exist 1.0->1.0 cost=$0.675
done: 16 episodes, $0.675
1997-033:quarter         rounds=4 conv=False strict 0.111->0.111 exist 0.6667->0.6667 cost=$0.191
1997-033:threequarter    rounds=4 conv=False strict 0.111->0.111 exist 0.6667->0.5714 cost=$0.198
1998-085:quarter         rounds=4 conv=False strict 0.0->0.0 exist 0.875->1.0 cost=$0.202
1998-085:threequarter    rounds=4 conv=False strict 0.0->0.0 exist 0.875->0.8 cost=$0.208
1997-021:quarter         rounds=4 conv=False strict 0.571->0.429 exist 0.7778->0.75 cost=$0.216
1997-021:threequarter    rounds=4 conv=False strict 0.571->0.571 exist 0.7778->0.7778 cost=$0.220
2005-087:quarter         rounds=4 conv=False strict 0.0->0.0 exist 0.9286->0.8 cost=$0.223
2005-087:threequarter    rounds=4 conv=False strict 0.0->0.0 exist 0.9286->0.9286 cost=$0.227
2012-031:quarter         rounds=4 conv=False strict 0.0->0.0 exist 0.6667->0.8 cost=$0.233
2012-031:threequarter    rounds=4 conv=False strict 0.0->0.0 exist 0.6667->0.7778 cost=$0.240
2011-010:quarter         rounds=4 conv=False strict 0.273->0.273 exist 1.0->1.0 cost=$0.244
2011-010:threequarter    rounds=4 conv=False strict 0.273->0.273 exist 1.0->1.0 cost=$0.252
2005-074:quarter         rounds=4 conv=False strict 0.0->0.0 exist 0.3->0.3 cost=$0.259
2005-074:threequarter    rounds=4 conv=False strict 0.0->0.0 exist 0.3->0.3 cost=$0.263
2001-013:quarter         rounds=4 conv=False strict 0.0->0.0 exist 0.4286->0.5714 cost=$0.267
2001-013:threequarter    rounds=4 conv=False strict 0.0->0.0 exist 0.4286->0.6 cost=$0.271
done: 16 episodes, $0.271
1992-109:quarter         rounds=4 conv=False strict 0.6->0.5 exist 1.0->1.0 cost=$0.592
1992-109:threequarter    rounds=3 conv=True strict 0.6->1.0 exist 1.0->1.0 cost=$0.592
2009-045:quarter         rounds=4 conv=False strict 0.062->0.0 exist 0.9167->0.8571 cost=$0.594
2009-045:threequarter    rounds=4 conv=False strict 0.062->0.0 exist 0.9167->1.0 cost=$0.597
1997-046:quarter         rounds=2 conv=True strict 0.4->None exist 1.0->1.0 cost=$0.598
1997-046:threequarter    rounds=4 conv=False strict 0.4->0.5 exist 1.0->1.0 cost=$0.604
2020-032:quarter         rounds=4 conv=False strict 0.0->0.0 exist 1.0->1.0 cost=$0.616
2020-032:threequarter    rounds=4 conv=False strict 0.0->0.667 exist 1.0->1.0 cost=$0.622
2015-055:quarter         rounds=4 conv=False strict 0.0->0.0 exist 1.0->1.0 cost=$0.632
2015-055:threequarter    rounds=3 conv=True strict 0.0->1.0 exist 1.0->1.0 cost=$0.637
2013-058:quarter         rounds=4 conv=False strict 0.0->0.0 exist 0.9->1.0 cost=$0.645
2013-058:threequarter    rounds=4 conv=False strict 0.0->0.0 exist 0.9->1.0 cost=$0.650
2014-024:quarter         rounds=4 conv=True strict 0.25->1.0 exist 1.0->1.0 cost=$0.659
2014-024:threequarter    rounds=3 conv=True strict 0.25->1.0 exist 1.0->1.0 cost=$0.664
1990-075:quarter         rounds=4 conv=False strict 0.111->0.0 exist 1.0->1.0 cost=$0.673
1990-075:threequarter    rounds=3 conv=True strict 0.111->1.0 exist 1.0->1.0 cost=$0.679
done: 16 episodes, $0.679
1992-109:quarter         rounds=4 conv=False strict 0.0->0.0 exist 0.8571->0.8571 cost=$0.189
1992-109:threequarter    rounds=4 conv=False strict 0.0->0.0 exist 0.8571->1.0 cost=$0.197
2009-045:quarter         rounds=4 conv=False strict 0.1->0.0 exist 0.9167->0.9091 cost=$0.205
2009-045:threequarter    rounds=4 conv=False strict 0.1->0.091 exist 0.9167->1.0 cost=$0.214
1997-046:quarter         rounds=2 conv=True strict 0.0->None exist 1.0->1.0 cost=$0.215
1997-046:threequarter    rounds=4 conv=False strict 0.0->0.0 exist 1.0->1.0 cost=$0.221
2020-032:quarter         rounds=4 conv=False strict 0.0->0.0 exist 0.875->0.8182 cost=$0.229
2020-032:threequarter    rounds=4 conv=False strict 0.0->0.0 exist 0.875->0.9 cost=$0.235
2015-055:quarter         rounds=4 conv=False strict 0.0->None exist 0.6667->0.0 cost=$0.248
2015-055:threequarter    rounds=4 conv=False strict 0.0->0.0 exist 0.6667->0.7333 cost=$0.253
2013-058:quarter         rounds=4 conv=False strict 0.0->0.0 exist 1.0->1.0 cost=$0.258
2013-058:threequarter    rounds=4 conv=False strict 0.0->0.0 exist 1.0->1.0 cost=$0.261
2014-024:quarter         rounds=4 conv=False strict 0.0->0.0 exist 0.6923->0.6923 cost=$0.265
2014-024:threequarter    rounds=4 conv=False strict 0.0->0.0 exist 0.6923->0.7273 cost=$0.269
1990-075:quarter         rounds=4 conv=False strict 0.2->0.0 exist 0.7143->0.5714 cost=$0.272
1990-075:threequarter    rounds=4 conv=False strict 0.2->0.0 exist 0.7143->0.6667 cost=$0.274
done: 16 episodes, $0.274
1992-109:quarter         rounds=4 conv=False strict 0.3->0.0 exist 1.0->1.0 cost=$15.689
1992-109:threequarter    rounds=4 conv=True strict 0.3->1.0 exist 1.0->1.0 cost=$16.525
2009-045:quarter         rounds=3 conv=True strict 0.667->1.0 exist 1.0->1.0 cost=$16.687
2009-045:threequarter    rounds=2 conv=True strict 0.667->1.0 exist 1.0->1.0 cost=$16.687
1997-046:quarter         rounds=4 conv=False strict 0.5->0.0 exist 1.0->1.0 cost=$17.127
1997-046:threequarter    rounds=4 conv=False strict 0.5->0.714 exist 1.0->1.0 cost=$17.636
2020-032:quarter         rounds=4 conv=False strict 0.333->0.5 exist 1.0->1.0 cost=$17.973
2020-032:threequarter    rounds=2 conv=True strict 0.333->1.0 exist 1.0->1.0 cost=$17.973
2015-055:quarter         rounds=4 conv=False strict 0.778->0.333 exist 1.0->1.0 cost=$18.373
2015-055:threequarter    rounds=2 conv=True strict 0.778->1.0 exist 1.0->1.0 cost=$18.629
2013-058:quarter         rounds=4 conv=False strict 0.2->0.5 exist 1.0->1.0 cost=$18.997
2013-058:threequarter    rounds=4 conv=False strict 0.2->0.5 exist 1.0->1.0 cost=$19.541
2014-024:quarter         rounds=4 conv=False strict 0.2->0.0 exist 1.0->1.0 cost=$20.095
2014-024:threequarter    rounds=4 conv=False strict 0.2->0.75 exist 1.0->1.0 cost=$20.370
1990-075:quarter         rounds=3 conv=True strict 0.4->1.0 exist 1.0->1.0 cost=$20.479
1990-075:threequarter    rounds=4 conv=False strict 0.4->0.5 exist 1.0->1.0 cost=$20.698
done: 16 episodes, $20.698
1997-033:quarter         rounds=4 conv=False strict 0.5->0.5 exist 1.0->1.0 cost=$0.571
1997-033:threequarter    rounds=2 conv=True strict 0.5->1.0 exist 1.0->1.0 cost=$0.571
1998-085:quarter         rounds=4 conv=False strict 0.0->0.0 exist 1.0->1.0 cost=$0.584
1998-085:threequarter    rounds=2 conv=True strict 0.0->None exist 1.0->1.0 cost=$0.587
1997-021:quarter         rounds=4 conv=False strict 0.0->0.0 exist 1.0->1.0 cost=$0.606
1997-021:threequarter    rounds=3 conv=True strict 0.0->None exist 1.0->1.0 cost=$0.642
2005-087:quarter         rounds=4 conv=False strict 0.0->0.0 exist 1.0->1.0 cost=$0.661
2005-087:threequarter    rounds=2 conv=True strict 0.0->None exist 1.0->1.0 cost=$0.661
2012-031:quarter         rounds=4 conv=False strict 0.231->0.0 exist 1.0->1.0 cost=$0.681
2012-031:threequarter    rounds=4 conv=True strict 0.231->1.0 exist 1.0->1.0 cost=$0.684
2011-010:quarter         rounds=4 conv=False strict 0.214->0.333 exist 1.0->1.0 cost=$0.689
2011-010:threequarter    rounds=4 conv=False strict 0.214->0.308 exist 1.0->1.0 cost=$0.690
2005-074:quarter         rounds=4 conv=False strict 0.0->0.0 exist 0.8889->0.8333 cost=$0.694
2005-074:threequarter    rounds=3 conv=True strict 0.0->None exist 0.8889->1.0 cost=$0.697
2001-013:quarter         rounds=4 conv=False strict 0.0->0.0 exist 0.9->0.8571 cost=$0.701
2001-013:threequarter    rounds=4 conv=False strict 0.0->0.0 exist 0.9->1.0 cost=$0.705
done: 16 episodes, $0.705
