1992-109:true            rounds=2 conv=True strict 0.667->1.0 exist 1.0->1.0 cost=$0.017
1992-109:scrambled       rounds=2 conv=True strict 0.667->1.0 exist 1.0->1.0 cost=$0.054
1992-109:none            rounds=4 conv=False strict 0.667->0.5 exist 1.0->1.0 cost=$0.097
1992-109:half            rounds=3 conv=True strict 0.667->1.0 exist 1.0->1.0 cost=$0.141
2009-045:true            rounds=1 conv=True strict None->None exist 1.0->1.0 cost=$0.141
2009-045:scrambled       rounds=1 conv=True strict None->None exist 1.0->1.0 cost=$0.141
2009-045:none            rounds=1 conv=True strict None->None exist 1.0->1.0 cost=$0.141
2009-045:half            rounds=1 conv=True strict None->None exist 1.0->1.0 cost=$0.141
1997-046:true            rounds=2 conv=True strict 0.333->1.0 exist 1.0->1.0 cost=$0.157
1997-046:scrambled       rounds=4 conv=False strict 0.333->0.0 exist 1.0->1.0 cost=$0.234
1997-046:none            rounds=4 conv=False strict 0.333->0.333 exist 1.0->1.0 cost=$0.270
1997-046:half            rounds=2 conv=True strict 0.333->1.0 exist 1.0->1.0 cost=$0.270
2020-032:true            rounds=1 conv=True strict None->None exist 1.0->1.0 cost=$0.270
2020-032:scrambled       rounds=1 conv=True strict None->None exist 1.0->1.0 cost=$0.270
2020-032:none            rounds=1 conv=True strict None->None exist 1.0->1.0 cost=$0.270
2020-032:half            rounds=1 conv=True strict None->None exist 1.0->1.0 cost=$0.270
2015-055:true            rounds=2 conv=True strict 0.0->None exist 1.0->1.0 cost=$0.290
2015-055:scrambled       rounds=2 conv=True strict 0.0->None exist 1.0->1.0 cost=$0.317
2015-055:none            rounds=2 conv=True strict 0.0->None exist 1.0->1.0 cost=$0.334
2015-055:half            rounds=2 conv=True strict 0.0->None exist 1.0->1.0 cost=$0.334
2013-058:true            rounds=1 conv=True strict None->None exist 1.0->1.0 cost=$0.334
2013-058:scrambled       rounds=1 conv=True strict None->None exist 1.0->1.0 cost=$0.334
2013-058:none            rounds=1 conv=True strict None->None exist 1.0->1.0 cost=$0.334
2013-058:half            rounds=1 conv=True strict None->None exist 1.0->1.0 cost=$0.334
done: 24 episodes, $0.334
2012-006:true            rounds=1 conv=True strict None->None exist 1.0->1.0 cost=$0.000
2012-006:scrambled       rounds=1 conv=True strict None->None exist 1.0->1.0 cost=$0.000
2012-006:none            rounds=1 conv=True strict None->None exist 1.0->1.0 cost=$0.000
2012-006:half            rounds=1 conv=True strict None->None exist 1.0->1.0 cost=$0.000
1998-026:true            rounds=1 conv=True strict None->None exist 1.0->1.0 cost=$0.000
1998-026:scrambled       rounds=1 conv=True strict None->None exist 1.0->1.0 cost=$0.000
1998-026:none            rounds=1 conv=True strict None->None exist 1.0->1.0 cost=$0.000
1998-026:half            rounds=1 conv=True strict None->None exist 1.0->1.0 cost=$0.000
1997-100:true            rounds=1 conv=True strict None->None exist 1.0->1.0 cost=$0.000
1997-100:scrambled       rounds=1 conv=True strict None->None exist 1.0->1.0 cost=$0.000
1997-100:none            rounds=1 conv=True strict None->None exist 1.0->1.0 cost=$0.000
1997-100:half            rounds=1 conv=True strict None->None exist 1.0->1.0 cost=$0.000
2000-071:true            rounds=2 conv=True strict 0.167->1.0 exist 1.0->1.0 cost=$0.031
2000-071:scrambled       rounds=2 conv=True strict 0.167->1.0 exist 1.0->1.0 cost=$0.067
2000-071:none            rounds=4 conv=False strict 0.167->0.0 exist 1.0->1.0 cost=$0.118
2000-071:half            rounds=2 conv=True strict 0.167->None exist 1.0->1.0 cost=$0.152
2012-029:true            rounds=2 conv=True strict 0.0->None exist 1.0->1.0 cost=$0.184
2012-029:scrambled       rounds=4 conv=False strict 0.0->0.0 exist 1.0->1.0 cost=$0.284
2012-029:none            rounds=2 conv=True strict 0.0->None exist 1.0->1.0 cost=$0.295
2012-029:half            rounds=4 conv=False strict 0.0->0.0 exist 1.0->1.0 cost=$0.392
1999-051:true            rounds=2 conv=True strict 0.0->None exist 1.0->1.0 cost=$0.397
1999-051:scrambled       rounds=4 conv=False strict 0.0->0.0 exist 1.0->1.0 cost=$0.446
1999-051:none            rounds=4 conv=False strict 0.0->0.0 exist 1.0->1.0 cost=$0.486
1999-051:half            rounds=4 conv=False strict 0.0->0.0 exist 1.0->1.0 cost=$0.526
done: 24 episodes, $0.526
2012-031:true            rounds=2 conv=True strict 0.0->None exist 1.0->1.0 cost=$0.011
2012-031:scrambled       rounds=4 conv=False strict 0.0->0.0 exist 1.0->1.0 cost=$0.136
2012-031:none            rounds=4 conv=False strict 0.0->0.0 exist 1.0->1.0 cost=$0.201
2012-031:half            rounds=2 conv=True strict 0.0->None exist 1.0->1.0 cost=$0.221
2011-010:true            rounds=2 conv=True strict 0.167->None exist 1.0->1.0 cost=$0.301
2011-010:scrambled       rounds=4 conv=False strict 0.167->0.0 exist 1.0->0.875 cost=$0.406
2011-010:none            rounds=4 conv=False strict 0.167->0.25 exist 1.0->1.0 cost=$0.467
2011-010:half            rounds=4 conv=True strict 0.167->None exist 1.0->1.0 cost=$0.516
2005-074:true            rounds=2 conv=True strict 0.5->1.0 exist 1.0->1.0 cost=$0.533
2005-074:scrambled       rounds=2 conv=True strict 0.5->None exist 1.0->1.0 cost=$0.556
2005-074:none            rounds=2 conv=True strict 0.5->None exist 1.0->1.0 cost=$0.560
2005-074:half            rounds=2 conv=True strict 0.5->1.0 exist 1.0->1.0 cost=$0.560
2001-013:true            rounds=1 conv=True strict None->None exist 1.0->1.0 cost=$0.560
2001-013:scrambled       rounds=1 conv=True strict None->None exist 1.0->1.0 cost=$0.560
2001-013:none            rounds=1 conv=True strict None->None exist 1.0->1.0 cost=$0.560
2001-013:half            rounds=1 conv=True strict None->None exist 1.0->1.0 cost=$0.560
1992-086:true            rounds=2 conv=True strict 0.833->1.0 exist 1.0->1.0 cost=$0.584
1992-086:scrambled       rounds=4 conv=False strict 0.833->0.5 exist 1.0->1.0 cost=$0.620
1992-086:none            rounds=4 conv=False strict 0.833->0.75 exist 1.0->1.0 cost=$0.662
1992-086:half            rounds=4 conv=True strict 0.833->1.0 exist 1.0->1.0 cost=$0.690
2010-046:true            rounds=1 conv=True strict None->None exist 1.0->1.0 cost=$0.690
2010-046:scrambled       rounds=1 conv=True strict None->None exist 1.0->1.0 cost=$0.690
2010-046:none            rounds=1 conv=True strict None->None exist 1.0->1.0 cost=$0.690
2010-046:half            rounds=1 conv=True strict None->None exist 1.0->1.0 cost=$0.690
done: 24 episodes, $0.690
2014-024:true            rounds=2 conv=True strict 0.25->1.0 exist 1.0->1.0 cost=$0.024
2014-024:scrambled       rounds=2 conv=True strict 0.25->None exist 1.0->1.0 cost=$0.060
2014-024:none            rounds=2 conv=True strict 0.25->None exist 1.0->1.0 cost=$0.102
2014-024:half            rounds=2 conv=True strict 0.25->None exist 1.0->1.0 cost=$0.113
1990-075:true            rounds=2 conv=True strict 0.0->None exist 1.0->1.0 cost=$0.172
1990-075:scrambled       rounds=4 conv=False strict 0.0->0.0 exist 1.0->1.0 cost=$0.277
1990-075:none            rounds=4 conv=False strict 0.0->0.0 exist 1.0->1.0 cost=$0.338
1990-075:half            rounds=2 conv=True strict 0.0->None exist 1.0->1.0 cost=$0.367
1997-033:true            rounds=2 conv=True strict 0.4->1.0 exist 1.0->1.0 cost=$0.376
1997-033:scrambled       rounds=4 conv=False strict 0.4->0.0 exist 1.0->1.0 cost=$0.450
1997-033:none            rounds=2 conv=True strict 0.4->1.0 exist 1.0->1.0 cost=$0.471
1997-033:half            rounds=4 conv=True strict 0.4->None exist 1.0->1.0 cost=$0.539
1998-085:true            rounds=2 conv=True strict 0.0->None exist 0.875->1.0 cost=$0.551
1998-085:scrambled       rounds=4 conv=True strict 0.0->None exist 0.875->None cost=$0.628
1998-085:none            rounds=4 conv=False strict 0.0->0.0 exist 0.875->0.875 cost=$0.657
1998-085:half            rounds=2 conv=True strict 0.0->None exist 0.875->1.0 cost=$0.673
1997-021:true            rounds=2 conv=True strict 0.0->None exist 1.0->1.0 cost=$0.685
1997-021:scrambled       rounds=4 conv=False strict 0.0->0.0 exist 1.0->1.0 cost=$0.713
1997-021:none            rounds=4 conv=False strict 0.0->0.0 exist 1.0->1.0 cost=$0.729
1997-021:half            rounds=2 conv=True strict 0.0->None exist 1.0->1.0 cost=$0.729
2005-087:true            rounds=2 conv=True strict 0.0->None exist 1.0->1.0 cost=$0.735
2005-087:scrambled       rounds=4 conv=False strict 0.0->0.0 exist 1.0->1.0 cost=$0.751
2005-087:none            rounds=4 conv=False strict 0.0->0.0 exist 1.0->1.0 cost=$0.769
2005-087:half            rounds=4 conv=True strict 0.0->None exist 1.0->1.0 cost=$0.787
done: 24 episodes, $0.787
