2012-031 baseline  cites=  6 exist=0.8333 unres=0.0 quotes=4 cost=$0.0085
2012-031 combo     cites=  9 exist=1.0 unres=0.0 quotes=3 cost=$0.0143
2011-010 baseline  cites= 10 exist=1.0 unres=0.0 quotes=6 cost=$0.0243
2011-010 combo     cites= 13 exist=1.0 unres=0.0 quotes=9 cost=$0.0266
2005-074 baseline  cites=  5 exist=1.0 unres=0.0 quotes=1 cost=$0.0342
2005-074 combo     cites= 10 exist=1.0 unres=0.0 quotes=3 cost=$0.0404
2001-013 baseline  cites=  4 exist=1.0 unres=0.0 quotes=2 cost=$0.0470
2001-013 combo     cites=  9 exist=1.0 unres=0.0 quotes=4 cost=$0.0548
1992-086 baseline  cites= 11 exist=1.0 unres=0.0 quotes=5 cost=$0.0593
1992-086 combo     cites= 11 exist=1.0 unres=0.0 quotes=3 cost=$0.0661
2010-046 baseline  cites=  9 exist=0.8889 unres=0.0 quotes=5 cost=$0.0764
2010-046 combo     cites= 11 exist=0.9091 unres=0.0 quotes=12 cost=$0.0830
2012-006 baseline  cites=  9 exist=1.0 unres=0.0 quotes=9 cost=$0.0892
2012-006 combo     cites=  8 exist=1.0 unres=0.0 quotes=8 cost=$0.0985
1998-026 baseline  cites=  3 exist=1.0 unres=0.0 quotes=0 cost=$0.1018
1998-026 combo     cites= 12 exist=1.0 unres=0.0 quotes=0 cost=$0.1087
1997-100 baseline  cites= 10 exist=1.0 unres=0.0 quotes=6 cost=$0.1178
1997-100 combo     cites=  9 exist=1.0 unres=0.0 quotes=3 cost=$0.1267
2000-071 baseline  cites=  6 exist=1.0 unres=0.0 quotes=3 cost=$0.1359
2000-071 combo     cites=  8 exist=1.0 unres=0.0 quotes=5 cost=$0.1446
2012-029 baseline  cites=  8 exist=1.0 unres=0.0 quotes=1 cost=$0.1530
2012-029 combo     cites= 12 exist=1.0 unres=0.0 quotes=3 cost=$0.1610
1999-051 baseline  cites=  5 exist=1.0 unres=0.0 quotes=2 cost=$0.1688
1999-051 combo     cites= 10 exist=1.0 unres=0.0 quotes=5 cost=$0.1737
{
  "baseline": {
    "drafts": 12,
    "abstained": 0,
    "citations_total": 86,
    "cite_verdicts": {
      "exists": 84,
      "not_found": 2
    },
    "existence_rate_pooled": 0.977,
    "quote_verdicts": {
      "accurate": 15,
      "near_miss": 13,
      "unverifiable": 3,
      "inaccurate": 13
    },
    "pin_verdicts": {
      "in_range": 59,
      "no_pin": 22,
      "case_unknown": 2,
      "out_of_range": 3
    },
    "temporal": {}
  },
  "combo": {
    "drafts": 12,
    "abstained": 0,
    "citations_total": 122,
    "cite_verdicts": {
      "exists": 121,
      "not_found": 1
    },
    "existence_rate_pooled": 0.992,
    "quote_verdicts": {
      "inaccurate": 28,
      "accurate": 14,
      "unverifiable": 5,
      "near_miss": 11
    },
    "pin_verdicts": {
      "in_range": 88,
      "no_pin": 23,
      "out_of_range": 10,
      "case_unknown": 1
    },
    "temporal": {
      "checked": 122,
      "violated": 26
    }
  }
}
total cost $0.1737
2015-066 baseline  cites= 12 exist=1.0 unres=0.0 quotes=2 cost=$0.0228
2015-066 combo     cites= 11 exist=1.0 unres=0.0 quotes=8 cost=$0.0625
2015-038 baseline  cites=  7 exist=1.0 unres=0.0 quotes=2 cost=$0.0817
2015-038 combo     cites= 14 exist=1.0 unres=0.0 quotes=5 cost=$0.1204
2020-058 baseline  cites= 13 exist=1.0 unres=0.0 quotes=6 cost=$0.1716
2020-058 combo     cites= 12 exist=1.0 unres=0.0 quotes=6 cost=$0.2001
2020-005 baseline  cites=  5 exist=1.0 unres=0.0 quotes=7 cost=$0.2310
2020-005 combo     cites= 15 exist=1.0 unres=0.0 quotes=1 cost=$0.2787
2018-070 baseline  cites=  5 exist=1.0 unres=0.0 quotes=1 cost=$0.3193
2018-070 combo     cites= 11 exist=1.0 unres=0.0 quotes=3 cost=$0.3648
2016-067 baseline  cites=  6 exist=1.0 unres=0.0 quotes=7 cost=$0.3956
2016-067 combo     cites= 11 exist=0.9091 unres=0.0 quotes=7 cost=$0.4329
1999-033 baseline  cites= 11 exist=1.0 unres=0.0 quotes=2 cost=$0.4780
1999-033 combo     cites=  9 exist=1.0 unres=0.0 quotes=4 cost=$0.5041
1990-114 baseline  cites= 15 exist=1.0 unres=0.0 quotes=6 cost=$0.5297
1990-114 combo     cites= 21 exist=1.0 unres=0.0 quotes=4 cost=$0.5574
2020-012 baseline  cites=  7 exist=1.0 unres=0.0 quotes=3 cost=$0.5950
2020-012 combo     cites= 22 exist=1.0 unres=0.0 quotes=0 cost=$0.6396
2020-067 baseline  cites=  6 exist=1.0 unres=0.1667 quotes=1 cost=$0.6789
2020-067 combo     cites= 15 exist=1.0 unres=0.0 quotes=3 cost=$0.7166
2016-063 baseline  cites=  4 exist=1.0 unres=0.0 quotes=1 cost=$0.7558
2016-063 combo     cites= 13 exist=1.0 unres=0.0 quotes=1 cost=$0.7971
1994-059 baseline  cites= 13 exist=1.0 unres=0.0 quotes=3 cost=$0.8337
1994-059 combo     cites= 12 exist=1.0 unres=0.0 quotes=0 cost=$0.8694
{
  "combo": {
    "drafts": 12,
    "abstained": 0,
    "citations_total": 166,
    "cite_verdicts": {
      "exists": 165,
      "not_found": 1
    },
    "existence_rate_pooled": 0.994,
    "quote_verdicts": {
      "accurate": 18,
      "near_miss": 6,
      "inaccurate": 6,
      "unverifiable": 12
    },
    "pin_verdicts": {
      "in_range": 30,
      "no_pin": 132,
      "out_of_range": 3,
      "case_unknown": 1
    },
    "temporal": {
      "checked": 166,
      "violated": 28
    }
  },
  "baseline": {
    "drafts": 12,
    "abstained": 0,
    "citations_total": 104,
    "cite_verdicts": {
      "exists": 103,
      "unresolvable": 1
    },
    "existence_rate_pooled": 1.0,
    "quote_verdicts": {
      "near_miss": 7,
      "inaccurate": 5,
      "accurate": 18,
      "unverifiable": 11
    },
    "pin_verdicts": {
      "in_range": 55,
      "no_pin": 46,
      "out_of_range": 2
    },
    "temporal": {}
  }
}
total cost $0.8694
2012-031 baseline  cites=  9 exist=1.0 unres=0.0 quotes=2 cost=$0.0467
2012-031 combo     cites= 13 exist=1.0 unres=0.0 quotes=2 cost=$0.0904
2011-010 baseline  cites=  6 exist=1.0 unres=0.0 quotes=5 cost=$0.1399
2011-010 combo     cites= 17 exist=1.0 unres=0.0 quotes=4 cost=$0.1804
2005-074 baseline  cites=  5 exist=1.0 unres=0.0 quotes=1 cost=$0.2121
2005-074 combo     cites=  9 exist=1.0 unres=0.0 quotes=2 cost=$0.2384
2001-013 baseline  cites= 22 exist=1.0 unres=0.0 quotes=2 cost=$0.2709
2001-013 combo     cites= 12 exist=0.9167 unres=0.0 quotes=3 cost=$0.3066
1992-086 baseline  cites=  5 exist=1.0 unres=0.0 quotes=1 cost=$0.3495
1992-086 combo     cites= 10 exist=1.0 unres=0.0 quotes=0 cost=$0.3845
2010-046 baseline  cites=  5 exist=1.0 unres=0.0 quotes=1 cost=$0.4240
2010-046 combo     cites= 19 exist=1.0 unres=0.0 quotes=0 cost=$0.4594
2012-006 baseline  cites=  6 exist=1.0 unres=0.0 quotes=2 cost=$0.4984
2012-006 combo     cites= 18 exist=1.0 unres=0.0 quotes=0 cost=$0.5373
1998-026 baseline  cites=  7 exist=1.0 unres=0.0 quotes=0 cost=$0.5779
1998-026 combo     cites= 13 exist=1.0 unres=0.0 quotes=1 cost=$0.6103
1997-100 baseline  cites= 13 exist=0.8462 unres=0.0 quotes=6 cost=$0.6515
1997-100 combo     cites= 12 exist=1.0 unres=0.0 quotes=1 cost=$0.6869
2000-071 baseline  cites=  6 exist=1.0 unres=0.0 quotes=4 cost=$0.7284
2000-071 combo     cites= 12 exist=1.0 unres=0.0 quotes=4 cost=$0.7641
2012-029 baseline  cites=  1 exist=1.0 unres=0.0 quotes=0 cost=$0.7759
2012-029 combo     cites= 11 exist=1.0 unres=0.0 quotes=5 cost=$0.8050
1999-051 baseline  cites=  6 exist=1.0 unres=0.0 quotes=1 cost=$0.8427
1999-051 combo     cites= 14 exist=1.0 unres=0.0 quotes=1 cost=$0.8774
{
  "combo": {
    "drafts": 12,
    "abstained": 0,
    "citations_total": 160,
    "cite_verdicts": {
      "exists": 159,
      "not_found": 1
    },
    "existence_rate_pooled": 0.994,
    "quote_verdicts": {
      "inaccurate": 5,
      "accurate": 11,
      "unverifiable": 5,
      "near_miss": 2
    },
    "pin_verdicts": {
      "in_range": 55,
      "no_pin": 100,
      "out_of_range": 4,
      "in_range_unbounded": 1
    },
    "temporal": {
      "checked": 160,
      "violated": 25
    }
  },
  "baseline": {
    "drafts": 12,
    "abstained": 0,
    "citations_total": 91,
    "cite_verdicts": {
      "exists": 89,
      "not_found": 2
    },
    "existence_rate_pooled": 0.978,
    "quote_verdicts": {
      "accurate": 11,
      "unverifiable": 3,
      "inaccurate": 6,
      "near_miss": 5
    },
    "pin_verdicts": {
      "no_pin": 53,
      "in_range": 38
    },
    "temporal": {}
  }
}
total cost $0.8774
2019-024 baseline  cites=  4 exist=0.5 unres=0.0 quotes=3 cost=$0.0041
2019-024 combo     cites=  9 exist=1.0 unres=0.0 quotes=11 cost=$0.0116
2011-027 baseline  cites= 13 exist=0.7692 unres=0.0 quotes=10 cost=$0.0214
2011-027 combo     cites= 10 exist=0.9 unres=0.0 quotes=10 cost=$0.0280
2016-001 baseline  cites=  8 exist=1.0 unres=0.0 quotes=4 cost=$0.0362
2016-001 combo     cites=  5 exist=1.0 unres=0.0 quotes=3 cost=$0.0452
2010-065 baseline  cites= 11 exist=1.0 unres=0.0 quotes=8 cost=$0.0534
2010-065 combo     cites= 10 exist=0.9 unres=0.0 quotes=8 cost=$0.0641
1997-044 baseline  cites=  6 exist=0.8333 unres=0.0 quotes=3 cost=$0.0704
1997-044 combo     cites=  5 exist=1.0 unres=0.0 quotes=7 cost=$0.0777
2001-070 baseline  cites=  8 exist=1.0 unres=0.0 quotes=2 cost=$0.0851
2001-070 combo     cites=  7 exist=1.0 unres=0.0 quotes=7 cost=$0.0930
2000-087 baseline  cites=  4 exist=1.0 unres=0.0 quotes=1 cost=$0.1005
2000-087 combo     cites=  7 exist=1.0 unres=0.0 quotes=10 cost=$0.1054
2013-068 baseline  cites= 11 exist=1.0 unres=0.0 quotes=2 cost=$0.1149
2013-068 combo     cites= 10 exist=1.0 unres=0.0 quotes=3 cost=$0.1221
2020-060 baseline  cites=  8 exist=0.75 unres=0.0 quotes=2 cost=$0.1332
2020-060 combo     cites= 11 exist=1.0 unres=0.0 quotes=8 cost=$0.1421
2003-043 baseline  cites=  1 exist=1.0 unres=0.0 quotes=0 cost=$0.1465
2003-043 combo     cites= 10 exist=1.0 unres=0.0 quotes=1 cost=$0.1542
2010-026 baseline  cites=  4 exist=1.0 unres=0.0 quotes=3 cost=$0.1650
2010-026 combo     cites=  7 exist=1.0 unres=0.0 quotes=7 cost=$0.1722
2015-007 baseline  cites=  6 exist=1.0 unres=0.0 quotes=3 cost=$0.1778
2015-007 combo     cites=  8 exist=1.0 unres=0.0 quotes=0 cost=$0.1857
{
  "baseline": {
    "drafts": 12,
    "abstained": 0,
    "citations_total": 84,
    "cite_verdicts": {
      "not_found": 8,
      "exists": 76
    },
    "existence_rate_pooled": 0.905,
    "quote_verdicts": {
      "near_miss": 12,
      "inaccurate": 16,
      "unverifiable": 8,
      "accurate": 5
    },
    "pin_verdicts": {
      "case_unknown": 5,
      "in_range": 58,
      "no_pin": 19,
      "out_of_range": 2
    },
    "temporal": {}
  },
  "combo": {
    "drafts": 12,
    "abstained": 0,
    "citations_total": 99,
    "cite_verdicts": {
      "exists": 97,
      "not_found": 2
    },
    "existence_rate_pooled": 0.98,
    "quote_verdicts": {
      "unverifiable": 23,
      "inaccurate": 35,
      "near_miss": 12,
      "accurate": 5
    },
    "pin_verdicts": {
      "in_range": 76,
      "no_pin": 14,
      "out_of_range": 7,
      "case_unknown": 2
    },
    "temporal": {
      "checked": 99,
      "violated": 22
    }
  }
}
total cost $0.1857
2019-024 baseline  cites= 15 exist=1.0 unres=0.0 quotes=2 cost=$0.0347
2019-024 combo     cites= 10 exist=1.0 unres=0.0 quotes=3 cost=$0.0712
2011-027 baseline  cites= 10 exist=1.0 unres=0.0 quotes=1 cost=$0.1012
2011-027 combo     cites= 25 exist=1.0 unres=0.0 quotes=3 cost=$0.1286
2016-001 baseline  cites=  6 exist=1.0 unres=0.0 quotes=2 cost=$0.1716
2016-001 combo     cites=  9 exist=1.0 unres=0.0 quotes=9 cost=$0.2612
2010-065 baseline  cites= 13 exist=1.0 unres=0.0 quotes=5 cost=$0.2907
2010-065 combo     cites= 12 exist=1.0 unres=0.0 quotes=4 cost=$0.3277
1997-044 baseline  cites=  6 exist=1.0 unres=0.0 quotes=5 cost=$0.3765
1997-044 combo     cites=  8 exist=1.0 unres=0.0 quotes=1 cost=$0.4136
2001-070 baseline  cites= 12 exist=1.0 unres=0.0 quotes=4 cost=$0.4518
2001-070 combo     cites= 13 exist=1.0 unres=0.0 quotes=1 cost=$0.4780
2000-087 baseline  cites=  1 exist=1.0 unres=0.0 quotes=0 cost=$0.4885
2000-087 combo     cites= 13 exist=1.0 unres=0.0 quotes=2 cost=$0.5182
2013-068 baseline  cites= 11 exist=1.0 unres=0.0 quotes=1 cost=$0.5494
2013-068 combo     cites=  8 exist=1.0 unres=0.0 quotes=2 cost=$0.5860
2020-060 baseline  cites=  6 exist=1.0 unres=0.0 quotes=4 cost=$0.6221
2020-060 combo     cites= 12 exist=1.0 unres=0.0 quotes=2 cost=$0.6596
2003-043 baseline  cites=  9 exist=0.8889 unres=0.0 quotes=3 cost=$0.6976
2003-043 combo     cites= 15 exist=0.8667 unres=0.0 quotes=2 cost=$0.7356
2010-026 baseline  cites= 10 exist=1.0 unres=0.0 quotes=4 cost=$0.7759
2010-026 combo     cites= 14 exist=1.0 unres=0.0 quotes=7 cost=$0.8136
2015-007 baseline  cites=  9 exist=1.0 unres=0.0 quotes=3 cost=$0.8545
2015-007 combo     cites= 16 exist=1.0 unres=0.0 quotes=6 cost=$0.8850
{
  "combo": {
    "drafts": 12,
    "abstained": 0,
    "citations_total": 155,
    "cite_verdicts": {
      "exists": 153,
      "not_found": 2
    },
    "existence_rate_pooled": 0.987,
    "quote_verdicts": {
      "inaccurate": 11,
      "unverifiable": 19,
      "accurate": 9,
      "near_miss": 3
    },
    "pin_verdicts": {
      "out_of_range": 7,
      "in_range": 51,
      "no_pin": 95,
      "case_unknown": 2
    },
    "temporal": {
      "checked": 155,
      "violated": 17
    }
  },
  "baseline": {
    "drafts": 12,
    "abstained": 0,
    "citations_total": 108,
    "cite_verdicts": {
      "exists": 107,
      "not_found": 1
    },
    "existence_rate_pooled": 0.991,
    "quote_verdicts": {
      "accurate": 17,
      "unverifiable": 8,
      "inaccurate": 7,
      "near_miss": 2
    },
    "pin_verdicts": {
      "in_range": 57,
      "no_pin": 47,
      "out_of_range": 3,
      "case_unknown": 1
    },
    "temporal": {}
  }
}
total cost $0.885
1992-109 baseline  cites= 17 exist=1.0 unres=0.0 quotes=2 cost=$0.0112
1992-109 combo     cites= 12 exist=1.0 unres=0.0 quotes=3 cost=$0.0545
2009-045 baseline  cites=  7 exist=1.0 unres=0.0 quotes=4 cost=$0.1126
2009-045 combo     cites= 13 exist=1.0 unres=0.0 quotes=6 cost=$0.1475
1997-046 baseline  cites=  9 exist=1.0 unres=0.0 quotes=3 cost=$0.1917
1997-046 combo     cites= 11 exist=1.0 unres=0.0 quotes=4 cost=$0.2202
2020-032 baseline  cites= 15 exist=1.0 unres=0.0 quotes=2 cost=$0.2500
2020-032 combo     cites=  8 exist=1.0 unres=0.0 quotes=0 cost=$0.2987
2015-055 baseline  cites=  7 exist=1.0 unres=0.0 quotes=8 cost=$0.3387
2015-055 combo     cites= 11 exist=1.0 unres=0.0 quotes=4 cost=$0.3567
2013-058 baseline  cites=  4 exist=1.0 unres=0.0 quotes=1 cost=$0.4058
2013-058 combo     cites= 10 exist=1.0 unres=0.0 quotes=2 cost=$0.4518
2014-024 baseline  cites=  6 exist=1.0 unres=0.0 quotes=5 cost=$0.4885
2014-024 combo     cites= 13 exist=1.0 unres=0.0 quotes=2 cost=$0.5117
1990-075 baseline  cites= 13 exist=1.0 unres=0.0 quotes=4 cost=$0.5695
1990-075 combo     cites= 15 exist=1.0 unres=0.0 quotes=1 cost=$0.6029
1997-033 baseline  cites=  9 exist=1.0 unres=0.0 quotes=8 cost=$0.6321
1997-033 combo     cites= 15 exist=1.0 unres=0.0 quotes=5 cost=$0.6677
1998-085 baseline  cites=  6 exist=1.0 unres=0.0 quotes=2 cost=$0.7088
1998-085 combo     cites= 18 exist=1.0 unres=0.0 quotes=5 cost=$0.7442
1997-021 baseline  cites= 16 exist=0.8125 unres=0.0 quotes=4 cost=$0.7886
1997-021 combo     cites= 14 exist=1.0 unres=0.0 quotes=1 cost=$0.8231
2005-087 baseline  cites= 11 exist=1.0 unres=0.0 quotes=0 cost=$0.8627
2005-087 combo     cites= 10 exist=1.0 unres=0.0 quotes=4 cost=$0.8924
{
  "combo": {
    "drafts": 12,
    "abstained": 0,
    "citations_total": 150,
    "cite_verdicts": {
      "exists": 150
    },
    "existence_rate_pooled": 1.0,
    "quote_verdicts": {
      "accurate": 16,
      "unverifiable": 8,
      "inaccurate": 10,
      "near_miss": 3
    },
    "pin_verdicts": {
      "in_range": 61,
      "no_pin": 87,
      "out_of_range": 2
    },
    "temporal": {
      "checked": 150,
      "violated": 21
    }
  },
  "baseline": {
    "drafts": 12,
    "abstained": 0,
    "citations_total": 120,
    "cite_verdicts": {
      "exists": 117,
      "not_found": 3
    },
    "existence_rate_pooled": 0.975,
    "quote_verdicts": {
      "accurate": 24,
      "near_miss": 9,
      "inaccurate": 10
    },
    "pin_verdicts": {
      "no_pin": 48,
      "in_range": 66,
      "out_of_range": 4,
      "case_unknown": 2
    },
    "temporal": {}
  }
}
total cost $0.8924
1992-109 baseline  cites= 10 exist=1.0 unres=0.0 quotes=5 cost=$0.0020
1992-109 combo     cites= 14 exist=1.0 unres=0.0 quotes=9 cost=$0.0130
2009-045 baseline  cites=  8 exist=1.0 unres=0.0 quotes=5 cost=$0.0192
2009-045 combo     cites= 12 exist=0.9167 unres=0.0 quotes=10 cost=$0.0316
1997-046 baseline  cites=  7 exist=1.0 unres=0.0 quotes=2 cost=$0.0382
1997-046 combo     cites= 11 exist=1.0 unres=0.0 quotes=13 cost=$0.0442
2020-032 baseline  cites= 11 exist=1.0 unres=0.0 quotes=2 cost=$0.0511
2020-032 combo     cites= 13 exist=1.0 unres=0.0 quotes=4 cost=$0.0608
2015-055 baseline  cites=  7 exist=0.8571 unres=0.0 quotes=3 cost=$0.0683
2015-055 combo     cites= 10 exist=1.0 unres=0.0 quotes=5 cost=$0.0742
2013-058 baseline  cites=  4 exist=1.0 unres=0.0 quotes=3 cost=$0.0817
2013-058 combo     cites= 10 exist=1.0 unres=0.0 quotes=0 cost=$0.0917
2014-024 baseline  cites=  9 exist=1.0 unres=0.0 quotes=3 cost=$0.0974
2014-024 combo     cites= 10 exist=1.0 unres=0.0 quotes=10 cost=$0.1045
1990-075 baseline  cites=  7 exist=0.8571 unres=0.0 quotes=6 cost=$0.1109
1990-075 combo     cites= 10 exist=1.0 unres=0.0 quotes=5 cost=$0.1192
1997-033 baseline  cites=  4 exist=1.0 unres=0.0 quotes=7 cost=$0.1291
1997-033 combo     cites=  9 exist=1.0 unres=0.0 quotes=10 cost=$0.1393
1998-085 baseline  cites=  7 exist=1.0 unres=0.0 quotes=7 cost=$0.1507
1998-085 combo     cites=  6 exist=1.0 unres=0.0 quotes=4 cost=$0.1596
1997-021 baseline  cites= 13 exist=0.7692 unres=0.0 quotes=8 cost=$0.1673
1997-021 combo     cites= 11 exist=0.9091 unres=0.0 quotes=10 cost=$0.1799
2005-087 baseline  cites=  9 exist=1.0 unres=0.0 quotes=6 cost=$0.1837
2005-087 combo     cites=  6 exist=1.0 unres=0.0 quotes=2 cost=$0.1868
{
  "baseline": {
    "drafts": 12,
    "abstained": 0,
    "citations_total": 96,
    "cite_verdicts": {
      "exists": 91,
      "not_found": 5
    },
    "existence_rate_pooled": 0.948,
    "quote_verdicts": {
      "accurate": 18,
      "near_miss": 13,
      "inaccurate": 22,
      "unverifiable": 4
    },
    "pin_verdicts": {
      "in_range": 59,
      "no_pin": 26,
      "out_of_range": 8,
      "case_unknown": 3
    },
    "temporal": {}
  },
  "combo": {
    "drafts": 12,
    "abstained": 0,
    "citations_total": 122,
    "cite_verdicts": {
      "exists": 120,
      "not_found": 2
    },
    "existence_rate_pooled": 0.984,
    "quote_verdicts": {
      "inaccurate": 39,
      "near_miss": 15,
      "accurate": 18,
      "unverifiable": 10
    },
    "pin_verdicts": {
      "in_range": 99,
      "case_unknown": 2,
      "no_pin": 9,
      "out_of_range": 11,
      "in_range_unbounded": 1
    },
    "temporal": {
      "checked": 122,
      "violated": 32
    }
  }
}
total cost $0.1868
2015-066 baseline  cites= 10 exist=1.0 unres=0.0 quotes=4 cost=$0.0064
2015-066 combo     cites=  7 exist=1.0 unres=0.0 quotes=3 cost=$0.0099
2015-038 baseline  cites= 11 exist=1.0 unres=0.0 quotes=8 cost=$0.0192
2015-038 combo     cites= 10 exist=0.9 unres=0.0 quotes=6 cost=$0.0293
2020-058 baseline  cites=  6 exist=0.8333 unres=0.0 quotes=6 cost=$0.0429
2020-058 combo     cites=  9 exist=1.0 unres=0.0 quotes=3 cost=$0.0487
2020-005 baseline  cites=  5 exist=1.0 unres=0.0 quotes=2 cost=$0.0568
2020-005 combo     cites=  6 exist=1.0 unres=0.0 quotes=5 cost=$0.0624
2018-070 baseline  cites= 11 exist=1.0 unres=0.0 quotes=9 cost=$0.0729
2018-070 combo     cites= 10 exist=1.0 unres=0.0 quotes=9 cost=$0.0791
2016-067 baseline  cites=  4 exist=0.75 unres=0.0 quotes=3 cost=$0.0873
2016-067 combo     cites= 10 exist=0.8 unres=0.0 quotes=1 cost=$0.0948
1999-033 baseline  cites=  8 exist=1.0 unres=0.0 quotes=10 cost=$0.1075
1999-033 combo     cites= 10 exist=1.0 unres=0.0 quotes=11 cost=$0.1118
1990-114 baseline  cites= 13 exist=1.0 unres=0.0 quotes=7 cost=$0.1246
1990-114 combo     cites= 13 exist=1.0 unres=0.0 quotes=1 cost=$0.1332
2020-012 baseline  cites=  9 exist=1.0 unres=0.0 quotes=4 cost=$0.1374
2020-012 combo     cites= 13 exist=1.0 unres=0.0 quotes=1 cost=$0.1479
2020-067 baseline  cites=  7 exist=0.5714 unres=0.0 quotes=6 cost=$0.1567
2020-067 combo     cites=  9 exist=1.0 unres=0.0 quotes=5 cost=$0.1629
2016-063 baseline  cites=  2 exist=1.0 unres=0.0 quotes=0 cost=$0.1709
2016-063 combo     cites=  8 exist=1.0 unres=0.0 quotes=2 cost=$0.1778
1994-059 baseline  cites=  7 exist=1.0 unres=0.0 quotes=6 cost=$0.1823
1994-059 combo     cites= 11 exist=0.9091 unres=0.0 quotes=2 cost=$0.1888
{
  "baseline": {
    "drafts": 12,
    "abstained": 0,
    "citations_total": 93,
    "cite_verdicts": {
      "exists": 88,
      "not_found": 5
    },
    "existence_rate_pooled": 0.946,
    "quote_verdicts": {
      "accurate": 14,
      "inaccurate": 24,
      "near_miss": 15,
      "unverifiable": 12
    },
    "pin_verdicts": {
      "in_range": 66,
      "no_pin": 21,
      "case_unknown": 4,
      "out_of_range": 2
    },
    "temporal": {}
  },
  "combo": {
    "drafts": 12,
    "abstained": 0,
    "citations_total": 116,
    "cite_verdicts": {
      "exists": 112,
      "not_found": 4
    },
    "existence_rate_pooled": 0.966,
    "quote_verdicts": {
      "inaccurate": 17,
      "near_miss": 8,
      "unverifiable": 20,
      "accurate": 4
    },
    "pin_verdicts": {
      "in_range": 76,
      "no_pin": 17,
      "out_of_range": 19,
      "case_unknown": 4
    },
    "temporal": {
      "checked": 116,
      "violated": 23
    }
  }
}
total cost $0.1888
2015-066 baseline  cites= 12 exist=1.0 unres=0.0 quotes=7 cost=$0.0401
2015-066 combo     cites= 10 exist=1.0 unres=0.0 quotes=2 cost=$0.0963
2015-038 baseline  cites=  4 exist=1.0 unres=0.0 quotes=6 cost=$0.1374
2015-038 combo     cites= 10 exist=1.0 unres=0.0 quotes=2 cost=$0.2054
2020-058 baseline  cites=  5 exist=1.0 unres=0.0 quotes=2 cost=$0.2475
2020-058 combo     cites= 10 exist=1.0 unres=0.0 quotes=1 cost=$0.3290
2020-005 baseline  cites=  5 exist=1.0 unres=0.0 quotes=4 cost=$0.3661
2020-005 combo     cites= 10 exist=1.0 unres=0.0 quotes=4 cost=$0.4040
2018-070 baseline  cites=  3 exist=1.0 unres=0.0 quotes=6 cost=$0.4605
2018-070 combo     cites=  9 exist=1.0 unres=0.0 quotes=5 cost=$0.5166
2016-067 baseline  cites=  2 exist=1.0 unres=0.0 quotes=4 cost=$0.5693
2016-067 combo     cites= 10 exist=1.0 unres=0.0 quotes=0 cost=$0.6213
1999-033 baseline  cites=  5 exist=1.0 unres=0.0 quotes=3 cost=$0.6616
1999-033 combo     cites=  9 exist=1.0 unres=0.0 quotes=8 cost=$0.7447
1990-114 baseline  cites=  8 exist=1.0 unres=0.0 quotes=6 cost=$0.7849
1990-114 combo     cites= 10 exist=1.0 unres=0.0 quotes=0 cost=$0.8335
2020-012 baseline  cites=  3 exist=1.0 unres=0.0 quotes=4 cost=$0.8759
2020-012 combo     cites= 10 exist=1.0 unres=0.0 quotes=1 cost=$0.9239
2020-067 baseline  cites=  6 exist=0.8333 unres=0.0 quotes=4 cost=$0.9796
2020-067 combo     cites=  8 exist=1.0 unres=0.0 quotes=0 cost=$1.0314
2016-063 baseline  cites=  3 exist=1.0 unres=0.0 quotes=4 cost=$1.0721
2016-063 combo     cites= 10 exist=1.0 unres=0.0 quotes=0 cost=$1.1279
1994-059 baseline  cites=  4 exist=1.0 unres=0.0 quotes=3 cost=$1.1841
1994-059 combo     cites=  8 exist=1.0 unres=0.0 quotes=4 cost=$1.2170
{
  "combo": {
    "drafts": 12,
    "abstained": 0,
    "citations_total": 114,
    "cite_verdicts": {
      "exists": 114
    },
    "existence_rate_pooled": 1.0,
    "quote_verdicts": {
      "unverifiable": 9,
      "near_miss": 7,
      "accurate": 6,
      "inaccurate": 5
    },
    "pin_verdicts": {
      "in_range": 89,
      "no_pin": 14,
      "out_of_range": 11
    },
    "temporal": {
      "checked": 114,
      "violated": 0
    }
  },
  "baseline": {
    "drafts": 12,
    "abstained": 0,
    "citations_total": 60,
    "cite_verdicts": {
      "exists": 59,
      "not_found": 1
    },
    "existence_rate_pooled": 0.983,
    "quote_verdicts": {
      "accurate": 21,
      "near_miss": 8,
      "inaccurate": 16,
      "unverifiable": 8
    },
    "pin_verdicts": {
      "in_range": 42,
      "no_pin": 16,
      "out_of_range": 2
    },
    "temporal": {}
  }
}
total cost $1.217
1992-109 baseline  cites=  9 exist=1.0 unres=0.0 quotes=4 cost=$0.0134
1992-109 combo     cites= 10 exist=1.0 unres=0.0 quotes=2 cost=$0.0681
2009-045 baseline  cites=  6 exist=1.0 unres=0.0 quotes=5 cost=$0.1510
2009-045 combo     cites= 10 exist=1.0 unres=0.0 quotes=7 cost=$0.2201
1997-046 baseline  cites=  5 exist=1.0 unres=0.0 quotes=4 cost=$0.2732
1997-046 combo     cites= 10 exist=1.0 unres=0.0 quotes=0 cost=$0.3011
2020-032 baseline  cites=  5 exist=1.0 unres=0.0 quotes=6 cost=$0.3793
2020-032 combo     cites= 10 exist=1.0 unres=0.0 quotes=5 cost=$0.4185
2015-055 baseline  cites=  6 exist=1.0 unres=0.0 quotes=3 cost=$0.4739
2015-055 combo     cites=  9 exist=1.0 unres=0.0 quotes=2 cost=$0.5303
2013-058 baseline  cites=  5 exist=1.0 unres=0.0 quotes=2 cost=$0.5807
2013-058 combo     cites= 10 exist=1.0 unres=0.0 quotes=5 cost=$0.6337
2014-024 baseline  cites=  3 exist=1.0 unres=0.0 quotes=3 cost=$0.6749
2014-024 combo     cites=  9 exist=1.0 unres=0.0 quotes=3 cost=$0.7159
1990-075 baseline  cites=  7 exist=1.0 unres=0.0 quotes=4 cost=$0.7716
1990-075 combo     cites= 12 exist=1.0 unres=0.0 quotes=0 cost=$0.8204
1997-033 baseline  cites=  4 exist=1.0 unres=0.0 quotes=3 cost=$0.8667
1997-033 combo     cites= 10 exist=1.0 unres=0.0 quotes=5 cost=$0.9140
1998-085 baseline  cites=  2 exist=1.0 unres=0.0 quotes=3 cost=$0.9662
1998-085 combo     cites= 10 exist=1.0 unres=0.0 quotes=10 cost=$1.0179
1997-021 baseline  cites=  5 exist=0.6 unres=0.0 quotes=3 cost=$1.0863
1997-021 combo     cites= 10 exist=1.0 unres=0.0 quotes=1 cost=$1.1423
2005-087 baseline  cites=  3 exist=1.0 unres=0.0 quotes=3 cost=$1.1917
2005-087 combo     cites= 10 exist=1.0 unres=0.0 quotes=1 cost=$1.2355
{
  "baseline": {
    "drafts": 12,
    "abstained": 0,
    "citations_total": 60,
    "cite_verdicts": {
      "exists": 58,
      "not_found": 2
    },
    "existence_rate_pooled": 0.967,
    "quote_verdicts": {
      "accurate": 19,
      "near_miss": 11,
      "inaccurate": 11,
      "unverifiable": 2
    },
    "pin_verdicts": {
      "in_range": 41,
      "no_pin": 17,
      "case_unknown": 2
    },
    "temporal": {}
  },
  "combo": {
    "drafts": 12,
    "abstained": 0,
    "citations_total": 120,
    "cite_verdicts": {
      "exists": 120
    },
    "existence_rate_pooled": 1.0,
    "quote_verdicts": {
      "accurate": 19,
      "inaccurate": 10,
      "unverifiable": 9,
      "near_miss": 3
    },
    "pin_verdicts": {
      "in_range": 92,
      "no_pin": 23,
      "out_of_range": 4,
      "in_range_unbounded": 1
    },
    "temporal": {
      "checked": 120,
      "violated": 0
    }
  }
}
total cost $1.2355
2019-024 baseline  cites=  5 exist=1.0 unres=0.0 quotes=2 cost=$0.0537
2019-024 combo     cites=  9 exist=1.0 unres=0.0 quotes=0 cost=$0.1108
2011-027 baseline  cites=  4 exist=1.0 unres=0.0 quotes=3 cost=$0.1636
2011-027 combo     cites= 10 exist=1.0 unres=0.0 quotes=2 cost=$0.1916
2016-001 baseline  cites=  6 exist=1.0 unres=0.0 quotes=5 cost=$0.2604
2016-001 combo     cites=  9 exist=1.0 unres=0.0 quotes=11 cost=$0.3146
2010-065 baseline  cites=  5 exist=1.0 unres=0.0 quotes=4 cost=$0.3535
2010-065 combo     cites= 11 exist=1.0 unres=0.0 quotes=3 cost=$0.4469
1997-044 baseline  cites=  5 exist=1.0 unres=0.0 quotes=5 cost=$0.5021
1997-044 combo     cites= 10 exist=1.0 unres=0.0 quotes=4 cost=$0.5567
2001-070 baseline  cites=  4 exist=1.0 unres=0.0 quotes=1 cost=$0.5931
2001-070 combo     cites= 10 exist=1.0 unres=0.0 quotes=1 cost=$0.6481
2000-087 baseline  cites=  4 exist=1.0 unres=0.0 quotes=5 cost=$0.7021
2000-087 combo     cites= 10 exist=1.0 unres=0.0 quotes=1 cost=$0.7580
2013-068 baseline  cites=  5 exist=1.0 unres=0.0 quotes=7 cost=$0.8063
2013-068 combo     cites=  9 exist=1.0 unres=0.0 quotes=0 cost=$0.8566
2020-060 baseline  cites=  3 exist=1.0 unres=0.0 quotes=3 cost=$0.9031
2020-060 combo     cites= 10 exist=1.0 unres=0.0 quotes=6 cost=$0.9532
2003-043 baseline  cites=  6 exist=1.0 unres=0.0 quotes=2 cost=$0.9917
2003-043 combo     cites= 10 exist=1.0 unres=0.0 quotes=2 cost=$1.0442
2010-026 baseline  cites=  4 exist=1.0 unres=0.0 quotes=7 cost=$1.0998
2010-026 combo     cites= 10 exist=1.0 unres=0.0 quotes=11 cost=$1.1572
2015-007 baseline  cites=  5 exist=1.0 unres=0.0 quotes=3 cost=$1.2043
2015-007 combo     cites= 10 exist=1.0 unres=0.0 quotes=5 cost=$1.2491
{
  "baseline": {
    "drafts": 12,
    "abstained": 0,
    "citations_total": 56,
    "cite_verdicts": {
      "exists": 56
    },
    "existence_rate_pooled": 1.0,
    "quote_verdicts": {
      "inaccurate": 12,
      "accurate": 11,
      "unverifiable": 11,
      "near_miss": 13
    },
    "pin_verdicts": {
      "in_range": 31,
      "no_pin": 23,
      "out_of_range": 2
    },
    "temporal": {}
  },
  "combo": {
    "drafts": 12,
    "abstained": 0,
    "citations_total": 118,
    "cite_verdicts": {
      "exists": 118
    },
    "existence_rate_pooled": 1.0,
    "quote_verdicts": {
      "near_miss": 6,
      "unverifiable": 17,
      "inaccurate": 7,
      "accurate": 16
    },
    "pin_verdicts": {
      "in_range": 71,
      "no_pin": 42,
      "out_of_range": 5
    },
    "temporal": {
      "checked": 118,
      "violated": 0
    }
  }
}
total cost $1.2491
2012-031 baseline  cites=  2 exist=1.0 unres=0.0 quotes=3 cost=$0.0261
2012-031 combo     cites= 10 exist=1.0 unres=0.0 quotes=0 cost=$0.0821
2011-010 baseline  cites=  4 exist=1.0 unres=0.0 quotes=7 cost=$0.1244
2011-010 combo     cites= 10 exist=1.0 unres=0.0 quotes=5 cost=$0.1778
2005-074 baseline  cites=  5 exist=1.0 unres=0.0 quotes=2 cost=$0.2338
2005-074 combo     cites= 10 exist=1.0 unres=0.0 quotes=2 cost=$0.2874
2001-013 baseline  cites=  4 exist=1.0 unres=0.0 quotes=2 cost=$0.3402
2001-013 combo     cites=  8 exist=1.0 unres=0.0 quotes=0 cost=$0.3904
1992-086 baseline  cites=  2 exist=1.0 unres=0.0 quotes=4 cost=$0.4310
1992-086 combo     cites=  9 exist=1.0 unres=0.0 quotes=8 cost=$0.5021
2010-046 baseline  cites=  3 exist=1.0 unres=0.0 quotes=4 cost=$0.5431
2010-046 combo     cites= 10 exist=1.0 unres=0.0 quotes=3 cost=$0.6073
2012-006 baseline  cites=  4 exist=1.0 unres=0.0 quotes=3 cost=$0.6894
2012-006 combo     cites=  9 exist=1.0 unres=0.0 quotes=3 cost=$0.7299
1998-026 baseline  cites=  4 exist=1.0 unres=0.0 quotes=3 cost=$0.7939
1998-026 combo     cites=  8 exist=1.0 unres=0.0 quotes=3 cost=$0.8430
1997-100 baseline  cites= 10 exist=1.0 unres=0.0 quotes=4 cost=$0.8894
1997-100 combo     cites= 10 exist=1.0 unres=0.0 quotes=0 cost=$0.9387
2000-071 baseline  cites=  5 exist=1.0 unres=0.0 quotes=5 cost=$1.0043
2000-071 combo     cites=  8 exist=1.0 unres=0.0 quotes=4 cost=$1.0590
2012-029 baseline  cites= 10 exist=1.0 unres=0.0 quotes=4 cost=$1.1136
2012-029 combo     cites=  9 exist=1.0 unres=0.0 quotes=0 cost=$1.1719
1999-051 baseline  cites=  3 exist=1.0 unres=0.0 quotes=2 cost=$1.2272
1999-051 combo     cites= 12 exist=1.0 unres=0.0 quotes=2 cost=$1.2590
{
  "baseline": {
    "drafts": 12,
    "abstained": 0,
    "citations_total": 56,
    "cite_verdicts": {
      "exists": 56
    },
    "existence_rate_pooled": 1.0,
    "quote_verdicts": {
      "accurate": 22,
      "inaccurate": 10,
      "near_miss": 10,
      "unverifiable": 1
    },
    "pin_verdicts": {
      "in_range": 33,
      "no_pin": 23
    },
    "temporal": {}
  },
  "combo": {
    "drafts": 12,
    "abstained": 0,
    "citations_total": 113,
    "cite_verdicts": {
      "exists": 113
    },
    "existence_rate_pooled": 1.0,
    "quote_verdicts": {
      "inaccurate": 11,
      "accurate": 13,
      "near_miss": 2,
      "unverifiable": 4
    },
    "pin_verdicts": {
      "in_range": 86,
      "no_pin": 21,
      "out_of_range": 6
    },
    "temporal": {
      "checked": 113,
      "violated": 0
    }
  }
}
total cost $1.259
2015-066 baseline  cites=  9 exist=1.0 unres=0.0 quotes=5 cost=$0.0036
2015-066 combo     cites=  7 exist=1.0 unres=0.0 quotes=9 cost=$0.0057
2015-038 baseline  cites=  5 exist=1.0 unres=0.0 quotes=3 cost=$0.0093
2015-038 combo     cites=  6 exist=1.0 unres=0.0 quotes=7 cost=$0.0115
2020-058 baseline  cites=  7 exist=1.0 unres=0.0 quotes=9 cost=$0.0143
2020-058 combo     cites=  8 exist=1.0 unres=0.0 quotes=14 cost=$0.0157
2020-005 baseline  cites=  4 exist=1.0 unres=0.0 quotes=6 cost=$0.0185
2020-005 combo     cites= 10 exist=1.0 unres=0.0 quotes=9 cost=$0.0213
2018-070 baseline  cites= 14 exist=1.0 unres=0.0 quotes=6 cost=$0.0240
2018-070 combo     cites=  7 exist=1.0 unres=0.0 quotes=9 cost=$0.0261
2016-067 baseline  cites=  2 exist=1.0 unres=0.0 quotes=3 cost=$0.0288
2016-067 combo     cites=  9 exist=1.0 unres=0.0 quotes=11 cost=$0.0302
1999-033 baseline  cites=  5 exist=0.8 unres=0.0 quotes=3 cost=$0.0321
1999-033 combo     cites=  7 exist=1.0 unres=0.0 quotes=9 cost=$0.0354
1990-114 baseline  cites=  8 exist=1.0 unres=0.0 quotes=9 cost=$0.0374
1990-114 combo     cites=  7 exist=1.0 unres=0.0 quotes=12 cost=$0.0402
2020-012 baseline  cites=  5 exist=1.0 unres=0.0 quotes=6 cost=$0.0426
2020-012 combo     cites=  9 exist=1.0 unres=0.0 quotes=14 cost=$0.0472
2020-067 baseline  cites=  6 exist=1.0 unres=0.1667 quotes=5 cost=$0.0486
2020-067 combo     cites=  9 exist=1.0 unres=0.0 quotes=9 cost=$0.0519
2016-063 baseline  cites=  4 exist=0.75 unres=0.0 quotes=1 cost=$0.0533
2016-063 combo     cites=  6 exist=1.0 unres=0.0 quotes=5 cost=$0.0561
1994-059 baseline  cites=  4 exist=1.0 unres=0.0 quotes=5 cost=$0.0589
1994-059 combo     cites=  6 exist=1.0 unres=0.0 quotes=13 cost=$0.0633
{
  "baseline": {
    "drafts": 12,
    "abstained": 0,
    "citations_total": 73,
    "cite_verdicts": {
      "exists": 70,
      "not_found": 2,
      "unresolvable": 1
    },
    "existence_rate_pooled": 0.972,
    "quote_verdicts": {
      "near_miss": 15,
      "inaccurate": 16,
      "accurate": 10,
      "unverifiable": 20
    },
    "pin_verdicts": {
      "no_pin": 28,
      "in_range": 38,
      "out_of_range": 5,
      "case_unknown": 1
    },
    "temporal": {}
  },
  "combo": {
    "drafts": 12,
    "abstained": 0,
    "citations_total": 91,
    "cite_verdicts": {
      "exists": 91
    },
    "existence_rate_pooled": 1.0,
    "quote_verdicts": {
      "inaccurate": 24,
      "near_miss": 15,
      "accurate": 21,
      "unverifiable": 61
    },
    "pin_verdicts": {
      "in_range": 56,
      "no_pin": 28,
      "out_of_range": 7
    },
    "temporal": {
      "checked": 91,
      "violated": 6
    }
  }
}
total cost $0.0633
2012-031 baseline  cites=  4 exist=0.75 unres=0.0 quotes=3 cost=$0.0021
2012-031 combo     cites= 10 exist=1.0 unres=0.0 quotes=11 cost=$0.0043
2011-010 baseline  cites=  7 exist=0.8571 unres=0.0 quotes=11 cost=$0.0072
2011-010 combo     cites=  8 exist=1.0 unres=0.0 quotes=9 cost=$0.0100
2005-074 baseline  cites=  5 exist=1.0 unres=0.0 quotes=7 cost=$0.0136
2005-074 combo     cites=  6 exist=1.0 unres=0.0 quotes=9 cost=$0.0165
2001-013 baseline  cites=  5 exist=1.0 unres=0.0 quotes=3 cost=$0.0191
2001-013 combo     cites=  9 exist=1.0 unres=0.0 quotes=6 cost=$0.0225
1992-086 baseline  cites=  6 exist=1.0 unres=0.0 quotes=6 cost=$0.0254
1992-086 combo     cites= 10 exist=1.0 unres=0.0 quotes=4 cost=$0.0281
2010-046 baseline  cites=  9 exist=0.8889 unres=0.0 quotes=9 cost=$0.0309
2010-046 combo     cites=  8 exist=1.0 unres=0.0 quotes=7 cost=$0.0335
2012-006 baseline  cites=  8 exist=1.0 unres=0.0 quotes=6 cost=$0.0361
2012-006 combo     cites=  9 exist=1.0 unres=0.0 quotes=12 cost=$0.0395
1998-026 baseline  cites=  8 exist=0.75 unres=0.0 quotes=4 cost=$0.0407
1998-026 combo     cites=  8 exist=1.0 unres=0.0 quotes=2 cost=$0.0431
1997-100 baseline  cites=  8 exist=1.0 unres=0.0 quotes=7 cost=$0.0459
1997-100 combo     cites=  7 exist=1.0 unres=0.0 quotes=14 cost=$0.0479
2000-071 baseline  cites=  5 exist=1.0 unres=0.0 quotes=8 cost=$0.0526
2000-071 combo     cites=  7 exist=1.0 unres=0.0 quotes=7 cost=$0.0547
2012-029 baseline  cites= 13 exist=0.9231 unres=0.0 quotes=6 cost=$0.0575
2012-029 combo     cites=  7 exist=1.0 unres=0.0 quotes=13 cost=$0.0610
1999-051 baseline  cites=  6 exist=1.0 unres=0.0 quotes=2 cost=$0.0615
1999-051 combo     cites=  8 exist=1.0 unres=0.0 quotes=11 cost=$0.0639
{
  "combo": {
    "drafts": 12,
    "abstained": 0,
    "citations_total": 97,
    "cite_verdicts": {
      "exists": 97
    },
    "existence_rate_pooled": 1.0,
    "quote_verdicts": {
      "near_miss": 16,
      "inaccurate": 33,
      "accurate": 24,
      "unverifiable": 32
    },
    "pin_verdicts": {
      "in_range": 46,
      "no_pin": 44,
      "out_of_range": 7
    },
    "temporal": {
      "checked": 97,
      "violated": 6
    }
  },
  "baseline": {
    "drafts": 12,
    "abstained": 0,
    "citations_total": 84,
    "cite_verdicts": {
      "exists": 78,
      "not_found": 6
    },
    "existence_rate_pooled": 0.929,
    "quote_verdicts": {
      "near_miss": 19,
      "unverifiable": 14,
      "inaccurate": 23,
      "accurate": 16
    },
    "pin_verdicts": {
      "in_range": 49,
      "no_pin": 26,
      "case_unknown": 5,
      "out_of_range": 4
    },
    "temporal": {}
  }
}
total cost $0.0639
1992-109 baseline  cites= 23 exist=1.0 unres=0.0 quotes=4 cost=$0.0014
1992-109 combo     cites=  9 exist=1.0 unres=0.0 quotes=11 cost=$0.0014
2009-045 baseline  cites=  9 exist=1.0 unres=0.0 quotes=6 cost=$0.0057
2009-045 combo     cites=  7 exist=1.0 unres=0.0 quotes=7 cost=$0.0086
1997-046 baseline  cites=  6 exist=1.0 unres=0.0 quotes=8 cost=$0.0121
1997-046 combo     cites= 10 exist=1.0 unres=0.0 quotes=13 cost=$0.0172
2020-032 baseline  cites=  7 exist=1.0 unres=0.1429 quotes=4 cost=$0.0199
2020-032 combo     cites=  9 exist=1.0 unres=0.0 quotes=9 cost=$0.0233
2015-055 baseline  cites=  7 exist=1.0 unres=0.0 quotes=7 cost=$0.0268
2015-055 combo     cites=  8 exist=1.0 unres=0.0 quotes=8 cost=$0.0295
2013-058 baseline  cites=  3 exist=1.0 unres=0.0 quotes=1 cost=$0.0314
2013-058 combo     cites=  8 exist=1.0 unres=0.0 quotes=10 cost=$0.0341
2014-024 baseline  cites=  2 exist=1.0 unres=0.0 quotes=3 cost=$0.0367
2014-024 combo     cites=  6 exist=1.0 unres=0.0 quotes=8 cost=$0.0388
1990-075 baseline  cites=  7 exist=1.0 unres=0.0 quotes=2 cost=$0.0414
1990-075 combo     cites=  8 exist=1.0 unres=0.0 quotes=6 cost=$0.0439
1997-033 baseline  cites=  7 exist=1.0 unres=0.0 quotes=8 cost=$0.0451
1997-033 combo     cites=  7 exist=1.0 unres=0.0 quotes=9 cost=$0.0499
1998-085 baseline  cites=  4 exist=1.0 unres=0.0 quotes=6 cost=$0.0512
1998-085 combo     cites=  9 exist=1.0 unres=0.0 quotes=15 cost=$0.0540
1997-021 baseline  cites= 16 exist=0.8 unres=0.0625 quotes=7 cost=$0.0568
1997-021 combo     cites=  9 exist=0.8889 unres=0.0 quotes=10 cost=$0.0596
2005-087 baseline  cites=  6 exist=1.0 unres=0.0 quotes=4 cost=$0.0619
2005-087 combo     cites=  8 exist=1.0 unres=0.0 quotes=7 cost=$0.0643
{
  "combo": {
    "drafts": 12,
    "abstained": 0,
    "citations_total": 98,
    "cite_verdicts": {
      "exists": 97,
      "not_found": 1
    },
    "existence_rate_pooled": 0.99,
    "quote_verdicts": {
      "near_miss": 17,
      "inaccurate": 36,
      "accurate": 30,
      "unverifiable": 30
    },
    "pin_verdicts": {
      "no_pin": 14,
      "in_range": 72,
      "out_of_range": 11,
      "case_unknown": 1
    },
    "temporal": {
      "checked": 98,
      "violated": 13
    }
  },
  "baseline": {
    "drafts": 12,
    "abstained": 0,
    "citations_total": 97,
    "cite_verdicts": {
      "exists": 92,
      "unresolvable": 2,
      "not_found": 3
    },
    "existence_rate_pooled": 0.968,
    "quote_verdicts": {
      "near_miss": 24,
      "inaccurate": 18,
      "unverifiable": 5,
      "accurate": 13
    },
    "pin_verdicts": {
      "in_range": 56,
      "no_pin": 33,
      "out_of_range": 4,
      "case_unknown": 3
    },
    "temporal": {}
  }
}
total cost $0.0643
2019-024 baseline  cites=  4 exist=1.0 unres=0.0 quotes=10 cost=$0.0036
2019-024 combo     cites=  7 exist=1.0 unres=0.0 quotes=4 cost=$0.0064
2011-027 baseline  cites=  8 exist=1.0 unres=0.0 quotes=5 cost=$0.0079
2011-027 combo     cites=  8 exist=1.0 unres=0.0 quotes=10 cost=$0.0107
2016-001 baseline  cites=  6 exist=1.0 unres=0.0 quotes=7 cost=$0.0128
2016-001 combo     cites=  7 exist=1.0 unres=0.0 quotes=10 cost=$0.0150
2010-065 baseline  cites= 12 exist=1.0 unres=0.0 quotes=8 cost=$0.0179
2010-065 combo     cites= 10 exist=1.0 unres=0.0 quotes=12 cost=$0.0206
1997-044 baseline  cites=  7 exist=0.8571 unres=0.0 quotes=4 cost=$0.0225
1997-044 combo     cites=  9 exist=1.0 unres=0.0 quotes=8 cost=$0.0247
2001-070 baseline  cites=  6 exist=1.0 unres=0.0 quotes=10 cost=$0.0274
2001-070 combo     cites=  7 exist=1.0 unres=0.0 quotes=12 cost=$0.0328
2000-087 baseline  cites=  2 exist=1.0 unres=0.0 quotes=0 cost=$0.0347
2000-087 combo     cites=  8 exist=1.0 unres=0.0 quotes=11 cost=$0.0381
2013-068 baseline  cites=  6 exist=1.0 unres=0.0 quotes=7 cost=$0.0421
2013-068 combo     cites= 12 exist=1.0 unres=0.0 quotes=0 cost=$0.0445
2020-060 baseline  cites=  5 exist=0.8 unres=0.0 quotes=6 cost=$0.0466
2020-060 combo     cites=  5 exist=1.0 unres=0.0 quotes=6 cost=$0.0493
2003-043 baseline  cites=  6 exist=0.8333 unres=0.0 quotes=6 cost=$0.0506
2003-043 combo     cites=  7 exist=0.8571 unres=0.0 quotes=6 cost=$0.0554
2010-026 baseline  cites=  7 exist=1.0 unres=0.0 quotes=11 cost=$0.0582
2010-026 combo     cites=  7 exist=1.0 unres=0.0 quotes=7 cost=$0.0603
2015-007 baseline  cites=  9 exist=0.8889 unres=0.0 quotes=9 cost=$0.0626
2015-007 combo     cites= 10 exist=1.0 unres=0.0 quotes=11 cost=$0.0650
{
  "combo": {
    "drafts": 12,
    "abstained": 0,
    "citations_total": 97,
    "cite_verdicts": {
      "exists": 96,
      "not_found": 1
    },
    "existence_rate_pooled": 0.99,
    "quote_verdicts": {
      "unverifiable": 51,
      "accurate": 24,
      "near_miss": 10,
      "inaccurate": 12
    },
    "pin_verdicts": {
      "no_pin": 43,
      "out_of_range": 13,
      "in_range": 40,
      "case_unknown": 1
    },
    "temporal": {
      "checked": 97,
      "violated": 15
    }
  },
  "baseline": {
    "drafts": 12,
    "abstained": 0,
    "citations_total": 78,
    "cite_verdicts": {
      "exists": 74,
      "not_found": 4
    },
    "existence_rate_pooled": 0.949,
    "quote_verdicts": {
      "inaccurate": 24,
      "unverifiable": 31,
      "accurate": 11,
      "near_miss": 17
    },
    "pin_verdicts": {
      "in_range": 52,
      "out_of_range": 7,
      "no_pin": 17,
      "case_unknown": 2
    },
    "temporal": {}
  }
}
total cost $0.065
2012-031 baseline  cites=  3 exist=1.0 unres=0.0 quotes=2 cost=$0.0038
2012-031 combo     cites= 12 exist=1.0 unres=0.0 quotes=0 cost=$0.0172
2011-010 baseline  cites=  5 exist=1.0 unres=0.0 quotes=2 cost=$0.0301
2011-010 combo     cites= 13 exist=1.0 unres=0.0 quotes=2 cost=$0.0494
2005-074 baseline  cites=  3 exist=0.6667 unres=0.0 quotes=2 cost=$0.0706
2005-074 combo     cites=  9 exist=1.0 unres=0.0 quotes=9 cost=$0.0740
2001-013 baseline  cites=  5 exist=1.0 unres=0.0 quotes=0 cost=$0.0790
2001-013 combo     cites= 11 exist=1.0 unres=0.0 quotes=0 cost=$0.0906
1992-086 baseline  cites=  5 exist=1.0 unres=0.0 quotes=1 cost=$0.1076
1992-086 combo     cites= 10 exist=1.0 unres=0.0 quotes=0 cost=$0.1303
2010-046 baseline  cites=  6 exist=1.0 unres=0.0 quotes=2 cost=$0.1340
2010-046 combo     cites= 11 exist=1.0 unres=0.0 quotes=1 cost=$0.1393
2012-006 baseline  cites=  5 exist=1.0 unres=0.0 quotes=0 cost=$0.1428
2012-006 combo     cites= 18 exist=1.0 unres=0.0 quotes=0 cost=$0.1507
1998-026 baseline  cites=  4 exist=1.0 unres=0.0 quotes=1 cost=$0.1561
1998-026 combo     cites=  7 exist=1.0 unres=0.0 quotes=1 cost=$0.1630
1997-100 baseline  cites=  7 exist=1.0 unres=0.0 quotes=2 cost=$0.1692
1997-100 combo     cites=  9 exist=1.0 unres=0.0 quotes=0 cost=$0.1812
2000-071 baseline  cites=  4 exist=1.0 unres=0.0 quotes=1 cost=$0.1989
2000-071 combo     cites= 16 exist=1.0 unres=0.0 quotes=4 cost=$0.2071
2012-029 baseline  cites=  6 exist=1.0 unres=0.0 quotes=0 cost=$0.2148
2012-029 combo     cites= 12 exist=1.0 unres=0.0 quotes=1 cost=$0.2259
1999-051 baseline  cites=  4 exist=1.0 unres=0.0 quotes=0 cost=$0.2321
1999-051 combo     cites= 10 exist=1.0 unres=0.0 quotes=0 cost=$0.2348
{
  "baseline": {
    "drafts": 12,
    "abstained": 0,
    "citations_total": 57,
    "cite_verdicts": {
      "exists": 56,
      "not_found": 1
    },
    "existence_rate_pooled": 0.982,
    "quote_verdicts": {
      "near_miss": 3,
      "accurate": 7,
      "inaccurate": 3
    },
    "pin_verdicts": {
      "in_range": 28,
      "no_pin": 27,
      "case_unknown": 1,
      "out_of_range": 1
    },
    "temporal": {}
  },
  "combo": {
    "drafts": 12,
    "abstained": 0,
    "citations_total": 138,
    "cite_verdicts": {
      "exists": 138
    },
    "existence_rate_pooled": 1.0,
    "quote_verdicts": {
      "accurate": 4,
      "near_miss": 2,
      "inaccurate": 10,
      "unverifiable": 2
    },
    "pin_verdicts": {
      "in_range": 21,
      "no_pin": 116,
      "out_of_range": 1
    },
    "temporal": {
      "checked": 138,
      "violated": 17
    }
  }
}
total cost $0.2348
2019-024 baseline  cites=  4 exist=1.0 unres=0.0 quotes=3 cost=$0.0098
2019-024 combo     cites= 11 exist=1.0 unres=0.0 quotes=3 cost=$0.0195
2011-027 baseline  cites=  8 exist=1.0 unres=0.0 quotes=0 cost=$0.0254
2011-027 combo     cites= 12 exist=1.0 unres=0.0 quotes=0 cost=$0.0367
2016-001 baseline  cites=  5 exist=1.0 unres=0.0 quotes=0 cost=$0.0406
2016-001 combo     cites= 11 exist=1.0 unres=0.0 quotes=2 cost=$0.0439
2010-065 baseline  cites=  9 exist=1.0 unres=0.0 quotes=3 cost=$0.0469
2010-065 combo     cites= 20 exist=1.0 unres=0.0 quotes=1 cost=$0.0525
1997-044 baseline  cites=  4 exist=1.0 unres=0.0 quotes=0 cost=$0.0643
1997-044 combo     cites= 16 exist=1.0 unres=0.0 quotes=5 cost=$0.0684
2001-070 baseline  cites=  4 exist=1.0 unres=0.0 quotes=1 cost=$0.0760
2001-070 combo     cites= 12 exist=1.0 unres=0.0 quotes=4 cost=$0.1032
2000-087 baseline  cites=  4 exist=1.0 unres=0.0 quotes=2 cost=$0.1200
2000-087 combo     cites= 10 exist=1.0 unres=0.0 quotes=1 cost=$0.1362
2013-068 baseline  cites=  4 exist=1.0 unres=0.0 quotes=0 cost=$0.1457
2013-068 combo     cites= 10 exist=1.0 unres=0.0 quotes=1 cost=$0.1537
2020-060 baseline  cites=  3 exist=1.0 unres=0.0 quotes=3 cost=$0.1603
2020-060 combo     cites=  7 exist=1.0 unres=0.0 quotes=2 cost=$0.1656
2003-043 baseline  cites=  4 exist=0.75 unres=0.0 quotes=1 cost=$0.1720
2003-043 combo     cites= 14 exist=0.9286 unres=0.0 quotes=2 cost=$0.2011
2010-026 baseline  cites=  3 exist=1.0 unres=0.0 quotes=5 cost=$0.2124
2010-026 combo     cites= 13 exist=1.0 unres=0.0 quotes=11 cost=$0.2198
2015-007 baseline  cites=  4 exist=1.0 unres=0.0 quotes=0 cost=$0.2432
2015-007 combo     cites= 10 exist=1.0 unres=0.0 quotes=0 cost=$0.2548
{
  "combo": {
    "drafts": 12,
    "abstained": 0,
    "citations_total": 146,
    "cite_verdicts": {
      "exists": 145,
      "not_found": 1
    },
    "existence_rate_pooled": 0.993,
    "quote_verdicts": {
      "unverifiable": 15,
      "inaccurate": 11,
      "accurate": 6
    },
    "pin_verdicts": {
      "no_pin": 120,
      "in_range": 21,
      "out_of_range": 4,
      "case_unknown": 1
    },
    "temporal": {
      "checked": 145,
      "violated": 6
    }
  },
  "baseline": {
    "drafts": 12,
    "abstained": 0,
    "citations_total": 56,
    "cite_verdicts": {
      "exists": 55,
      "not_found": 1
    },
    "existence_rate_pooled": 0.982,
    "quote_verdicts": {
      "inaccurate": 6,
      "unverifiable": 5,
      "near_miss": 2,
      "accurate": 5
    },
    "pin_verdicts": {
      "no_pin": 25,
      "in_range": 30,
      "case_unknown": 1
    },
    "temporal": {}
  }
}
total cost $0.2548
1992-109 baseline  cites=  3 exist=1.0 unres=0.0 quotes=3 cost=$0.0150
1992-109 combo     cites= 12 exist=1.0 unres=0.0 quotes=1 cost=$0.0277
2009-045 baseline  cites=  4 exist=1.0 unres=0.0 quotes=2 cost=$0.0345
2009-045 combo     cites=  9 exist=1.0 unres=0.0 quotes=0 cost=$0.0571
1997-046 baseline  cites=  5 exist=1.0 unres=0.0 quotes=0 cost=$0.0834
1997-046 combo     cites= 12 exist=1.0 unres=0.0 quotes=5 cost=$0.0946
2020-032 baseline  cites=  3 exist=1.0 unres=0.0 quotes=1 cost=$0.0967
2020-032 combo     cites= 11 exist=1.0 unres=0.0 quotes=2 cost=$0.1009
2015-055 baseline  cites=  6 exist=1.0 unres=0.0 quotes=2 cost=$0.1137
2015-055 combo     cites= 14 exist=1.0 unres=0.0 quotes=1 cost=$0.1179
2013-058 baseline  cites=  4 exist=0.75 unres=0.0 quotes=2 cost=$0.1279
2013-058 combo     cites=  8 exist=1.0 unres=0.0 quotes=0 cost=$0.1579
2014-024 baseline  cites=  6 exist=1.0 unres=0.0 quotes=1 cost=$0.1833
2014-024 combo     cites= 11 exist=1.0 unres=0.0 quotes=0 cost=$0.1903
1990-075 baseline  cites=  2 exist=1.0 unres=0.0 quotes=1 cost=$0.1938
1990-075 combo     cites= 16 exist=1.0 unres=0.0 quotes=0 cost=$0.1967
1997-033 baseline  cites=  5 exist=1.0 unres=0.0 quotes=4 cost=$0.2029
1997-033 combo     cites= 11 exist=1.0 unres=0.0 quotes=1 cost=$0.2229
1998-085 baseline  cites=  2 exist=1.0 unres=0.0 quotes=0 cost=$0.2304
1998-085 combo     cites= 14 exist=1.0 unres=0.0 quotes=12 cost=$0.2380
1997-021 baseline  cites=  7 exist=0.7143 unres=0.0 quotes=2 cost=$0.2410
1997-021 combo     cites= 11 exist=0.9091 unres=0.0 quotes=2 cost=$0.2469
2005-087 baseline  cites=  3 exist=1.0 unres=0.0 quotes=0 cost=$0.2526
2005-087 combo     cites=  8 exist=1.0 unres=0.0 quotes=0 cost=$0.2563
{
  "baseline": {
    "drafts": 12,
    "abstained": 0,
    "citations_total": 50,
    "cite_verdicts": {
      "exists": 47,
      "not_found": 3
    },
    "existence_rate_pooled": 0.94,
    "quote_verdicts": {
      "inaccurate": 7,
      "near_miss": 5,
      "accurate": 5,
      "unverifiable": 1
    },
    "pin_verdicts": {
      "no_pin": 28,
      "in_range": 17,
      "out_of_range": 3,
      "case_unknown": 2
    },
    "temporal": {}
  },
  "combo": {
    "drafts": 12,
    "abstained": 0,
    "citations_total": 137,
    "cite_verdicts": {
      "exists": 136,
      "not_found": 1
    },
    "existence_rate_pooled": 0.993,
    "quote_verdicts": {
      "inaccurate": 16,
      "near_miss": 3,
      "accurate": 2,
      "unverifiable": 3
    },
    "pin_verdicts": {
      "no_pin": 107,
      "in_range": 28,
      "out_of_range": 2
    },
    "temporal": {
      "checked": 137,
      "violated": 11
    }
  }
}
total cost $0.2563
2015-066 baseline  cites=  6 exist=1.0 unres=0.0 quotes=1 cost=$0.0068
2015-066 combo     cites=  9 exist=1.0 unres=0.0 quotes=0 cost=$0.0128
2015-038 baseline  cites=  5 exist=1.0 unres=0.0 quotes=1 cost=$0.0218
2015-038 combo     cites= 10 exist=1.0 unres=0.0 quotes=0 cost=$0.0323
2020-058 baseline  cites=  7 exist=0.8571 unres=0.0 quotes=5 cost=$0.0548
2020-058 combo     cites= 10 exist=1.0 unres=0.0 quotes=6 cost=$0.0614
2020-005 baseline  cites=  6 exist=1.0 unres=0.0 quotes=3 cost=$0.0812
2020-005 combo     cites= 13 exist=1.0 unres=0.0 quotes=2 cost=$0.0873
2018-070 baseline  cites=  6 exist=1.0 unres=0.0 quotes=2 cost=$0.1054
2018-070 combo     cites=  6 exist=1.0 unres=0.0 quotes=1 cost=$0.1115
2016-067 baseline  cites=  3 exist=1.0 unres=0.0 quotes=0 cost=$0.1222
2016-067 combo     cites= 11 exist=1.0 unres=0.0 quotes=0 cost=$0.1261
1999-033 baseline  cites=  5 exist=1.0 unres=0.0 quotes=3 cost=$0.1477
1999-033 combo     cites= 11 exist=1.0 unres=0.0 quotes=1 cost=$0.1741
1990-114 baseline  cites= 10 exist=1.0 unres=0.0 quotes=1 cost=$0.1781
1990-114 combo     cites= 13 exist=1.0 unres=0.0 quotes=9 cost=$0.1865
2020-012 baseline  cites=  7 exist=1.0 unres=0.0 quotes=1 cost=$0.2086
2020-012 combo     cites= 10 exist=1.0 unres=0.0 quotes=2 cost=$0.2166
2020-067 baseline  cites=  5 exist=1.0 unres=0.0 quotes=1 cost=$0.2282
2020-067 combo     cites=  9 exist=1.0 unres=0.0 quotes=0 cost=$0.2491
2016-063 baseline  cites=  3 exist=1.0 unres=0.0 quotes=0 cost=$0.2514
2016-063 combo     cites= 10 exist=1.0 unres=0.0 quotes=1 cost=$0.2587
1994-059 baseline  cites=  4 exist=1.0 unres=0.0 quotes=1 cost=$0.2607
1994-059 combo     cites= 11 exist=1.0 unres=0.0 quotes=0 cost=$0.2631
{
  "baseline": {
    "drafts": 12,
    "abstained": 0,
    "citations_total": 67,
    "cite_verdicts": {
      "exists": 66,
      "not_found": 1
    },
    "existence_rate_pooled": 0.985,
    "quote_verdicts": {
      "accurate": 7,
      "near_miss": 4,
      "unverifiable": 6,
      "inaccurate": 2
    },
    "pin_verdicts": {
      "no_pin": 43,
      "in_range": 23,
      "out_of_range": 1
    },
    "temporal": {}
  },
  "combo": {
    "drafts": 12,
    "abstained": 0,
    "citations_total": 123,
    "cite_verdicts": {
      "exists": 123
    },
    "existence_rate_pooled": 1.0,
    "quote_verdicts": {
      "unverifiable": 6,
      "inaccurate": 8,
      "near_miss": 4,
      "accurate": 4
    },
    "pin_verdicts": {
      "no_pin": 102,
      "in_range": 17,
      "out_of_range": 4
    },
    "temporal": {
      "checked": 123,
      "violated": 7
    }
  }
}
total cost $0.2631
2015-066 baseline  cites=  9 exist=1.0 unres=0.0 quotes=10 cost=$0.2018
2015-066 combo     cites=  9 exist=1.0 unres=0.0 quotes=2 cost=$0.2494
2015-038 baseline  cites=  5 exist=1.0 unres=0.0 quotes=6 cost=$0.2967
2015-038 combo     cites= 10 exist=1.0 unres=0.0 quotes=11 cost=$0.7573
2020-058 baseline  cites=  3 exist=1.0 unres=0.0 quotes=4 cost=$0.8570
2020-058 combo     cites=  7 exist=1.0 unres=0.0 quotes=7 cost=$1.2045
2020-005 baseline  cites=  8 exist=1.0 unres=0.0 quotes=6 cost=$1.3467
2020-005 combo     cites=  7 exist=1.0 unres=0.0 quotes=8 cost=$1.4707
2018-070 baseline  cites=  6 exist=1.0 unres=0.0 quotes=6 cost=$1.7099
2018-070 combo     cites= 10 exist=1.0 unres=0.0 quotes=8 cost=$1.9592
2016-067 baseline  cites=  3 exist=1.0 unres=0.0 quotes=4 cost=$2.0520
2016-067 combo     cites=  8 exist=1.0 unres=0.0 quotes=8 cost=$2.4244
1999-033 baseline  cites=  7 exist=1.0 unres=0.0 quotes=6 cost=$2.6460
1999-033 combo     cites=  9 exist=1.0 unres=0.0 quotes=8 cost=$3.0029
1990-114 baseline  cites=  5 exist=1.0 unres=0.0 quotes=4 cost=$3.0904
1990-114 combo     cites= 11 exist=1.0 unres=0.0 quotes=11 cost=$3.4235
2020-012 baseline  cites=  9 exist=1.0 unres=0.0 quotes=3 cost=$3.6368
2020-012 combo     cites=  7 exist=1.0 unres=0.0 quotes=5 cost=$3.7090
2020-067 baseline  cites=  4 exist=1.0 unres=0.0 quotes=2 cost=$3.7895
2020-067 combo     cites=  8 exist=1.0 unres=0.0 quotes=6 cost=$4.1608
2016-063 baseline  cites=  2 exist=1.0 unres=0.0 quotes=5 cost=$4.3261
2016-063 combo     cites=  8 exist=1.0 unres=0.0 quotes=4 cost=$4.5406
1994-059 baseline  cites=  4 exist=1.0 unres=0.0 quotes=6 cost=$4.7266
1994-059 combo     cites=  8 exist=1.0 unres=0.0 quotes=8 cost=$4.7753
{
  "combo": {
    "drafts": 12,
    "abstained": 0,
    "citations_total": 102,
    "cite_verdicts": {
      "exists": 102
    },
    "existence_rate_pooled": 1.0,
    "quote_verdicts": {
      "accurate": 29,
      "unverifiable": 33,
      "near_miss": 3,
      "inaccurate": 21
    },
    "pin_verdicts": {
      "no_pin": 90,
      "in_range": 12
    },
    "temporal": {
      "checked": 102,
      "violated": 1
    }
  },
  "baseline": {
    "drafts": 12,
    "abstained": 0,
    "citations_total": 65,
    "cite_verdicts": {
      "exists": 65
    },
    "existence_rate_pooled": 1.0,
    "quote_verdicts": {
      "accurate": 21,
      "near_miss": 5,
      "inaccurate": 12,
      "unverifiable": 24
    },
    "pin_verdicts": {
      "no_pin": 47,
      "in_range": 18
    },
    "temporal": {}
  }
}
total cost $4.7753
2012-031 baseline  cites=  6 exist=1.0 unres=0.0 quotes=7 cost=$0.0016
2012-031 combo     cites=  8 exist=1.0 unres=0.0 quotes=4 cost=$0.0083
2011-010 baseline  cites=  6 exist=1.0 unres=0.0 quotes=7 cost=$0.0159
2011-010 combo     cites= 12 exist=1.0 unres=0.0 quotes=10 cost=$0.0196
2005-074 baseline  cites=  8 exist=1.0 unres=0.0 quotes=5 cost=$0.0222
2005-074 combo     cites= 10 exist=1.0 unres=0.0 quotes=3 cost=$0.0250
2001-013 baseline  cites=  7 exist=1.0 unres=0.0 quotes=5 cost=$0.0439
2001-013 combo     cites=  8 exist=1.0 unres=0.0 quotes=4 cost=$0.0501
1992-086 baseline  cites=  4 exist=1.0 unres=0.0 quotes=5 cost=$0.0537
1992-086 combo     cites= 10 exist=1.0 unres=0.0 quotes=1 cost=$0.0546
2010-046 baseline  cites=  6 exist=1.0 unres=0.0 quotes=7 cost=$0.0558
2010-046 combo     cites=  8 exist=1.0 unres=0.0 quotes=8 cost=$0.0640
2012-006 baseline  cites= 12 exist=1.0 unres=0.0 quotes=1 cost=$0.0676
2012-006 combo     cites=  8 exist=1.0 unres=0.0 quotes=3 cost=$0.0701
1998-026 baseline  cites=  6 exist=1.0 unres=0.0 quotes=0 cost=$0.0721
1998-026 combo     cites= 11 exist=1.0 unres=0.0 quotes=0 cost=$0.0775
1997-100 baseline  cites= 10 exist=1.0 unres=0.0 quotes=3 cost=$0.0817
1997-100 combo     cites=  9 exist=1.0 unres=0.0 quotes=2 cost=$0.0874
2000-071 baseline  cites=  7 exist=1.0 unres=0.0 quotes=7 cost=$0.0890
2000-071 combo     cites=  9 exist=1.0 unres=0.0 quotes=5 cost=$0.0916
2012-029 baseline  cites=  8 exist=0.875 unres=0.0 quotes=3 cost=$0.0987
2012-029 combo     cites= 13 exist=1.0 unres=0.0 quotes=3 cost=$0.1086
1999-051 baseline  cites=  4 exist=1.0 unres=0.0 quotes=2 cost=$0.1109
1999-051 combo     cites=  9 exist=1.0 unres=0.0 quotes=2 cost=$0.1142
{
  "combo": {
    "drafts": 12,
    "abstained": 0,
    "citations_total": 115,
    "cite_verdicts": {
      "exists": 115
    },
    "existence_rate_pooled": 1.0,
    "quote_verdicts": {
      "near_miss": 9,
      "inaccurate": 9,
      "accurate": 22,
      "unverifiable": 5
    },
    "pin_verdicts": {
      "in_range": 104,
      "out_of_range": 6,
      "no_pin": 4,
      "in_range_unbounded": 1
    },
    "temporal": {
      "checked": 115,
      "violated": 3
    }
  },
  "baseline": {
    "drafts": 12,
    "abstained": 0,
    "citations_total": 84,
    "cite_verdicts": {
      "exists": 83,
      "not_found": 1
    },
    "existence_rate_pooled": 0.988,
    "quote_verdicts": {
      "accurate": 19,
      "near_miss": 17,
      "inaccurate": 10,
      "unverifiable": 6
    },
    "pin_verdicts": {
      "in_range": 68,
      "no_pin": 14,
      "out_of_range": 1,
      "case_unknown": 1
    },
    "temporal": {}
  }
}
total cost $0.1142
2019-024 baseline  cites=  5 exist=1.0 unres=0.0 quotes=3 cost=$0.1449
2019-024 combo     cites= 10 exist=1.0 unres=0.0 quotes=5 cost=$0.3868
2011-027 baseline  cites=  6 exist=1.0 unres=0.0 quotes=7 cost=$0.6424
2011-027 combo     cites= 11 exist=1.0 unres=0.0 quotes=4 cost=$1.1321
2016-001 baseline  cites=  6 exist=1.0 unres=0.0 quotes=10 cost=$1.2969
2016-001 combo     cites=  8 exist=1.0 unres=0.0 quotes=9 cost=$1.5294
2010-065 baseline  cites=  3 exist=1.0 unres=0.0 quotes=3 cost=$1.7699
2010-065 combo     cites=  7 exist=1.0 unres=0.0 quotes=6 cost=$2.2401
1997-044 baseline  cites=  7 exist=1.0 unres=0.0 quotes=10 cost=$2.2906
1997-044 combo     cites=  8 exist=1.0 unres=0.0 quotes=8 cost=$2.5912
2001-070 baseline  cites=  7 exist=1.0 unres=0.0 quotes=2 cost=$2.6922
2001-070 combo     cites=  8 exist=1.0 unres=0.0 quotes=11 cost=$2.8451
2000-087 baseline  cites=  8 exist=1.0 unres=0.0 quotes=6 cost=$3.2213
2000-087 combo     cites=  7 exist=1.0 unres=0.0 quotes=4 cost=$3.2674
2013-068 baseline  cites=  9 exist=1.0 unres=0.0 quotes=4 cost=$3.4723
2013-068 combo     cites= 10 exist=1.0 unres=0.0 quotes=3 cost=$3.9449
2020-060 baseline  cites=  5 exist=1.0 unres=0.0 quotes=4 cost=$4.0958
2020-060 combo     cites=  8 exist=1.0 unres=0.0 quotes=6 cost=$4.6442
2003-043 baseline  cites= 10 exist=1.0 unres=0.0 quotes=8 cost=$4.9049
2003-043 combo     cites= 10 exist=1.0 unres=0.0 quotes=5 cost=$5.0970
2010-026 baseline  cites=  5 exist=1.0 unres=0.0 quotes=10 cost=$5.1913
2010-026 combo     cites=  9 exist=1.0 unres=0.0 quotes=11 cost=$5.4501
2015-007 baseline  cites=  7 exist=1.0 unres=0.0 quotes=4 cost=$5.6848
2015-007 combo     cites=  9 exist=1.0 unres=0.0 quotes=8 cost=$5.8648
{
  "baseline": {
    "drafts": 12,
    "abstained": 0,
    "citations_total": 78,
    "cite_verdicts": {
      "exists": 78
    },
    "existence_rate_pooled": 1.0,
    "quote_verdicts": {
      "inaccurate": 16,
      "unverifiable": 27,
      "accurate": 22,
      "near_miss": 6
    },
    "pin_verdicts": {
      "in_range": 14,
      "no_pin": 63,
      "out_of_range": 1
    },
    "temporal": {}
  },
  "combo": {
    "drafts": 12,
    "abstained": 0,
    "citations_total": 105,
    "cite_verdicts": {
      "exists": 105
    },
    "existence_rate_pooled": 1.0,
    "quote_verdicts": {
      "unverifiable": 31,
      "inaccurate": 16,
      "accurate": 25,
      "near_miss": 8
    },
    "pin_verdicts": {
      "in_range": 18,
      "no_pin": 86,
      "out_of_range": 1
    },
    "temporal": {
      "checked": 105,
      "violated": 1
    }
  }
}
total cost $5.8648
1992-109 baseline  cites= 12 exist=1.0 unres=0.0 quotes=12 cost=$0.0951
1992-109 combo     cites= 11 exist=1.0 unres=0.0 quotes=6 cost=$0.4867
2009-045 baseline  cites=  6 exist=1.0 unres=0.0 quotes=13 cost=$0.6906
2009-045 combo     cites= 10 exist=1.0 unres=0.0 quotes=10 cost=$1.0393
1997-046 baseline  cites= 10 exist=1.0 unres=0.0 quotes=8 cost=$1.2516
1997-046 combo     cites= 10 exist=1.0 unres=0.0 quotes=8 cost=$1.6583
2020-032 baseline  cites=  6 exist=1.0 unres=0.0 quotes=1 cost=$1.8154
2020-032 combo     cites= 10 exist=1.0 unres=0.0 quotes=5 cost=$2.1371
2015-055 baseline  cites=  6 exist=1.0 unres=0.0 quotes=9 cost=$2.4987
2015-055 combo     cites= 10 exist=1.0 unres=0.0 quotes=8 cost=$2.7829
2013-058 baseline  cites=  5 exist=1.0 unres=0.0 quotes=6 cost=$3.0446
2013-058 combo     cites=  7 exist=1.0 unres=0.0 quotes=4 cost=$3.3448
2014-024 baseline  cites=  2 exist=1.0 unres=0.0 quotes=3 cost=$3.5986
2014-024 combo     cites= 11 exist=1.0 unres=0.0 quotes=3 cost=$4.0438
1990-075 baseline  cites=  7 exist=1.0 unres=0.0 quotes=7 cost=$4.2070
1990-075 combo     cites= 10 exist=1.0 unres=0.0 quotes=10 cost=$4.4743
1997-033 baseline  cites= 12 exist=1.0 unres=0.0 quotes=9 cost=$4.6838
1997-033 combo     cites=  8 exist=1.0 unres=0.0 quotes=7 cost=$4.8279
1998-085 baseline  cites=  3 exist=1.0 unres=0.0 quotes=3 cost=$5.0509
1998-085 combo     cites=  8 exist=1.0 unres=0.0 quotes=9 cost=$5.1424
1997-021 baseline  cites=  4 exist=1.0 unres=0.0 quotes=5 cost=$5.3485
1997-021 combo     cites= 10 exist=1.0 unres=0.0 quotes=7 cost=$5.6353
2005-087 baseline  cites=  6 exist=1.0 unres=0.0 quotes=3 cost=$5.7187
2005-087 combo     cites= 10 exist=1.0 unres=0.0 quotes=9 cost=$5.9014
{
  "baseline": {
    "drafts": 12,
    "abstained": 0,
    "citations_total": 79,
    "cite_verdicts": {
      "exists": 79
    },
    "existence_rate_pooled": 1.0,
    "quote_verdicts": {
      "inaccurate": 29,
      "accurate": 25,
      "near_miss": 15,
      "unverifiable": 10
    },
    "pin_verdicts": {
      "no_pin": 60,
      "in_range": 18,
      "out_of_range": 1
    },
    "temporal": {}
  },
  "combo": {
    "drafts": 12,
    "abstained": 0,
    "citations_total": 115,
    "cite_verdicts": {
      "exists": 115
    },
    "existence_rate_pooled": 1.0,
    "quote_verdicts": {
      "inaccurate": 29,
      "accurate": 32,
      "unverifiable": 17,
      "near_miss": 8
    },
    "pin_verdicts": {
      "no_pin": 95,
      "in_range": 18,
      "out_of_range": 1,
      "in_range_unbounded": 1
    },
    "temporal": {
      "checked": 115,
      "violated": 0
    }
  }
}
total cost $5.9014
2012-031 baseline  cites=  4 exist=1.0 unres=0.0 quotes=5 cost=$0.0460
2012-031 combo     cites=  8 exist=1.0 unres=0.0 quotes=7 cost=$0.5956
2011-010 baseline  cites=  7 exist=1.0 unres=0.0 quotes=7 cost=$0.8092
2011-010 combo     cites= 11 exist=1.0 unres=0.0 quotes=9 cost=$0.9084
2005-074 baseline  cites=  5 exist=1.0 unres=0.0 quotes=3 cost=$0.9552
2005-074 combo     cites=  8 exist=1.0 unres=0.0 quotes=8 cost=$1.4234
2001-013 baseline  cites=  6 exist=1.0 unres=0.0 quotes=6 cost=$1.5756
2001-013 combo     cites=  8 exist=1.0 unres=0.0 quotes=5 cost=$1.8894
1992-086 baseline  cites=  6 exist=1.0 unres=0.0 quotes=1 cost=$2.0056
1992-086 combo     cites=  8 exist=1.0 unres=0.0 quotes=2 cost=$2.3562
2010-046 baseline  cites=  5 exist=1.0 unres=0.0 quotes=8 cost=$2.5437
2010-046 combo     cites=  9 exist=1.0 unres=0.0 quotes=6 cost=$2.9271
2012-006 baseline  cites=  6 exist=1.0 unres=0.0 quotes=8 cost=$3.1563
2012-006 combo     cites=  9 exist=1.0 unres=0.0 quotes=11 cost=$3.5528
1998-026 baseline  cites=  4 exist=1.0 unres=0.0 quotes=3 cost=$3.6712
1998-026 combo     cites=  9 exist=1.0 unres=0.0 quotes=5 cost=$3.7441
1997-100 baseline  cites=  9 exist=1.0 unres=0.0 quotes=9 cost=$3.8393
1997-100 combo     cites=  9 exist=1.0 unres=0.0 quotes=7 cost=$4.2783
2000-071 baseline  cites=  8 exist=1.0 unres=0.0 quotes=9 cost=$4.3885
2000-071 combo     cites=  8 exist=1.0 unres=0.0 quotes=10 cost=$5.0048
2012-029 baseline  cites=  5 exist=1.0 unres=0.0 quotes=5 cost=$5.2737
2012-029 combo     cites= 11 exist=1.0 unres=0.0 quotes=6 cost=$5.5473
1999-051 baseline  cites=  7 exist=1.0 unres=0.0 quotes=0 cost=$5.7960
1999-051 combo     cites= 10 exist=1.0 unres=0.0 quotes=7 cost=$5.9772
{
  "baseline": {
    "drafts": 12,
    "abstained": 0,
    "citations_total": 72,
    "cite_verdicts": {
      "exists": 72
    },
    "existence_rate_pooled": 1.0,
    "quote_verdicts": {
      "accurate": 36,
      "inaccurate": 12,
      "near_miss": 10,
      "unverifiable": 6
    },
    "pin_verdicts": {
      "in_range": 16,
      "no_pin": 56
    },
    "temporal": {}
  },
  "combo": {
    "drafts": 12,
    "abstained": 0,
    "citations_total": 108,
    "cite_verdicts": {
      "exists": 108
    },
    "existence_rate_pooled": 1.0,
    "quote_verdicts": {
      "accurate": 31,
      "unverifiable": 21,
      "inaccurate": 21,
      "near_miss": 10
    },
    "pin_verdicts": {
      "no_pin": 86,
      "in_range": 22
    },
    "temporal": {
      "checked": 108,
      "violated": 3
    }
  }
}
total cost $5.9772
2019-024 baseline  cites=  4 exist=1.0 unres=0.0 quotes=3 cost=$0.0070
2019-024 combo     cites=  9 exist=1.0 unres=0.0 quotes=6 cost=$0.0099
2011-027 baseline  cites= 10 exist=1.0 unres=0.0 quotes=1 cost=$0.0169
2011-027 combo     cites= 10 exist=1.0 unres=0.0 quotes=1 cost=$0.0276
2016-001 baseline  cites=  6 exist=1.0 unres=0.0 quotes=6 cost=$0.0301
2016-001 combo     cites=  8 exist=1.0 unres=0.0 quotes=3 cost=$0.0354
2010-065 baseline  cites=  9 exist=1.0 unres=0.0 quotes=3 cost=$0.0378
2010-065 combo     cites=  9 exist=1.0 unres=0.0 quotes=11 cost=$0.0395
1997-044 baseline  cites=  6 exist=1.0 unres=0.0 quotes=4 cost=$0.0415
1997-044 combo     cites= 10 exist=1.0 unres=0.0 quotes=8 cost=$0.0600
2001-070 baseline  cites=  5 exist=1.0 unres=0.0 quotes=2 cost=$0.0613
2001-070 combo     cites= 16 exist=1.0 unres=0.0 quotes=7 cost=$0.0804
2000-087 baseline  cites=  1 exist=1.0 unres=0.0 quotes=2 cost=$0.1187
2000-087 combo     cites= 10 exist=1.0 unres=0.0 quotes=6 cost=$0.1214
2013-068 baseline  cites=  7 exist=1.0 unres=0.0 quotes=5 cost=$0.1249
2013-068 combo     cites= 10 exist=1.0 unres=0.0 quotes=13 cost=$0.1249
2020-060 baseline  cites=  7 exist=1.0 unres=0.0 quotes=5 cost=$0.1280
2020-060 combo     cites= 10 exist=1.0 unres=0.0 quotes=3 cost=$0.1302
2003-043 baseline  cites=  9 exist=1.0 unres=0.0 quotes=2 cost=$0.1318
2003-043 combo     cites= 12 exist=0.9167 unres=0.0 quotes=6 cost=$0.1353
2010-026 baseline  cites=  8 exist=1.0 unres=0.0 quotes=8 cost=$0.1388
2010-026 combo     cites=  5 exist=1.0 unres=0.0 quotes=12 cost=$0.1396
2015-007 baseline  cites= 11 exist=1.0 unres=0.0 quotes=5 cost=$0.1441
2015-007 combo     cites=  9 exist=1.0 unres=0.0 quotes=6 cost=$0.1457
{
  "baseline": {
    "drafts": 12,
    "abstained": 0,
    "citations_total": 83,
    "cite_verdicts": {
      "exists": 83
    },
    "existence_rate_pooled": 1.0,
    "quote_verdicts": {
      "unverifiable": 11,
      "accurate": 16,
      "inaccurate": 12,
      "near_miss": 7
    },
    "pin_verdicts": {
      "in_range": 47,
      "no_pin": 34,
      "out_of_range": 2
    },
    "temporal": {}
  },
  "combo": {
    "drafts": 12,
    "abstained": 0,
    "citations_total": 118,
    "cite_verdicts": {
      "exists": 117,
      "not_found": 1
    },
    "existence_rate_pooled": 0.992,
    "quote_verdicts": {
      "unverifiable": 28,
      "near_miss": 12,
      "accurate": 18,
      "inaccurate": 24
    },
    "pin_verdicts": {
      "in_range": 75,
      "no_pin": 31,
      "out_of_range": 11,
      "case_unknown": 1
    },
    "temporal": {
      "checked": 118,
      "violated": 4
    }
  }
}
total cost $0.1457
1992-109 baseline  cites=  7 exist=1.0 unres=0.0 quotes=4 cost=$0.0138
1992-109 combo     cites= 11 exist=1.0 unres=0.0 quotes=5 cost=$0.0206
2009-045 baseline  cites=  8 exist=1.0 unres=0.0 quotes=5 cost=$0.0234
2009-045 combo     cites=  8 exist=1.0 unres=0.0 quotes=10 cost=$0.0423
1997-046 baseline  cites=  5 exist=1.0 unres=0.0 quotes=4 cost=$0.0433
1997-046 combo     cites= 23 exist=1.0 unres=0.0 quotes=8 cost=$0.0484
2020-032 baseline  cites= 11 exist=1.0 unres=0.0 quotes=8 cost=$0.0521
2020-032 combo     cites= 10 exist=1.0 unres=0.0 quotes=3 cost=$0.0592
2015-055 baseline  cites= 11 exist=1.0 unres=0.3636 quotes=12 cost=$0.0667
2015-055 combo     cites=  9 exist=1.0 unres=0.0 quotes=9 cost=$0.0711
2013-058 baseline  cites=  7 exist=1.0 unres=0.0 quotes=4 cost=$0.0742
2013-058 combo     cites=  9 exist=1.0 unres=0.0 quotes=0 cost=$0.0994
2014-024 baseline  cites=  7 exist=1.0 unres=0.0 quotes=8 cost=$0.1014
2014-024 combo     cites= 12 exist=1.0 unres=0.0 quotes=6 cost=$0.1031
1990-075 baseline  cites=  6 exist=1.0 unres=0.0 quotes=5 cost=$0.1099
1990-075 combo     cites=  9 exist=1.0 unres=0.0 quotes=10 cost=$0.1119
1997-033 baseline  cites=  8 exist=1.0 unres=0.0 quotes=6 cost=$0.1127
1997-033 combo     cites= 10 exist=1.0 unres=0.0 quotes=3 cost=$0.1156
1998-085 baseline  cites=  5 exist=1.0 unres=0.0 quotes=7 cost=$0.1179
1998-085 combo     cites= 12 exist=1.0 unres=0.0 quotes=14 cost=$0.1204
1997-021 baseline  cites= 10 exist=0.7 unres=0.0 quotes=3 cost=$0.1232
1997-021 combo     cites= 10 exist=0.8 unres=0.0 quotes=8 cost=$0.1261
2005-087 baseline  cites=  6 exist=1.0 unres=0.0 quotes=3 cost=$0.1291
2005-087 combo     cites=  8 exist=1.0 unres=0.0 quotes=4 cost=$0.1462
{
  "combo": {
    "drafts": 12,
    "abstained": 0,
    "citations_total": 131,
    "cite_verdicts": {
      "exists": 129,
      "not_found": 2
    },
    "existence_rate_pooled": 0.985,
    "quote_verdicts": {
      "accurate": 30,
      "inaccurate": 23,
      "near_miss": 12,
      "unverifiable": 15
    },
    "pin_verdicts": {
      "in_range": 105,
      "out_of_range": 10,
      "no_pin": 16
    },
    "temporal": {
      "checked": 131,
      "violated": 9
    }
  },
  "baseline": {
    "drafts": 12,
    "abstained": 0,
    "citations_total": 91,
    "cite_verdicts": {
      "exists": 84,
      "unresolvable": 4,
      "not_found": 3
    },
    "existence_rate_pooled": 0.966,
    "quote_verdicts": {
      "near_miss": 20,
      "inaccurate": 25,
      "accurate": 23,
      "unverifiable": 1
    },
    "pin_verdicts": {
      "no_pin": 20,
      "in_range": 61,
      "out_of_range": 5,
      "case_unknown": 1
    },
    "temporal": {}
  }
}
total cost $0.1462
2015-066 baseline  cites= 13 exist=1.0 unres=0.0 quotes=6 cost=$0.0033
2015-066 combo     cites= 13 exist=1.0 unres=0.0 quotes=10 cost=$0.0284
2015-038 baseline  cites=  6 exist=1.0 unres=0.0 quotes=5 cost=$0.0318
2015-038 combo     cites=  9 exist=1.0 unres=0.0 quotes=4 cost=$0.0335
2020-058 baseline  cites=  4 exist=1.0 unres=0.0 quotes=3 cost=$0.0405
2020-058 combo     cites=  8 exist=1.0 unres=0.0 quotes=4 cost=$0.0466
2020-005 baseline  cites=  7 exist=1.0 unres=0.0 quotes=5 cost=$0.0621
2020-005 combo     cites=  9 exist=1.0 unres=0.0 quotes=7 cost=$0.0766
2018-070 baseline  cites=  7 exist=1.0 unres=0.0 quotes=5 cost=$0.0786
2018-070 combo     cites= 11 exist=1.0 unres=0.0 quotes=5 cost=$0.0797
2016-067 baseline  cites=  4 exist=1.0 unres=0.0 quotes=5 cost=$0.0832
2016-067 combo     cites= 10 exist=1.0 unres=0.0 quotes=15 cost=$0.0855
1999-033 baseline  cites= 10 exist=1.0 unres=0.0 quotes=10 cost=$0.0900
1999-033 combo     cites=  9 exist=1.0 unres=0.0 quotes=16 cost=$0.0942
1990-114 baseline  cites= 10 exist=1.0 unres=0.0 quotes=9 cost=$0.0952
1990-114 combo     cites=  9 exist=1.0 unres=0.0 quotes=8 cost=$0.0969
2020-012 baseline  cites= 11 exist=1.0 unres=0.0 quotes=10 cost=$0.1021
2020-012 combo     cites= 14 exist=1.0 unres=0.0 quotes=8 cost=$0.1059
2020-067 baseline  cites=  7 exist=1.0 unres=0.0 quotes=4 cost=$0.1326
2020-067 combo     cites=  8 exist=1.0 unres=0.0 quotes=0 cost=$0.1339
2016-063 baseline  cites=  4 exist=1.0 unres=0.0 quotes=2 cost=$0.1378
2016-063 combo     cites= 10 exist=1.0 unres=0.0 quotes=4 cost=$0.1415
1994-059 baseline  cites=  4 exist=1.0 unres=0.0 quotes=6 cost=$0.1430
1994-059 combo     cites= 12 exist=1.0 unres=0.0 quotes=12 cost=$0.1470
{
  "combo": {
    "drafts": 12,
    "abstained": 0,
    "citations_total": 122,
    "cite_verdicts": {
      "exists": 122
    },
    "existence_rate_pooled": 1.0,
    "quote_verdicts": {
      "accurate": 13,
      "near_miss": 6,
      "inaccurate": 21,
      "unverifiable": 53
    },
    "pin_verdicts": {
      "in_range": 95,
      "out_of_range": 13,
      "no_pin": 14
    },
    "temporal": {
      "checked": 122,
      "violated": 8
    }
  },
  "baseline": {
    "drafts": 12,
    "abstained": 0,
    "citations_total": 87,
    "cite_verdicts": {
      "exists": 87
    },
    "existence_rate_pooled": 1.0,
    "quote_verdicts": {
      "inaccurate": 15,
      "accurate": 27,
      "near_miss": 9,
      "unverifiable": 19
    },
    "pin_verdicts": {
      "in_range": 63,
      "no_pin": 24
    },
    "temporal": {}
  }
}
total cost $0.147
